Archive member included because of file (symbol)

c:/program files (x86)/microchip/xc32/v1.40/bin/bin/../../lib/gcc/pic32mx/4.8.3\libgcc.a(floatunsisf.o)
                              build/Catalyst_revA_PIC32MX350f128L/production/INTERRUPTS.o (__floatunsisf)
c:/program files (x86)/microchip/xc32/v1.40/bin/bin/../../lib/gcc/pic32mx/4.8.3/../../../../pic32mx/lib\libpic32.a(default-bootstrap-exception-handler.o)
                              c:/program files (x86)/microchip/xc32/v1.40/bin/bin/../../lib/gcc/pic32mx/4.8.3/../../../../pic32mx/lib/./proc/32MX350F128L/crt0_mips32r2.o (_bootstrap_exception_handler)
c:/program files (x86)/microchip/xc32/v1.40/bin/bin/../../lib/gcc/pic32mx/4.8.3/../../../../pic32mx/lib\libpic32.a(default-on-reset.o)
                              c:/program files (x86)/microchip/xc32/v1.40/bin/bin/../../lib/gcc/pic32mx/4.8.3/../../../../pic32mx/lib/./proc/32MX350F128L/crt0_mips32r2.o (_on_reset)
c:/program files (x86)/microchip/xc32/v1.40/bin/bin/../../lib/gcc/pic32mx/4.8.3/../../../../pic32mx/lib\libpic32.a(default-on-bootstrap.o)
                              c:/program files (x86)/microchip/xc32/v1.40/bin/bin/../../lib/gcc/pic32mx/4.8.3/../../../../pic32mx/lib/./proc/32MX350F128L/crt0_mips32r2.o (_on_bootstrap)
c:/program files (x86)/microchip/xc32/v1.40/bin/bin/../../lib/gcc/pic32mx/4.8.3/../../../../pic32mx/lib\libpic32.a(default-nmi-handler.o)
                              c:/program files (x86)/microchip/xc32/v1.40/bin/bin/../../lib/gcc/pic32mx/4.8.3/../../../../pic32mx/lib/./proc/32MX350F128L/crt0_mips32r2.o (_nmi_handler)
c:/program files (x86)/microchip/xc32/v1.40/bin/bin/../../lib/gcc/pic32mx/4.8.3/../../../../pic32mx/lib\libpic32.a(general-exception.o)
                              c:/program files (x86)/microchip/xc32/v1.40/bin/bin/../../lib/gcc/pic32mx/4.8.3/../../../../pic32mx/lib/./proc/32MX350F128L/crt0_mips32r2.o (_general_exception_context)
c:/program files (x86)/microchip/xc32/v1.40/bin/bin/../../lib/gcc/pic32mx/4.8.3/../../../../pic32mx/lib\libpic32.a(vector0.o)
                              c:/program files (x86)/microchip/xc32/v1.40/bin/bin/../../lib/gcc/pic32mx/4.8.3/../../../../pic32mx/lib/./proc/32MX350F128L\default_isr_vectors.o (__vector_dispatch_0)
c:/program files (x86)/microchip/xc32/v1.40/bin/bin/../../lib/gcc/pic32mx/4.8.3/../../../../pic32mx/lib\libpic32.a(vector1.o)
                              c:/program files (x86)/microchip/xc32/v1.40/bin/bin/../../lib/gcc/pic32mx/4.8.3/../../../../pic32mx/lib/./proc/32MX350F128L\default_isr_vectors.o (__vector_dispatch_1)
c:/program files (x86)/microchip/xc32/v1.40/bin/bin/../../lib/gcc/pic32mx/4.8.3/../../../../pic32mx/lib\libpic32.a(vector2.o)
                              c:/program files (x86)/microchip/xc32/v1.40/bin/bin/../../lib/gcc/pic32mx/4.8.3/../../../../pic32mx/lib/./proc/32MX350F128L\default_isr_vectors.o (__vector_dispatch_2)
c:/program files (x86)/microchip/xc32/v1.40/bin/bin/../../lib/gcc/pic32mx/4.8.3/../../../../pic32mx/lib\libpic32.a(vector5.o)
                              c:/program files (x86)/microchip/xc32/v1.40/bin/bin/../../lib/gcc/pic32mx/4.8.3/../../../../pic32mx/lib/./proc/32MX350F128L\default_isr_vectors.o (__vector_dispatch_5)
c:/program files (x86)/microchip/xc32/v1.40/bin/bin/../../lib/gcc/pic32mx/4.8.3/../../../../pic32mx/lib\libpic32.a(vector6.o)
                              c:/program files (x86)/microchip/xc32/v1.40/bin/bin/../../lib/gcc/pic32mx/4.8.3/../../../../pic32mx/lib/./proc/32MX350F128L\default_isr_vectors.o (__vector_dispatch_6)
c:/program files (x86)/microchip/xc32/v1.40/bin/bin/../../lib/gcc/pic32mx/4.8.3/../../../../pic32mx/lib\libpic32.a(vector9.o)
                              c:/program files (x86)/microchip/xc32/v1.40/bin/bin/../../lib/gcc/pic32mx/4.8.3/../../../../pic32mx/lib/./proc/32MX350F128L\default_isr_vectors.o (__vector_dispatch_9)
c:/program files (x86)/microchip/xc32/v1.40/bin/bin/../../lib/gcc/pic32mx/4.8.3/../../../../pic32mx/lib\libpic32.a(vector10.o)
                              c:/program files (x86)/microchip/xc32/v1.40/bin/bin/../../lib/gcc/pic32mx/4.8.3/../../../../pic32mx/lib/./proc/32MX350F128L\default_isr_vectors.o (__vector_dispatch_10)
c:/program files (x86)/microchip/xc32/v1.40/bin/bin/../../lib/gcc/pic32mx/4.8.3/../../../../pic32mx/lib\libpic32.a(vector13.o)
                              c:/program files (x86)/microchip/xc32/v1.40/bin/bin/../../lib/gcc/pic32mx/4.8.3/../../../../pic32mx/lib/./proc/32MX350F128L\default_isr_vectors.o (__vector_dispatch_13)
c:/program files (x86)/microchip/xc32/v1.40/bin/bin/../../lib/gcc/pic32mx/4.8.3/../../../../pic32mx/lib\libpic32.a(vector14.o)
                              c:/program files (x86)/microchip/xc32/v1.40/bin/bin/../../lib/gcc/pic32mx/4.8.3/../../../../pic32mx/lib/./proc/32MX350F128L\default_isr_vectors.o (__vector_dispatch_14)
c:/program files (x86)/microchip/xc32/v1.40/bin/bin/../../lib/gcc/pic32mx/4.8.3/../../../../pic32mx/lib\libpic32.a(vector17.o)
[...]
Memory Configuration

Name             Origin             Length             Attributes
kseg0_program_mem 0x9d000000         0x00020000         xr
kseg0_boot_mem   0x9fc00490         0x00000970
exception_mem    0x9fc01000         0x00001000
kseg1_boot_mem   0xbfc00000         0x00000490
debug_exec_mem   0xbfc02000         0x00000ff0
config3          0xbfc02ff0         0x00000004
config2          0xbfc02ff4         0x00000004
config1          0xbfc02ff8         0x00000004
config0          0xbfc02ffc         0x00000004
kseg1_data_mem   0xa0000000         0x00008000         w !x
sfrs             0xbf800000         0x00100000
configsfrs       0xbfc02ff0         0x00000010
*default*        0x00000000         0xffffffff

Linker script and memory map

LOAD c:/program files (x86)/microchip/xc32/v1.40/bin/bin/../../lib/gcc/pic32mx/4.8.3/../../../../pic32mx/lib/./proc/32MX350F128L/crt0_mips32r2.o
LOAD c:/program files (x86)/microchip/xc32/v1.40/bin/bin/../../lib/gcc/pic32mx/4.8.3/../../../../pic32mx/lib\debug-exception-return.o
LOAD build/Catalyst_revA_PIC32MX350f128L/production/CONFIGURATION.o
LOAD build/Catalyst_revA_PIC32MX350f128L/production/main.o
LOAD build/Catalyst_revA_PIC32MX350f128L/production/SYSTEM.o
LOAD build/Catalyst_revA_PIC32MX350f128L/production/EXCEPTIONS.o
LOAD build/Catalyst_revA_PIC32MX350f128L/production/INTERRUPTS.o
LOAD build/Catalyst_revA_PIC32MX350f128L/production/USER.o
LOAD build/Catalyst_revA_PIC32MX350f128L/production/MISC.o
LOAD build/Catalyst_revA_PIC32MX350f128L/production/DMA.o
LOAD build/Catalyst_revA_PIC32MX350f128L/production/UART.o
LOAD build/Catalyst_revA_PIC32MX350f128L/production/ADC.o
LOAD build/Catalyst_revA_PIC32MX350f128L/production/TIMERS.o
LOAD build/Catalyst_revA_PIC32MX350f128L/production/PWM.o
LOAD build/Catalyst_revA_PIC32MX350f128L/production/FLASH.o
LOAD build/Catalyst_revA_PIC32MX350f128L/production/POWER.o
LOAD build/Catalyst_revA_PIC32MX350f128L/production/SPI.o
LOAD build/Catalyst_revA_PIC32MX350f128L/production/RTCC.o
LOAD build/Catalyst_revA_PIC32MX350f128L/production/I2C.o
LOAD build/Catalyst_revA_PIC32MX350f128L/production/EXPAND_RF.o
LOAD build/Catalyst_revA_PIC32MX350f128L/production/EXPAND_IR.o
LOAD build/Catalyst_revA_PIC32MX350f128L/production/CMD.o
                0x00000001                __MPLAB_BUILD = 0x1
LOAD c:/program files (x86)/microchip/xc32/v1.40/bin/bin/../../lib/gcc/pic32mx/4.8.3/../../../../pic32mx/lib/./proc/32MX350F128L\default_isr_vectors.o
LOAD c:/program files (x86)/microchip/xc32/v1.40/bin/bin/../../lib/gcc/pic32mx/4.8.3/../../../../pic32mx/lib\pic32_software_reset.o
                0x00000400                PROVIDE (_min_stack_size, 0x400)
LOAD c:/program files (x86)/microchip/xc32/v1.40/bin/bin/../../lib/gcc/pic32mx/4.8.3/../../../../pic32mx/lib/./proc/32MX350F128L\processor.o
START GROUP
LOAD c:/program files (x86)/microchip/xc32/v1.40/bin/bin/../../lib/gcc/pic32mx/4.8.3/../../../../pic32mx/lib\libmchp_peripheral.a
END GROUP
START GROUP
LOAD c:/program files (x86)/microchip/xc32/v1.40/bin/bin/../../lib/gcc/pic32mx/4.8.3/../../../../pic32mx/lib\libmchp_peripheral_32MX350F128L.a
END GROUP
                0x00000001                PROVIDE (_vector_spacing, 0x1)
                0x9fc01000                _ebase_address = 0x9fc01000
                0xbfc00000                _RESET_ADDR = 0xbfc00000
                0xbfc00380                _BEV_EXCPT_ADDR = 0xbfc00380
                0xbfc00480                _DBG_EXCPT_ADDR = 0xbfc00480
                0xbfc02000                _DBG_CODE_ADDR = 0xbfc02000
                0x00000ff0                _DBG_CODE_SIZE = 0xff0
                0x9fc01180                _GEN_EXCPT_ADDR = (_ebase_address + 0x180)

.config_BFC02FF0
                0xbfc02ff0        0x4
 *(.config_BFC02FF0)
 .config_BFC02FF0
                0xbfc02ff0        0x4 build/Catalyst_revA_PIC32MX350f128L/production/CONFIGURATION.o

.config_BFC02FF4
                0xbfc02ff4        0x4
 *(.config_BFC02FF4)
 .config_BFC02FF4
                0xbfc02ff4        0x4 build/Catalyst_revA_PIC32MX350f128L/production/CONFIGURATION.o

.config_BFC02FF8
                0xbfc02ff8        0x4
 *(.config_BFC02FF8)
 .config_BFC02FF8
                0xbfc02ff8        0x4 build/Catalyst_revA_PIC32MX350f128L/production/CONFIGURATION.o

.config_BFC02FFC
                0xbfc02ffc        0x4
 *(.config_BFC02FFC)
 .config_BFC02FFC
                0xbfc02ffc        0x4 build/Catalyst_revA_PIC32MX350f128L/production/CONFIGURATION.o
                0xbfc02000                PROVIDE (_DBG_CODE_ADDR, 0xbfc02000)
                0x00000ff0                PROVIDE (_DBG_CODE_SIZE, 0xff0)

.reset          0xbfc00000      0x1f4
 *(.reset)
 .reset         0xbfc00000        0x8 c:/program files (x86)/microchip/xc32/v1.40/bin/bin/../../lib/gcc/pic32mx/4.8.3/../../../../pic32mx/lib/./proc/32MX350F128L/crt0_mips32r2.o
                0xbfc00000                _reset
 *(.reset.startup)
 .reset.startup
                0xbfc00008      0x1ec c:/program files (x86)/microchip/xc32/v1.40/bin/bin/../../lib/gcc/pic32mx/4.8.3/../../../../pic32mx/lib/./proc/32MX350F128L/crt0_mips32r2.o

.bev_excpt      0xbfc00380       0x10
 *(.bev_handler)
 .bev_handler   0xbfc00380       0x10 c:/program files (x86)/microchip/xc32/v1.40/bin/bin/../../lib/gcc/pic32mx/4.8.3/../../../../pic32mx/lib/./proc/32MX350F128L/crt0_mips32r2.o

.dbg_excpt      0xbfc00480        0x0
                0xbfc00480                . = (. + DEFINED (_DEBUGGER)?0x8:0x0)

.dbg_code       0xbfc02000        0x0
                0xbfc02000                . = (. + DEFINED (_DEBUGGER)?_DBG_CODE_SIZE:0x0)

.app_excpt      0x9fc01180       0x10
 *(.gen_handler)
 .gen_handler   0x9fc01180       0x10 c:/program files (x86)/microchip/xc32/v1.40/bin/bin/../../lib/gcc/pic32mx/4.8.3/../../../../pic32mx/lib/./proc/32MX350F128L/crt0_mips32r2.o

.vector_0       0x9fc01200        0x8
 *(.vector_0)
 .vector_0      0x9fc01200        0x8 c:/program files (x86)/microchip/xc32/v1.40/bin/bin/../../lib/gcc/pic32mx/4.8.3/../../../../pic32mx/lib\libpic32.a(vector0.o)
                0x9fc01200                __vector_dispatch_0
                0x00000001                ASSERT (((_vector_spacing == 0x0) || (SIZEOF (.vector_0) <= (_vector_spacing << 0x5))), function at exception vector 0 too large)

.vector_1       0x9fc01220        0x8
 *(.vector_1)
 .vector_1      0x9fc01220        0x8 c:/program files (x86)/microchip/xc32/v1.40/bin/bin/../../lib/gcc/pic32mx/4.8.3/../../../../pic32mx/lib\libpic32.a(vector1.o)
                0x9fc01220                __vector_dispatch_1
                0x00000001                ASSERT (((_vector_spacing == 0x0) || (SIZEOF (.vector_1) <= (_vector_spacing << 0x5))), function at exception vector 1 too large)

.vector_2       0x9fc01240        0x8
 *(.vector_2)
 .vector_2      0x9fc01240        0x8 c:/program files (x86)/microchip/xc32/v1.40/bin/bin/../../lib/gcc/pic32mx/4.8.3/../../../../pic32mx/lib\libpic32.a(vector2.o)
                0x9fc01240                __vector_dispatch_2
                0x00000001                ASSERT (((_vector_spacing == 0x0) || (SIZEOF (.vector_2) <= (_vector_spacing << 0x5))), function at exception vector 2 too large)

.vector_3       0x9fc01260        0x8
 *(.vector_3)
 .vector_3      0x9fc01260        0x8 build/Catalyst_revA_PIC32MX350f128L/production/INTERRUPTS.o
                0x9fc01260                __vector_dispatch_3
                0x00000001                ASSERT (((_vector_spacing == 0x0) || (SIZEOF (.vector_3) <= (_vector_spacing << 0x5))), function at exception vector 3 too large)

.vector_4       0x9fc01280        0x8
 *(.vector_4)
 .vector_4      0x9fc01280        0x8 build/Catalyst_revA_PIC32MX350f128L/production/INTERRUPTS.o
                0x9fc01280                __vector_dispatch_4
                0x00000001                ASSERT (((_vector_spacing == 0x0) || (SIZEOF (.vector_4) <= (_vector_spacing << 0x5))), function at exception vector 4 too large)

.vector_5       0x9fc012a0        0x8
 *(.vector_5)
 .vector_5      0x9fc012a0        0x8 c:/program files (x86)/microchip/xc32/v1.40/bin/bin/../../lib/gcc/pic32mx/4.8.3/../../../../pic32mx/lib\libpic32.a(vector5.o)
                0x9fc012a0                __vector_dispatch_5
                0x00000001                ASSERT (((_vector_spacing == 0x0) || (SIZEOF (.vector_5) <= (_vector_spacing << 0x5))), function at exception vector 5 too large)

.vector_6       0x9fc012c0        0x8
 *(.vector_6)
 .vector_6      0x9fc012c0        0x8 c:/program files (x86)/microchip/xc32/v1.40/bin/bin/../../lib/gcc/pic32mx/4.8.3/../../../../pic32mx/lib\libpic32.a(vector6.o)
                0x9fc012c0                __vector_dispatch_6
                0x00000001                ASSERT (((_vector_spacing == 0x0) || (SIZEOF (.vector_6) <= (_vector_spacing << 0x5))), function at exception vector 6 too large)

.vector_7       0x9fc012e0        0x8
 *(.vector_7)
 .vector_7      0x9fc012e0        0x8 build/Catalyst_revA_PIC32MX350f128L/production/INTERRUPTS.o
                0x9fc012e0                __vector_dispatch_7
                0x00000001                ASSERT (((_vector_spacing == 0x0) || (SIZEOF (.vector_7) <= (_vector_spacing << 0x5))), function at exception vector 7 too large)

.vector_8       0x9fc01300        0x8
 *(.vector_8)
 .vector_8      0x9fc01300        0x8 build/Catalyst_revA_PIC32MX350f128L/production/INTERRUPTS.o
                0x9fc01300                __vector_dispatch_8
                0x00000001                ASSERT (((_vector_spacing == 0x0) || (SIZEOF (.vector_8) <= (_vector_spacing << 0x5))), function at exception vector 8 too large)

.vector_9       0x9fc01320        0x8
 *(.vector_9)
 .vector_9      0x9fc01320        0x8 c:/program files (x86)/microchip/xc32/v1.40/bin/bin/../../lib/gcc/pic32mx/4.8.3/../../../../pic32mx/lib\libpic32.a(vector9.o)
                0x9fc01320                __vector_dispatch_9
                0x00000001                ASSERT (((_vector_spacing == 0x0) || (SIZEOF (.vector_9) <= (_vector_spacing << 0x5))), function at exception vector 9 too large)

.vector_10      0x9fc01340        0x8
 *(.vector_10)
 .vector_10     0x9fc01340        0x8 c:/program files (x86)/microchip/xc32/v1.40/bin/bin/../../lib/gcc/pic32mx/4.8.3/../../../../pic32mx/lib\libpic32.a(vector10.o)
                0x9fc01340                __vector_dispatch_10
                0x00000001                ASSERT (((_vector_spacing == 0x0) || (SIZEOF (.vector_10) <= (_vector_spacing << 0x5))), function at exception vector 10 too large)

.vector_11      0x9fc01360        0x8
 *(.vector_11)
 .vector_11     0x9fc01360        0x8 build/Catalyst_revA_PIC32MX350f128L/production/INTERRUPTS.o
                0x9fc01360                __vector_dispatch_11
                0x00000001                ASSERT (((_vector_spacing == 0x0) || (SIZEOF (.vector_11) <= (_vector_spacing << 0x5))), function at exception vector 11 too large)

.vector_12      0x9fc01380        0x8
 *(.vector_12)
 .vector_12     0x9fc01380        0x8 build/Catalyst_revA_PIC32MX350f128L/production/INTERRUPTS.o
                0x9fc01380                __vector_dispatch_12
                0x00000001                ASSERT (((_vector_spacing == 0x0) || (SIZEOF (.vector_12) <= (_vector_spacing << 0x5))), function at exception vector 12 too large)

.vector_13      0x9fc013a0        0x8
 *(.vector_13)
 .vector_13     0x9fc013a0        0x8 c:/program files (x86)/microchip/xc32/v1.40/bin/bin/../../lib/gcc/pic32mx/4.8.3/../../../../pic32mx/lib\libpic32.a(vector13.o)
                0x9fc013a0                __vector_dispatch_13
                0x00000001                ASSERT (((_vector_spacing == 0x0) || (SIZEOF (.vector_13) <= (_vector_spacing << 0x5))), function at exception vector 13 too large)

.vector_14      0x9fc013c0        0x8
 *(.vector_14)
 .vector_14     0x9fc013c0        0x8 c:/program files (x86)/microchip/xc32/v1.40/bin/bin/../../lib/gcc/pic32mx/4.8.3/../../../../pic32mx/lib\libpic32.a(vector14.o)
                0x9fc013c0                __vector_dispatch_14
                0x00000001                ASSERT (((_vector_spacing == 0x0) || (SIZEOF (.vector_14) <= (_vector_spacing << 0x5))), function at exception vector 14 too large)

.vector_15      0x9fc013e0        0x8
 *(.vector_15)
 .vector_15     0x9fc013e0        0x8 build/Catalyst_revA_PIC32MX350f128L/production/INTERRUPTS.o
                0x9fc013e0                __vector_dispatch_15
                0x00000001                ASSERT (((_vector_spacing == 0x0) || (SIZEOF (.vector_15) <= (_vector_spacing << 0x5))), function at exception vector 15 too large)

.vector_16      0x9fc01400        0x8
 *(.vector_16)
 .vector_16     0x9fc01400        0x8 build/Catalyst_revA_PIC32MX350f128L/production/INTERRUPTS.o
                0x9fc01400                __vector_dispatch_16
                0x00000001                ASSERT (((_vector_spacing == 0x0) || (SIZEOF (.vector_16) <= (_vector_spacing << 0x5))), function at exception vector 16 too large)

.vector_17      0x9fc01420        0x8
 *(.vector_17)
 .vector_17     0x9fc01420        0x8 c:/program files (x86)/microchip/xc32/v1.40/bin/bin/../../lib/gcc/pic32mx/4.8.3/../../../../pic32mx/lib\libpic32.a(vector17.o)
                0x9fc01420                __vector_dispatch_17
                0x00000001                ASSERT (((_vector_spacing == 0x0) || (SIZEOF (.vector_17) <= (_vector_spacing << 0x5))), function at exception vector 17 too large)

.vector_18      0x9fc01440        0x8
 *(.vector_18)
 .vector_18     0x9fc01440        0x8 c:/program files (x86)/microchip/xc32/v1.40/bin/bin/../../lib/gcc/pic32mx/4.8.3/../../../../pic32mx/lib\libpic32.a(vector18.o)
                0x9fc01440                __vector_dispatch_18
                0x00000001                ASSERT (((_vector_spacing == 0x0) || (SIZEOF (.vector_18) <= (_vector_spacing << 0x5))), function at exception vector 18 too large)

.vector_19      0x9fc01460        0x8
 *(.vector_19)
 .vector_19     0x9fc01460        0x8 c:/program files (x86)/microchip/xc32/v1.40/bin/bin/../../lib/gcc/pic32mx/4.8.3/../../../../pic32mx/lib\libpic32.a(vector19.o)
                0x9fc01460                __vector_dispatch_19
                0x00000001                ASSERT (((_vector_spacing == 0x0) || (SIZEOF (.vector_19) <= (_vector_spacing << 0x5))), function at exception vector 19 too large)

.vector_20      0x9fc01480        0x8
 *(.vector_20)
 .vector_20     0x9fc01480        0x8 build/Catalyst_revA_PIC32MX350f128L/production/INTERRUPTS.o
                0x9fc01480                __vector_dispatch_20
                0x00000001                ASSERT (((_vector_spacing == 0x0) || (SIZEOF (.vector_20) <= (_vector_spacing << 0x5))), function at exception vector 20 too large)

.vector_21      0x9fc014a0        0x8
 *(.vector_21)
 .vector_21     0x9fc014a0        0x8 c:/program files (x86)/microchip/xc32/v1.40/bin/bin/../../lib/gcc/pic32mx/4.8.3/../../../../pic32mx/lib\libpic32.a(vector21.o)
                0x9fc014a0                __vector_dispatch_21
                0x00000001                ASSERT (((_vector_spacing == 0x0) || (SIZEOF (.vector_21) <= (_vector_spacing << 0x5))), function at exception vector 21 too large)

.vector_22      0x9fc014c0        0x8
 *(.vector_22)
 .vector_22     0x9fc014c0        0x8 c:/program files (x86)/microchip/xc32/v1.40/bin/bin/../../lib/gcc/pic32mx/4.8.3/../../../../pic32mx/lib\libpic32.a(vector22.o)
                0x9fc014c0                __vector_dispatch_22
                0x00000001                ASSERT (((_vector_spacing == 0x0) || (SIZEOF (.vector_22) <= (_vector_spacing << 0x5))), function at exception vector 22 too large)

.vector_23      0x9fc014e0        0x8
 *(.vector_23)
 .vector_23     0x9fc014e0        0x8 build/Catalyst_revA_PIC32MX350f128L/production/INTERRUPTS.o
                0x9fc014e0                __vector_dispatch_23
                0x00000001                ASSERT (((_vector_spacing == 0x0) || (SIZEOF (.vector_23) <= (_vector_spacing << 0x5))), function at exception vector 23 too large)

.vector_24      0x9fc01500        0x8
 *(.vector_24)
 .vector_24     0x9fc01500        0x8 c:/program files (x86)/microchip/xc32/v1.40/bin/bin/../../lib/gcc/pic32mx/4.8.3/../../../../pic32mx/lib\libpic32.a(vector24.o)
                0x9fc01500                __vector_dispatch_24
                0x00000001                ASSERT (((_vector_spacing == 0x0) || (SIZEOF (.vector_24) <= (_vector_spacing << 0x5))), function at exception vector 24 too large)

.vector_25      0x9fc01520        0x8
 *(.vector_25)
 .vector_25     0x9fc01520        0x8 build/Catalyst_revA_PIC32MX350f128L/production/INTERRUPTS.o
                0x9fc01520                __vector_dispatch_25
                0x00000001                ASSERT (((_vector_spacing == 0x0) || (SIZEOF (.vector_25) <= (_vector_spacing << 0x5))), function at exception vector 25 too large)

.vector_26      0x9fc01540        0x8
 *(.vector_26)
 .vector_26     0x9fc01540        0x8 c:/program files (x86)/microchip/xc32/v1.40/bin/bin/../../lib/gcc/pic32mx/4.8.3/../../../../pic32mx/lib\libpic32.a(vector26.o)
                0x9fc01540                __vector_dispatch_26
                0x00000001                ASSERT (((_vector_spacing == 0x0) || (SIZEOF (.vector_26) <= (_vector_spacing << 0x5))), function at exception vector 26 too large)

.vector_27      0x9fc01560        0x8
 *(.vector_27)
 .vector_27     0x9fc01560        0x8 c:/program files (x86)/microchip/xc32/v1.40/bin/bin/../../lib/gcc/pic32mx/4.8.3/../../../../pic32mx/lib\libpic32.a(vector27.o)
                0x9fc01560                __vector_dispatch_27
                0x00000001                ASSERT (((_vector_spacing == 0x0) || (SIZEOF (.vector_27) <= (_vector_spacing << 0x5))), function at exception vector 27 too large)

.vector_28      0x9fc01580        0x8
 *(.vector_28)
 .vector_28     0x9fc01580        0x8 c:/program files (x86)/microchip/xc32/v1.40/bin/bin/../../lib/gcc/pic32mx/4.8.3/../../../../pic32mx/lib\libpic32.a(vector28.o)
                0x9fc01580                __vector_dispatch_28
                0x00000001                ASSERT (((_vector_spacing == 0x0) || (SIZEOF (.vector_28) <= (_vector_spacing << 0x5))), function at exception vector 28 too large)

.vector_29      0x9fc015a0        0x8
 *(.vector_29)
 .vector_29     0x9fc015a0        0x8 c:/program files (x86)/microchip/xc32/v1.40/bin/bin/../../lib/gcc/pic32mx/4.8.3/../../../../pic32mx/lib\libpic32.a(vector29.o)
                0x9fc015a0                __vector_dispatch_29
                0x00000001                ASSERT (((_vector_spacing == 0x0) || (SIZEOF (.vector_29) <= (_vector_spacing << 0x5))), function at exception vector 29 too large)

.vector_30      0x9fc015c0        0x8
 *(.vector_30)
 .vector_30     0x9fc015c0        0x8 c:/program files (x86)/microchip/xc32/v1.40/bin/bin/../../lib/gcc/pic32mx/4.8.3/../../../../pic32mx/lib\libpic32.a(vector30.o)
                0x9fc015c0                __vector_dispatch_30
                0x00000001                ASSERT (((_vector_spacing == 0x0) || (SIZEOF (.vector_30) <= (_vector_spacing << 0x5))), function at exception vector 30 too large)

.vector_31      0x9fc015e0        0x8
 *(.vector_31)
 .vector_31     0x9fc015e0        0x8 build/Catalyst_revA_PIC32MX350f128L/production/INTERRUPTS.o
                0x9fc015e0                __vector_dispatch_31
                0x00000001                ASSERT (((_vector_spacing == 0x0) || (SIZEOF (.vector_31) <= (_vector_spacing << 0x5))), function at exception vector 31 too large)

.vector_32      0x9fc01600        0x8
 *(.vector_32)
 .vector_32     0x9fc01600        0x8 build/Catalyst_revA_PIC32MX350f128L/production/INTERRUPTS.o
                0x9fc01600                __vector_dispatch_32
                0x00000001                ASSERT (((_vector_spacing == 0x0) || (SIZEOF (.vector_32) <= (_vector_spacing << 0x5))), function at exception vector 32 too large)

.vector_33      0x9fc01620        0x8
 *(.vector_33)
 .vector_33     0x9fc01620        0x8 c:/program files (x86)/microchip/xc32/v1.40/bin/bin/../../lib/gcc/pic32mx/4.8.3/../../../../pic32mx/lib\libpic32.a(vector33.o)
                0x9fc01620                __vector_dispatch_33
                0x00000001                ASSERT (((_vector_spacing == 0x0) || (SIZEOF (.vector_33) <= (_vector_spacing << 0x5))), function at exception vector 33 too large)

.vector_34      0x9fc01640        0x8
 *(.vector_34)
 .vector_34     0x9fc01640        0x8 c:/program files (x86)/microchip/xc32/v1.40/bin/bin/../../lib/gcc/pic32mx/4.8.3/../../../../pic32mx/lib\libpic32.a(vector34.o)
                0x9fc01640                __vector_dispatch_34
                0x00000001                ASSERT (((_vector_spacing == 0x0) || (SIZEOF (.vector_34) <= (_vector_spacing << 0x5))), function at exception vector 34 too large)

.vector_35      0x9fc01660        0x8
 *(.vector_35)
 .vector_35     0x9fc01660        0x8 build/Catalyst_revA_PIC32MX350f128L/production/INTERRUPTS.o
                0x9fc01660                __vector_dispatch_35
                0x00000001                ASSERT (((_vector_spacing == 0x0) || (SIZEOF (.vector_35) <= (_vector_spacing << 0x5))), function at exception vector 35 too large)

.vector_36      0x9fc01680        0x8
 *(.vector_36)
 .vector_36     0x9fc01680        0x8 build/Catalyst_revA_PIC32MX350f128L/production/INTERRUPTS.o
                0x9fc01680                __vector_dispatch_36
                0x00000001                ASSERT (((_vector_spacing == 0x0) || (SIZEOF (.vector_36) <= (_vector_spacing << 0x5))), function at exception vector 36 too large)

.vector_37      0x9fc016a0        0x8
 *(.vector_37)
 .vector_37     0x9fc016a0        0x8 build/Catalyst_revA_PIC32MX350f128L/production/INTERRUPTS.o
                0x9fc016a0                __vector_dispatch_37
                0x00000001                ASSERT (((_vector_spacing == 0x0) || (SIZEOF (.vector_37) <= (_vector_spacing << 0x5))), function at exception vector 37 too large)

.vector_38      0x9fc016c0        0x8
 *(.vector_38)
 .vector_38     0x9fc016c0        0x8 build/Catalyst_revA_PIC32MX350f128L/production/INTERRUPTS.o
                0x9fc016c0                __vector_dispatch_38
                0x00000001                ASSERT (((_vector_spacing == 0x0) || (SIZEOF (.vector_38) <= (_vector_spacing << 0x5))), function at exception vector 38 too large)

.vector_39      0x9fc016e0        0x8
 *(.vector_39)
 .vector_39     0x9fc016e0        0x8 build/Catalyst_revA_PIC32MX350f128L/production/INTERRUPTS.o
                0x9fc016e0                __vector_dispatch_39
                0x00000001                ASSERT (((_vector_spacing == 0x0) || (SIZEOF (.vector_39) <= (_vector_spacing << 0x5))), function at exception vector 39 too large)

.vector_40      0x9fc01700        0x8
 *(.vector_40)
 .vector_40     0x9fc01700        0x8 c:/program files (x86)/microchip/xc32/v1.40/bin/bin/../../lib/gcc/pic32mx/4.8.3/../../../../pic32mx/lib\libpic32.a(vector40.o)
                0x9fc01700                __vector_dispatch_40
                0x00000001                ASSERT (((_vector_spacing == 0x0) || (SIZEOF (.vector_40) <= (_vector_spacing << 0x5))), function at exception vector 40 too large)

.vector_41      0x9fc01720        0x8
 *(.vector_41)
 .vector_41     0x9fc01720        0x8 c:/program files (x86)/microchip/xc32/v1.40/bin/bin/../../lib/gcc/pic32mx/4.8.3/../../../../pic32mx/lib\libpic32.a(vector41.o)
                0x9fc01720                __vector_dispatch_41
                0x00000001                ASSERT (((_vector_spacing == 0x0) || (SIZEOF (.vector_41) <= (_vector_spacing << 0x5))), function at exception vector 41 too large)

.vector_42      0x9fc01740        0x8
 *(.vector_42)
 .vector_42     0x9fc01740        0x8 build/Catalyst_revA_PIC32MX350f128L/production/INTERRUPTS.o
                0x9fc01740                __vector_dispatch_42
                0x00000001                ASSERT (((_vector_spacing == 0x0) || (SIZEOF (.vector_42) <= (_vector_spacing << 0x5))), function at exception vector 42 too large)

.vector_43      0x9fc01760        0x8
 *(.vector_43)
 .vector_43     0x9fc01760        0x8 build/Catalyst_revA_PIC32MX350f128L/production/INTERRUPTS.o
                0x9fc01760                __vector_dispatch_43
                0x00000001                ASSERT (((_vector_spacing == 0x0) || (SIZEOF (.vector_43) <= (_vector_spacing << 0x5))), function at exception vector 43 too large)

.vector_44      0x9fc01780        0x8
 *(.vector_44)
 .vector_44     0x9fc01780        0x8 build/Catalyst_revA_PIC32MX350f128L/production/INTERRUPTS.o
                0x9fc01780                __vector_dispatch_44
                0x00000001                ASSERT (((_vector_spacing == 0x0) || (SIZEOF (.vector_44) <= (_vector_spacing << 0x5))), function at exception vector 44 too large)

.vector_45      0x9fc017a0        0x8
 *(.vector_45)
 .vector_45     0x9fc017a0        0x8 build/Catalyst_revA_PIC32MX350f128L/production/INTERRUPTS.o
                0x9fc017a0                __vector_dispatch_45
                0x00000001                ASSERT (((_vector_spacing == 0x0) || (SIZEOF (.vector_45) <= (_vector_spacing << 0x5))), function at exception vector 45 too large)

.vector_46      0x9fc017c0        0x0
 *(.vector_46)
                0x00000001                ASSERT (((_vector_spacing == 0x0) || (SIZEOF (.vector_46) <= (_vector_spacing << 0x5))), function at exception vector 46 too large)

.vector_47      0x9fc017e0        0x0
 *(.vector_47)
                0x00000001                ASSERT (((_vector_spacing == 0x0) || (SIZEOF (.vector_47) <= (_vector_spacing << 0x5))), function at exception vector 47 too large)

.vector_48      0x9fc01800        0x0
 *(.vector_48)
                0x00000001                ASSERT (((_vector_spacing == 0x0) || (SIZEOF (.vector_48) <= (_vector_spacing << 0x5))), function at exception vector 48 too large)

.vector_49      0x9fc01820        0x0
 *(.vector_49)
                0x00000001                ASSERT (((_vector_spacing == 0x0) || (SIZEOF (.vector_49) <= (_vector_spacing << 0x5))), function at exception vector 49 too large)

.vector_50      0x9fc01840        0x0
 *(.vector_50)
                0x00000001                ASSERT (((_vector_spacing == 0x0) || (SIZEOF (.vector_50) <= (_vector_spacing << 0x5))), function at exception vector 50 too large)

.vector_51      0x9fc01860        0x0
 *(.vector_51)
                0x00000001                ASSERT (((_vector_spacing == 0x0) || (SIZEOF (.vector_51) <= (_vector_spacing << 0x5))), function at exception vector 51 too large)

.vector_52      0x9fc01880        0x0
 *(.vector_52)
                0x00000001                ASSERT (((_vector_spacing == 0x0) || (SIZEOF (.vector_52) <= (_vector_spacing << 0x5))), function at exception vector 52 too large)

.vector_53      0x9fc018a0        0x0
 *(.vector_53)
                0x00000001                ASSERT (((_vector_spacing == 0x0) || (SIZEOF (.vector_53) <= (_vector_spacing << 0x5))), function at exception vector 53 too large)

.vector_54      0x9fc018c0        0x0
 *(.vector_54)
                0x00000001                ASSERT (((_vector_spacing == 0x0) || (SIZEOF (.vector_54) <= (_vector_spacing << 0x5))), function at exception vector 54 too large)

.vector_55      0x9fc018e0        0x0
 *(.vector_55)
                0x00000001                ASSERT (((_vector_spacing == 0x0) || (SIZEOF (.vector_55) <= (_vector_spacing << 0x5))), function at exception vector 55 too large)

.vector_56      0x9fc01900        0x0
 *(.vector_56)
                0x00000001                ASSERT (((_vector_spacing == 0x0) || (SIZEOF (.vector_56) <= (_vector_spacing << 0x5))), function at exception vector 56 too large)

.vector_57      0x9fc01920        0x0
 *(.vector_57)
                0x00000001                ASSERT (((_vector_spacing == 0x0) || (SIZEOF (.vector_57) <= (_vector_spacing << 0x5))), function at exception vector 57 too large)

.vector_58      0x9fc01940        0x0
 *(.vector_58)
                0x00000001                ASSERT (((_vector_spacing == 0x0) || (SIZEOF (.vector_58) <= (_vector_spacing << 0x5))), function at exception vector 58 too large)

.vector_59      0x9fc01960        0x0
 *(.vector_59)
                0x00000001                ASSERT (((_vector_spacing == 0x0) || (SIZEOF (.vector_59) <= (_vector_spacing << 0x5))), function at exception vector 59 too large)

.vector_60      0x9fc01980        0x0
 *(.vector_60)
                0x00000001                ASSERT (((_vector_spacing == 0x0) || (SIZEOF (.vector_60) <= (_vector_spacing << 0x5))), function at exception vector 60 too large)

.vector_61      0x9fc019a0        0x0
 *(.vector_61)
                0x00000001                ASSERT (((_vector_spacing == 0x0) || (SIZEOF (.vector_61) <= (_vector_spacing << 0x5))), function at exception vector 61 too large)

.vector_62      0x9fc019c0        0x0
 *(.vector_62)
                0x00000001                ASSERT (((_vector_spacing == 0x0) || (SIZEOF (.vector_62) <= (_vector_spacing << 0x5))), function at exception vector 62 too large)

.vector_63      0x9fc019e0        0x0
 *(.vector_63)
                0x00000001                ASSERT (((_vector_spacing == 0x0) || (SIZEOF (.vector_63) <= (_vector_spacing << 0x5))), function at exception vector 63 too large)

.startup
 *(.startup)

.text           0x9d000000        0x0
 *(.stub .gnu.linkonce.t.*)
 *(.text.*personality*)
 *(.mips16.fn.*)
 *(.mips16.call.*)
 *(.gnu.warning)
                0x9d000000                . = ALIGN (0x4)

.init           0x9d000000        0x0
 *crti.o(.init)
 *crtbegin.o(.init)
 *(EXCLUDE_FILE(*crtn.o *crtend?.o *crtend.o) .init)
 *crtend.o(.init)
 *crtn.o(.init)
                0x9d000000                . = ALIGN (0x4)

.fini           0x9d000000        0x0
 *(.fini)
                0x9d000000                . = ALIGN (0x4)

.preinit_array  0x9d000000        0x0
                0x9d000000                PROVIDE (__preinit_array_start, .)
 *(.preinit_array)
                0x9d000000                PROVIDE (__preinit_array_end, .)
                0x9d000000                . = ALIGN (0x4)

.init_array     0x9d000000        0x0
                0x9d000000                PROVIDE (__init_array_start, .)
 *(SORT(.init_array.*))
 *(.init_array)
                0x9d000000                PROVIDE (__init_array_end, .)
                0x9d000000                . = ALIGN (0x4)

.fini_array     0x9d000000        0x0
                0x9d000000                PROVIDE (__fini_array_start, .)
 *(SORT(.fini_array.*))
 *(.fini_array)
                0x9d000000                PROVIDE (__fini_array_end, .)
                0x9d000000                . = ALIGN (0x4)

.ctors          0x9d000000        0x0
 *crtbegin.o(.ctors)
 *crtbegin?.o(.ctors)
 *(EXCLUDE_FILE(*crtend?.o *crtend.o) .ctors)
 *(SORT(.ctors.*))
 *(.ctors)
                0x9d000000                . = ALIGN (0x4)

.dtors          0x9d000000        0x0
 *crtbegin.o(.dtors)
 *crtbegin?.o(.dtors)
 *(EXCLUDE_FILE(*crtend?.o *crtend.o) .dtors)
 *(SORT(.dtors.*))
 *(.dtors)
                0x9d000000                . = ALIGN (0x4)

.rodata         0x9d000000        0x0
 *(.gnu.linkonce.r.*)
 *(.rodata1)
                0x9d000000                . = ALIGN (0x4)

.sdata2         0x9fc00490        0x0
 *(.sdata2 .sdata2.* .gnu.linkonce.s2.*)
                0x9fc00490                . = ALIGN (0x4)

.sbss2          0x9fc00490        0x0
 *(.sbss2 .sbss2.* .gnu.linkonce.sb2.*)
                0x9fc00490                . = ALIGN (0x4)

.eh_frame_hdr
 *(.eh_frame_hdr)
                0x9fc00490                . = ALIGN (0x4)

.eh_frame
 *(.eh_frame)
                0x9fc00490                . = ALIGN (0x4)

.gcc_except_table
 *(.gcc_except_table .gcc_except_table.*)
                0x9fc00490                . = ALIGN (0x4)

.dbg_data       0xa0000000        0x0
                0xa0000000                . = (. + DEFINED (_DEBUGGER)?0x200:0x0)

.jcr            0xa0000000        0x0
 *(.jcr)
                0xa0000000                . = ALIGN (0x4)

.eh_frame
 *(.eh_frame)
                0xa0000000                . = ALIGN (0x4)

.gcc_except_table
 *(.gcc_except_table .gcc_except_table.*)
                0xa0000000                . = ALIGN (0x4)

.persist        0xa0000000        0x0
                0xa0000000                _persist_begin = .
 *(.persist .persist.*)
 *(.pbss .pbss.*)
                0xa0000000                . = ALIGN (0x4)
                0xa0000000                _persist_end = .

.data           0xa0000000        0x0
 *(.gnu.linkonce.d.*)
 *(.data1)
                0xa0000000                . = ALIGN (0x4)
                0xa0000000                . = .
                0xa0007ff0                _gp = (ALIGN (0x10) + 0x7ff0)

.got            0xa0000000        0x0
 *(.got.plt)
 *(.got)
                0xa0000000                . = ALIGN (0x4)

.sdata          0xa0000000        0x4
                0xa0000000                _sdata_begin = .
 *(.sdata .sdata.* .gnu.linkonce.s.*)
 .sdata         0xa0000000        0x1 build/Catalyst_revA_PIC32MX350f128L/production/DMA.o
                0xa0000000                DMA_BufferCopierComplete
 .sdata         0xa0000001        0x1 build/Catalyst_revA_PIC32MX350f128L/production/ADC.o
                0xa0000001                CurrentChannel
 .sdata         0xa0000002        0x1 build/Catalyst_revA_PIC32MX350f128L/production/TIMERS.o
                0xa0000002                Timer1_Timeout
 .sdata         0xa0000003        0x1 build/Catalyst_revA_PIC32MX350f128L/production/PWM.o
                0xa0000003                PWM_Action
                0xa0000004                . = ALIGN (0x4)
                0xa0000004                _sdata_end = .

.lit8
 *(.lit8)

.lit4
 *(.lit4)
                0xa0000004                . = ALIGN (0x4)
                0xa0000004                _data_end = .
                0xa0000004                _bss_begin = .

.sbss           0xa0000004       0x74
                0xa0000004                _sbss_begin = .
 *(.dynsbss)
 *(.sbss .sbss.* .gnu.linkonce.sb.*)
 .sbss          0xa0000004        0x4 build/Catalyst_revA_PIC32MX350f128L/production/SYSTEM.o
 .sbss          0xa0000008        0x4 build/Catalyst_revA_PIC32MX350f128L/production/EXCEPTIONS.o
 .sbss          0xa000000c        0x1 build/Catalyst_revA_PIC32MX350f128L/production/INTERRUPTS.o
 *fill*         0xa000000d        0x3 
 .sbss          0xa0000010        0x4 build/Catalyst_revA_PIC32MX350f128L/production/USER.o
 .sbss          0xa0000014        0x8 build/Catalyst_revA_PIC32MX350f128L/production/MISC.o
                0xa0000014                PhraseSearchFind
 .sbss          0xa000001c        0x4 build/Catalyst_revA_PIC32MX350f128L/production/DMA.o
                0xa000001c                DMA_TransferType
                0xa000001e                DMA_TransferAmount
 .sbss          0xa0000020       0x1e build/Catalyst_revA_PIC32MX350f128L/production/UART.o
                0xa0000020                RX1_Buffer_Place
                0xa0000022                RX2_Buffer_Place
                0xa0000024                RX3_Buffer_Place
                0xa0000026                RX4_Buffer_Place
                0xa0000028                RX5_Buffer_Place
                0xa000002a                TX1_Buffer_ADD_Place
                0xa000002c                TX2_Buffer_ADD_Place
                0xa000002e                TX3_Buffer_ADD_Place
                0xa0000030                TX4_Buffer_ADD_Place
                0xa0000032                TX5_Buffer_ADD_Place
                0xa0000034                TX1_Buffer_REMOVE_Place
                0xa0000036                TX2_Buffer_REMOVE_Place
                0xa0000038                TX3_Buffer_REMOVE_Place
                0xa000003a                TX4_Buffer_REMOVE_Place
                0xa000003c                TX5_Buffer_REMOVE_Place
 .sbss          0xa000003e        0x1 build/Catalyst_revA_PIC32MX350f128L/production/ADC.o
                0xa000003e                ADC_ReadRailStatus
 *fill*         0xa000003f        0x1 
 .sbss          0xa0000040       0x10 build/Catalyst_revA_PIC32MX350f128L/production/PWM.o
                0xa0000040                Red_Duty
                0xa0000044                Green_Duty
                0xa0000048                Blue_Duty
                0xa000004c                RedAction
                0xa000004d                GreenAction
                0xa000004e                BlueAction
                0xa000004f                PWM_Place
 .sbss          0xa0000050        0x4 build/Catalyst_revA_PIC32MX350f128L/production/FLASH.o
 .sbss          0xa0000054        0xa build/Catalyst_revA_PIC32MX350f128L/production/SPI.o
                0xa0000054                SPI_TransmitBufferAmount
                0xa0000056                SPI_ReceiveFull
                0xa0000058                SPI_TransmitPlace
                0xa000005a                SPI_ReceivePlace
                0xa000005c                SPI_Transfering
 *fill*         0xa000005e        0x2 
 .sbss          0xa0000060        0x4 build/Catalyst_revA_PIC32MX350f128L/production/RTCC.o
 .sbss          0xa0000064        0x4 build/Catalyst_revA_PIC32MX350f128L/production/I2C.o
 .sbss          0xa0000068        0x1 build/Catalyst_revA_PIC32MX350f128L/production/EXPAND_IR.o
                0xa0000068                IR_state
 *(.scommon)
 .scommon       0xa0000069        0x2 build/Catalyst_revA_PIC32MX350f128L/production/UART.o
                0xa0000069                UART_Debug_NewlineMode
                0xa000006a                UART_Rasp_NewlineMode
 *fill*         0xa000006b        0x1 
 .scommon       0xa000006c        0x3 build/Catalyst_revA_PIC32MX350f128L/production/FLASH.o
                0xa000006c                FlashBuffer
 *fill*         0xa000006f        0x1 
 .scommon       0xa0000070        0x2 build/Catalyst_revA_PIC32MX350f128L/production/EXPAND_IR.o
                0xa0000070                IR_PWM50
 *fill*         0xa0000072        0x2 
 .scommon       0xa0000074        0x4 build/Catalyst_revA_PIC32MX350f128L/production/CMD.o
                0xa0000074                CommandDataPointer
                0xa0000078                _sbss_end = .
                0xa0000078                . = ALIGN (0x4)

.bss            0xa0000078     0x6930
 *(.dynbss)
 *(COMMON)
 COMMON         0xa0000078       0x1d build/Catalyst_revA_PIC32MX350f128L/production/EXCEPTIONS.o
                0xa0000078                Fault
 *fill*         0xa0000095        0x3 
 COMMON         0xa0000098     0x4c16 build/Catalyst_revA_PIC32MX350f128L/production/UART.o
                0xa0000098                RX1_Buffer
                0xa0000298                RX3_Buffer
                0xa0002298                RX4_Buffer
                0xa0002498                TX4_Buffer
                0xa0002698                RX2_Buffer
                0xa0002898                TX3_Buffer
                0xa0004898                TX1_Buffer
                0xa0004a98                TX2_Buffer
                0xa0004c98                RX5_Buffer
                0xa0004ca4                TX5_Buffer
 *fill*         0xa0004cae        0x2 
 COMMON         0xa0004cb0      0x17c build/Catalyst_revA_PIC32MX350f128L/production/FLASH.o
                0xa0004cb0                FlashONFI
                0xa0004db0                BadBlocks
                0xa0004e14                FlashID
 COMMON         0xa0004e2c       0x20 build/Catalyst_revA_PIC32MX350f128L/production/POWER.o
                0xa0004e2c                RailStatus
 COMMON         0xa0004e4c     0x1000 build/Catalyst_revA_PIC32MX350f128L/production/SPI.o
                0xa0004e4c                SPI_ReceiveBuffer
                0xa000564c                SPI_TransmitBuffer
 COMMON         0xa0005e4c       0x6c build/Catalyst_revA_PIC32MX350f128L/production/RTCC.o
                0xa0005e4c                StartTime
                0xa0005e58                EndTime
                0xa0005e64                SetAlarm
                0xa0005e70                SetTime
                0xa0005e7c                CurrentAlarm
                0xa0005e88                CurrentTime
                0xa0005e94                DiffTime
 COMMON         0xa0005eb8      0xaf0 build/Catalyst_revA_PIC32MX350f128L/production/EXPAND_RF.o
                0xa0005eb8                BedroomFan
                0xa0006048                BedroomLight
                0xa00061d8                ChristmasTreeWhite
                0xa0006368                JoesroomLight
                0xa00064f8                LivingroomLight
                0xa0006688                LivingroomFan
                0xa0006818                ChristmasTreeColor
                0xa00069a8                . = ALIGN ((. != 0x0)?0x4:0x1)
                0xa00069a8                . = ALIGN (0x4)
                0xa00069a8                _end = .
                0xa00069a8                _bss_end = .
                0x00008000                _bmxdudba_address = 0x8000
                0x00008000                _bmxdupba_address = 0x8000

/DISCARD/
 *(.pdr)
 *(.rel.dyn)
 *(.note.GNU-stack)
 *(.note.GNU-stack)
 *(.gnu_debuglink)
 *(.gnu.lto_*)
 *(.discard)

.gptab.sdata
 *(.gptab.data)
 *(.gptab.sdata)

.gptab.sbss
 *(.gptab.bss)
 *(.gptab.sbss)

.mdebug.abi32   0xa00069a8        0x0
 *(.mdebug.abi32)
 .mdebug.abi32  0xa00069a8        0x0 build/Catalyst_revA_PIC32MX350f128L/production/CONFIGURATION.o
 .mdebug.abi32  0xa00069a8        0x0 build/Catalyst_revA_PIC32MX350f128L/production/main.o
 .mdebug.abi32  0xa00069a8        0x0 build/Catalyst_revA_PIC32MX350f128L/production/SYSTEM.o
 .mdebug.abi32  0xa00069a8        0x0 build/Catalyst_revA_PIC32MX350f128L/production/EXCEPTIONS.o
 .mdebug.abi32  0xa00069a8        0x0 build/Catalyst_revA_PIC32MX350f128L/production/INTERRUPTS.o
 .mdebug.abi32  0xa00069a8        0x0 build/Catalyst_revA_PIC32MX350f128L/production/USER.o
 .mdebug.abi32  0xa00069a8        0x0 build/Catalyst_revA_PIC32MX350f128L/production/MISC.o
 .mdebug.abi32  0xa00069a8        0x0 build/Catalyst_revA_PIC32MX350f128L/production/DMA.o
 .mdebug.abi32  0xa00069a8        0x0 build/Catalyst_revA_PIC32MX350f128L/production/UART.o
 .mdebug.abi32  0xa00069a8        0x0 build/Catalyst_revA_PIC32MX350f128L/production/ADC.o
 .mdebug.abi32  0xa00069a8        0x0 build/Catalyst_revA_PIC32MX350f128L/production/TIMERS.o
 .mdebug.abi32  0xa00069a8        0x0 build/Catalyst_revA_PIC32MX350f128L/production/PWM.o
 .mdebug.abi32  0xa00069a8        0x0 build/Catalyst_revA_PIC32MX350f128L/production/FLASH.o
 .mdebug.abi32  0xa00069a8        0x0 build/Catalyst_revA_PIC32MX350f128L/production/POWER.o
 .mdebug.abi32  0xa00069a8        0x0 build/Catalyst_revA_PIC32MX350f128L/production/SPI.o
 .mdebug.abi32  0xa00069a8        0x0 build/Catalyst_revA_PIC32MX350f128L/production/RTCC.o
 .mdebug.abi32  0xa00069a8        0x0 build/Catalyst_revA_PIC32MX350f128L/production/I2C.o
 .mdebug.abi32  0xa00069a8        0x0 build/Catalyst_revA_PIC32MX350f128L/production/EXPAND_RF.o
 .mdebug.abi32  0xa00069a8        0x0 build/Catalyst_revA_PIC32MX350f128L/production/EXPAND_IR.o
 .mdebug.abi32  0xa00069a8        0x0 build/Catalyst_revA_PIC32MX350f128L/production/CMD.o
 .mdebug.abi32  0xa00069a8        0x0 c:/program files (x86)/microchip/xc32/v1.40/bin/bin/../../lib/gcc/pic32mx/4.8.3\libgcc.a(floatunsisf.o)
 .mdebug.abi32  0xa00069a8        0x0 c:/program files (x86)/microchip/xc32/v1.40/bin/bin/../../lib/gcc/pic32mx/4.8.3/../../../../pic32mx/lib\libpic32.a(default-bootstrap-exception-handler.o)
 .mdebug.abi32  0xa00069a8        0x0 c:/program files (x86)/microchip/xc32/v1.40/bin/bin/../../lib/gcc/pic32mx/4.8.3/../../../../pic32mx/lib\libpic32.a(default-on-reset.o)
 .mdebug.abi32  0xa00069a8        0x0 c:/program files (x86)/microchip/xc32/v1.40/bin/bin/../../lib/gcc/pic32mx/4.8.3/../../../../pic32mx/lib\libpic32.a(default-on-bootstrap.o)
 .mdebug.abi32  0xa00069a8        0x0 c:/program files (x86)/microchip/xc32/v1.40/bin/bin/../../lib/gcc/pic32mx/4.8.3/../../../../pic32mx/lib\libpic32.a(default-general-exception-handler.o)
 .mdebug.abi32  0xa00069a8        0x0 c:/program files (x86)/microchip/xc32/v1.40/bin/bin/../../lib/gcc/pic32mx/4.8.3/../../../../pic32mx/lib\libpic32.a(defaultinterrupt.o)

.mdebug.abiN32
 *(.mdebug.abiN32)

.mdebug.abi64
 *(.mdebug.abi64)

.mdebug.abiO64
 *(.mdebug.abiO64)

.mdebug.eabi32
 *(.mdebug.eabi32)

.mdebug.eabi64
 *(.mdebug.eabi64)

.gcc_compiled_long32
 *(.gcc_compiled_long32)

.gcc_compiled_long64
 *(.gcc_compiled_long64)

.stab
 *(.stab)

.stabstr
 *(.stabstr)

.stab.excl
 *(.stab.excl)

.stab.exclstr
 *(.stab.exclstr)

.stab.index
 *(.stab.index)

.stab.indexstr
 *(.stab.indexstr)

.comment        0x00000000       0x3c
 *(.comment)
 .comment       0x00000000       0x3c build/Catalyst_revA_PIC32MX350f128L/production/CONFIGURATION.o
                                 0x3d (size before relaxing)
 .comment       0x00000000       0x3d build/Catalyst_revA_PIC32MX350f128L/production/main.o
 .comment       0x00000000       0x3d build/Catalyst_revA_PIC32MX350f128L/production/SYSTEM.o
 .comment       0x00000000       0x3d build/Catalyst_revA_PIC32MX350f128L/production/EXCEPTIONS.o
 .comment       0x00000000       0x3d build/Catalyst_revA_PIC32MX350f128L/production/INTERRUPTS.o
 .comment       0x00000000       0x3d build/Catalyst_revA_PIC32MX350f128L/production/USER.o
 .comment       0x00000000       0x3d build/Catalyst_revA_PIC32MX350f128L/production/MISC.o
 .comment       0x00000000       0x3d build/Catalyst_revA_PIC32MX350f128L/production/DMA.o
 .comment       0x00000000       0x3d build/Catalyst_revA_PIC32MX350f128L/production/UART.o
 .comment       0x00000000       0x3d build/Catalyst_revA_PIC32MX350f128L/production/ADC.o
 .comment       0x00000000       0x3d build/Catalyst_revA_PIC32MX350f128L/production/TIMERS.o
 .comment       0x00000000       0x3d build/Catalyst_revA_PIC32MX350f128L/production/PWM.o
 .comment       0x00000000       0x3d build/Catalyst_revA_PIC32MX350f128L/production/FLASH.o
 .comment       0x00000000       0x3d build/Catalyst_revA_PIC32MX350f128L/production/POWER.o
 .comment       0x00000000       0x3d build/Catalyst_revA_PIC32MX350f128L/production/SPI.o
 .comment       0x00000000       0x3d build/Catalyst_revA_PIC32MX350f128L/production/RTCC.o
 .comment       0x00000000       0x3d build/Catalyst_revA_PIC32MX350f128L/production/I2C.o
 .comment       0x00000000       0x3d build/Catalyst_revA_PIC32MX350f128L/production/EXPAND_RF.o
 .comment       0x00000000       0x3d build/Catalyst_revA_PIC32MX350f128L/production/EXPAND_IR.o
 .comment       0x00000000       0x3d build/Catalyst_revA_PIC32MX350f128L/production/CMD.o
 .comment       0x00000000       0x3d c:/program files (x86)/microchip/xc32/v1.40/bin/bin/../../lib/gcc/pic32mx/4.8.3\libgcc.a(floatunsisf.o)
 .comment       0x00000000       0x3d c:/program files (x86)/microchip/xc32/v1.40/bin/bin/../../lib/gcc/pic32mx/4.8.3/../../../../pic32mx/lib\libpic32.a(default-bootstrap-exception-handler.o)
 .comment       0x00000000       0x3d c:/program files (x86)/microchip/xc32/v1.40/bin/bin/../../lib/gcc/pic32mx/4.8.3/../../../../pic32mx/lib\libpic32.a(default-on-reset.o)
 .comment       0x00000000       0x3d c:/program files (x86)/microchip/xc32/v1.40/bin/bin/../../lib/gcc/pic32mx/4.8.3/../../../../pic32mx/lib\libpic32.a(default-on-bootstrap.o)
 .comment       0x00000000       0x3d c:/program files (x86)/microchip/xc32/v1.40/bin/bin/../../lib/gcc/pic32mx/4.8.3/../../../../pic32mx/lib\libpic32.a(default-general-exception-handler.o)
 .comment       0x00000000       0x3d c:/program files (x86)/microchip/xc32/v1.40/bin/bin/../../lib/gcc/pic32mx/4.8.3/../../../../pic32mx/lib\libpic32.a(defaultinterrupt.o)

.debug
 *(.debug)

.line
 *(.line)

.debug_srcinfo
 *(.debug_srcinfo)

.debug_sfnames
 *(.debug_sfnames)

.debug_aranges  0x00000000      0x338
 *(.debug_aranges)
 .debug_aranges
                0x00000000       0x18 build/Catalyst_revA_PIC32MX350f128L/production/CONFIGURATION.o
 .debug_aranges
                0x00000018       0x20 build/Catalyst_revA_PIC32MX350f128L/production/main.o
 .debug_aranges
                0x00000038       0x20 build/Catalyst_revA_PIC32MX350f128L/production/SYSTEM.o
 .debug_aranges
                0x00000058       0x20 build/Catalyst_revA_PIC32MX350f128L/production/EXCEPTIONS.o
 .debug_aranges
                0x00000078       0x20 build/Catalyst_revA_PIC32MX350f128L/production/INTERRUPTS.o
 .debug_aranges
                0x00000098       0x20 build/Catalyst_revA_PIC32MX350f128L/production/USER.o
 .debug_aranges
                0x000000b8       0x20 build/Catalyst_revA_PIC32MX350f128L/production/MISC.o
 .debug_aranges
                0x000000d8       0x20 build/Catalyst_revA_PIC32MX350f128L/production/DMA.o
 .debug_aranges
                0x000000f8       0x20 build/Catalyst_revA_PIC32MX350f128L/production/UART.o
 .debug_aranges
                0x00000118       0x20 build/Catalyst_revA_PIC32MX350f128L/production/ADC.o
 .debug_aranges
                0x00000138       0x20 build/Catalyst_revA_PIC32MX350f128L/production/TIMERS.o
 .debug_aranges
                0x00000158       0x20 build/Catalyst_revA_PIC32MX350f128L/production/PWM.o
 .debug_aranges
                0x00000178       0x20 build/Catalyst_revA_PIC32MX350f128L/production/FLASH.o
 .debug_aranges
                0x00000198       0x20 build/Catalyst_revA_PIC32MX350f128L/production/POWER.o
 .debug_aranges
                0x000001b8       0x20 build/Catalyst_revA_PIC32MX350f128L/production/SPI.o
 .debug_aranges
                0x000001d8       0x20 build/Catalyst_revA_PIC32MX350f128L/production/RTCC.o
 .debug_aranges
                0x000001f8       0x20 build/Catalyst_revA_PIC32MX350f128L/production/I2C.o
 .debug_aranges
                0x00000218       0x20 build/Catalyst_revA_PIC32MX350f128L/production/EXPAND_RF.o
 .debug_aranges
                0x00000238       0x20 build/Catalyst_revA_PIC32MX350f128L/production/EXPAND_IR.o
 .debug_aranges
                0x00000258       0x20 build/Catalyst_revA_PIC32MX350f128L/production/CMD.o
 .debug_aranges
                0x00000278       0x20 c:/program files (x86)/microchip/xc32/v1.40/bin/bin/../../lib/gcc/pic32mx/4.8.3\libgcc.a(floatunsisf.o)
 .debug_aranges
                0x00000298       0x20 c:/program files (x86)/microchip/xc32/v1.40/bin/bin/../../lib/gcc/pic32mx/4.8.3/../../../../pic32mx/lib\libpic32.a(default-bootstrap-exception-handler.o)
 .debug_aranges
                0x000002b8       0x20 c:/program files (x86)/microchip/xc32/v1.40/bin/bin/../../lib/gcc/pic32mx/4.8.3/../../../../pic32mx/lib\libpic32.a(default-on-reset.o)
 .debug_aranges
                0x000002d8       0x20 c:/program files (x86)/microchip/xc32/v1.40/bin/bin/../../lib/gcc/pic32mx/4.8.3/../../../../pic32mx/lib\libpic32.a(default-on-bootstrap.o)
 .debug_aranges
                0x000002f8       0x20 c:/program files (x86)/microchip/xc32/v1.40/bin/bin/../../lib/gcc/pic32mx/4.8.3/../../../../pic32mx/lib\libpic32.a(default-general-exception-handler.o)
 .debug_aranges
                0x00000318       0x20 c:/program files (x86)/microchip/xc32/v1.40/bin/bin/../../lib/gcc/pic32mx/4.8.3/../../../../pic32mx/lib\libpic32.a(defaultinterrupt.o)

.debug_pubnames
 *(.debug_pubnames)

.debug_info     0x00000000    0x168ce
 *(.debug_info .gnu.linkonce.wi.*)
 .debug_info    0x00000000      0x154 build/Catalyst_revA_PIC32MX350f128L/production/CONFIGURATION.o
 .debug_info    0x00000154      0x296 build/Catalyst_revA_PIC32MX350f128L/production/main.o
 .debug_info    0x000003ea      0xd44 build/Catalyst_revA_PIC32MX350f128L/production/SYSTEM.o
 .debug_info    0x0000112e      0x545 build/Catalyst_revA_PIC32MX350f128L/production/EXCEPTIONS.o
 .debug_info    0x00001673     0x282f build/Catalyst_revA_PIC32MX350f128L/production/INTERRUPTS.o
 .debug_info    0x00003ea2     0x1016 build/Catalyst_revA_PIC32MX350f128L/production/USER.o
 .debug_info    0x00004eb8      0xbf8 build/Catalyst_revA_PIC32MX350f128L/production/MISC.o
 .debug_info    0x00005ab0     0x1c7b build/Catalyst_revA_PIC32MX350f128L/production/DMA.o
 .debug_info    0x0000772b     0x3816 build/Catalyst_revA_PIC32MX350f128L/production/UART.o
 .debug_info    0x0000af41      0xdbe build/Catalyst_revA_PIC32MX350f128L/production/ADC.o
 .debug_info    0x0000bcff     0x18f5 build/Catalyst_revA_PIC32MX350f128L/production/TIMERS.o
 .debug_info    0x0000d5f4      0x88d build/Catalyst_revA_PIC32MX350f128L/production/PWM.o
 .debug_info    0x0000de81     0x1334 build/Catalyst_revA_PIC32MX350f128L/production/FLASH.o
 .debug_info    0x0000f1b5      0xc78 build/Catalyst_revA_PIC32MX350f128L/production/POWER.o
 .debug_info    0x0000fe2d     0x16f1 build/Catalyst_revA_PIC32MX350f128L/production/SPI.o
 .debug_info    0x0001151e     0x1921 build/Catalyst_revA_PIC32MX350f128L/production/RTCC.o
 .debug_info    0x00012e3f     0x218d build/Catalyst_revA_PIC32MX350f128L/production/I2C.o
 .debug_info    0x00014fcc      0x4ef build/Catalyst_revA_PIC32MX350f128L/production/EXPAND_RF.o
 .debug_info    0x000154bb      0xb5c build/Catalyst_revA_PIC32MX350f128L/production/EXPAND_IR.o
 .debug_info    0x00016017      0x37d build/Catalyst_revA_PIC32MX350f128L/production/CMD.o
 .debug_info    0x00016394      0x11f c:/program files (x86)/microchip/xc32/v1.40/bin/bin/../../lib/gcc/pic32mx/4.8.3\libgcc.a(floatunsisf.o)
 .debug_info    0x000164b3       0xe3 c:/program files (x86)/microchip/xc32/v1.40/bin/bin/../../lib/gcc/pic32mx/4.8.3/../../../../pic32mx/lib\libpic32.a(default-bootstrap-exception-handler.o)
 .debug_info    0x00016596       0xbd c:/program files (x86)/microchip/xc32/v1.40/bin/bin/../../lib/gcc/pic32mx/4.8.3/../../../../pic32mx/lib\libpic32.a(default-on-reset.o)
 .debug_info    0x00016653       0xc5 c:/program files (x86)/microchip/xc32/v1.40/bin/bin/../../lib/gcc/pic32mx/4.8.3/../../../../pic32mx/lib\libpic32.a(default-on-bootstrap.o)
 .debug_info    0x00016718       0xdf c:/program files (x86)/microchip/xc32/v1.40/bin/bin/../../lib/gcc/pic32mx/4.8.3/../../../../pic32mx/lib\libpic32.a(default-general-exception-handler.o)
 .debug_info    0x000167f7       0xd7 c:/program files (x86)/microchip/xc32/v1.40/bin/bin/../../lib/gcc/pic32mx/4.8.3/../../../../pic32mx/lib\libpic32.a(defaultinterrupt.o)

.debug_abbrev   0x00000000     0x20d1
 *(.debug_abbrev)
 .debug_abbrev  0x00000000       0x1b build/Catalyst_revA_PIC32MX350f128L/production/CONFIGURATION.o
 .debug_abbrev  0x0000001b       0xb8 build/Catalyst_revA_PIC32MX350f128L/production/main.o
 .debug_abbrev  0x000000d3      0x253 build/Catalyst_revA_PIC32MX350f128L/production/SYSTEM.o
 .debug_abbrev  0x00000326       0xac build/Catalyst_revA_PIC32MX350f128L/production/EXCEPTIONS.o
 .debug_abbrev  0x000003d2      0x1cd build/Catalyst_revA_PIC32MX350f128L/production/INTERRUPTS.o
 .debug_abbrev  0x0000059f      0x131 build/Catalyst_revA_PIC32MX350f128L/production/USER.o
 .debug_abbrev  0x000006d0      0x1bc build/Catalyst_revA_PIC32MX350f128L/production/MISC.o
 .debug_abbrev  0x0000088c      0x236 build/Catalyst_revA_PIC32MX350f128L/production/DMA.o
 .debug_abbrev  0x00000ac2      0x1b8 build/Catalyst_revA_PIC32MX350f128L/production/UART.o
 .debug_abbrev  0x00000c7a      0x155 build/Catalyst_revA_PIC32MX350f128L/production/ADC.o
 .debug_abbrev  0x00000dcf      0x220 build/Catalyst_revA_PIC32MX350f128L/production/TIMERS.o
 .debug_abbrev  0x00000fef      0x153 build/Catalyst_revA_PIC32MX350f128L/production/PWM.o
 .debug_abbrev  0x00001142      0x202 build/Catalyst_revA_PIC32MX350f128L/production/FLASH.o
 .debug_abbrev  0x00001344      0x191 build/Catalyst_revA_PIC32MX350f128L/production/POWER.o
 .debug_abbrev  0x000014d5      0x194 build/Catalyst_revA_PIC32MX350f128L/production/SPI.o
 .debug_abbrev  0x00001669      0x2cd build/Catalyst_revA_PIC32MX350f128L/production/RTCC.o
 .debug_abbrev  0x00001936      0x263 build/Catalyst_revA_PIC32MX350f128L/production/I2C.o
 .debug_abbrev  0x00001b99      0x177 build/Catalyst_revA_PIC32MX350f128L/production/EXPAND_RF.o
 .debug_abbrev  0x00001d10      0x1b9 build/Catalyst_revA_PIC32MX350f128L/production/EXPAND_IR.o
 .debug_abbrev  0x00001ec9       0xde build/Catalyst_revA_PIC32MX350f128L/production/CMD.o
 .debug_abbrev  0x00001fa7       0x62 c:/program files (x86)/microchip/xc32/v1.40/bin/bin/../../lib/gcc/pic32mx/4.8.3\libgcc.a(floatunsisf.o)
 .debug_abbrev  0x00002009       0x28 c:/program files (x86)/microchip/xc32/v1.40/bin/bin/../../lib/gcc/pic32mx/4.8.3/../../../../pic32mx/lib\libpic32.a(default-bootstrap-exception-handler.o)
 .debug_abbrev  0x00002031       0x28 c:/program files (x86)/microchip/xc32/v1.40/bin/bin/../../lib/gcc/pic32mx/4.8.3/../../../../pic32mx/lib\libpic32.a(default-on-reset.o)
 .debug_abbrev  0x00002059       0x28 c:/program files (x86)/microchip/xc32/v1.40/bin/bin/../../lib/gcc/pic32mx/4.8.3/../../../../pic32mx/lib\libpic32.a(default-on-bootstrap.o)
 .debug_abbrev  0x00002081       0x28 c:/program files (x86)/microchip/xc32/v1.40/bin/bin/../../lib/gcc/pic32mx/4.8.3/../../../../pic32mx/lib\libpic32.a(default-general-exception-handler.o)
 .debug_abbrev  0x000020a9       0x28 c:/program files (x86)/microchip/xc32/v1.40/bin/bin/../../lib/gcc/pic32mx/4.8.3/../../../../pic32mx/lib\libpic32.a(defaultinterrupt.o)

.debug_line     0x00000000     0x2aeb
 *(.debug_line)
 .debug_line    0x00000000       0x1d build/Catalyst_revA_PIC32MX350f128L/production/CONFIGURATION.o
 .debug_line    0x0000001d       0xba build/Catalyst_revA_PIC32MX350f128L/production/main.o
 .debug_line    0x000000d7      0x183 build/Catalyst_revA_PIC32MX350f128L/production/SYSTEM.o
 .debug_line    0x0000025a       0xc2 build/Catalyst_revA_PIC32MX350f128L/production/EXCEPTIONS.o
 .debug_line    0x0000031c      0x37a build/Catalyst_revA_PIC32MX350f128L/production/INTERRUPTS.o
 .debug_line    0x00000696      0x1a5 build/Catalyst_revA_PIC32MX350f128L/production/USER.o
 .debug_line    0x0000083b      0x275 build/Catalyst_revA_PIC32MX350f128L/production/MISC.o
 .debug_line    0x00000ab0      0x2ea build/Catalyst_revA_PIC32MX350f128L/production/DMA.o
 .debug_line    0x00000d9a      0x422 build/Catalyst_revA_PIC32MX350f128L/production/UART.o
 .debug_line    0x000011bc      0x11c build/Catalyst_revA_PIC32MX350f128L/production/ADC.o
 .debug_line    0x000012d8      0x1f8 build/Catalyst_revA_PIC32MX350f128L/production/TIMERS.o
 .debug_line    0x000014d0      0x15c build/Catalyst_revA_PIC32MX350f128L/production/PWM.o
 .debug_line    0x0000162c      0x33a build/Catalyst_revA_PIC32MX350f128L/production/FLASH.o
 .debug_line    0x00001966      0x1b6 build/Catalyst_revA_PIC32MX350f128L/production/POWER.o
 .debug_line    0x00001b1c      0x175 build/Catalyst_revA_PIC32MX350f128L/production/SPI.o
 .debug_line    0x00001c91      0x3f7 build/Catalyst_revA_PIC32MX350f128L/production/RTCC.o
 .debug_line    0x00002088      0x3b2 build/Catalyst_revA_PIC32MX350f128L/production/I2C.o
 .debug_line    0x0000243a      0x11d build/Catalyst_revA_PIC32MX350f128L/production/EXPAND_RF.o
 .debug_line    0x00002557      0x164 build/Catalyst_revA_PIC32MX350f128L/production/EXPAND_IR.o
 .debug_line    0x000026bb       0xd8 build/Catalyst_revA_PIC32MX350f128L/production/CMD.o
 .debug_line    0x00002793       0x8a c:/program files (x86)/microchip/xc32/v1.40/bin/bin/../../lib/gcc/pic32mx/4.8.3\libgcc.a(floatunsisf.o)
 .debug_line    0x0000281d       0x97 c:/program files (x86)/microchip/xc32/v1.40/bin/bin/../../lib/gcc/pic32mx/4.8.3/../../../../pic32mx/lib\libpic32.a(default-bootstrap-exception-handler.o)
 .debug_line    0x000028b4       0x84 c:/program files (x86)/microchip/xc32/v1.40/bin/bin/../../lib/gcc/pic32mx/4.8.3/../../../../pic32mx/lib\libpic32.a(default-on-reset.o)
 .debug_line    0x00002938       0x88 c:/program files (x86)/microchip/xc32/v1.40/bin/bin/../../lib/gcc/pic32mx/4.8.3/../../../../pic32mx/lib\libpic32.a(default-on-bootstrap.o)
 .debug_line    0x000029c0       0x95 c:/program files (x86)/microchip/xc32/v1.40/bin/bin/../../lib/gcc/pic32mx/4.8.3/../../../../pic32mx/lib\libpic32.a(default-general-exception-handler.o)
 .debug_line    0x00002a55       0x96 c:/program files (x86)/microchip/xc32/v1.40/bin/bin/../../lib/gcc/pic32mx/4.8.3/../../../../pic32mx/lib\libpic32.a(defaultinterrupt.o)

.debug_frame    0x00000000     0x2d3c
 *(.debug_frame)
 .debug_frame   0x00000000       0x2c build/Catalyst_revA_PIC32MX350f128L/production/main.o
 .debug_frame   0x0000002c      0x1bc build/Catalyst_revA_PIC32MX350f128L/production/SYSTEM.o
 .debug_frame   0x000001e8       0x70 build/Catalyst_revA_PIC32MX350f128L/production/EXCEPTIONS.o
 .debug_frame   0x00000258      0x634 build/Catalyst_revA_PIC32MX350f128L/production/INTERRUPTS.o
 .debug_frame   0x0000088c       0x50 build/Catalyst_revA_PIC32MX350f128L/production/USER.o
 .debug_frame   0x000008dc      0x2e4 build/Catalyst_revA_PIC32MX350f128L/production/MISC.o
 .debug_frame   0x00000bc0      0x2c8 build/Catalyst_revA_PIC32MX350f128L/production/DMA.o
 .debug_frame   0x00000e88      0x98c build/Catalyst_revA_PIC32MX350f128L/production/UART.o
 .debug_frame   0x00001814       0xcc build/Catalyst_revA_PIC32MX350f128L/production/ADC.o
 .debug_frame   0x000018e0      0x328 build/Catalyst_revA_PIC32MX350f128L/production/TIMERS.o
 .debug_frame   0x00001c08      0x104 build/Catalyst_revA_PIC32MX350f128L/production/PWM.o
 .debug_frame   0x00001d0c      0x324 build/Catalyst_revA_PIC32MX350f128L/production/FLASH.o
 .debug_frame   0x00002030      0x190 build/Catalyst_revA_PIC32MX350f128L/production/POWER.o
 .debug_frame   0x000021c0       0xf0 build/Catalyst_revA_PIC32MX350f128L/production/SPI.o
 .debug_frame   0x000022b0      0x2ac build/Catalyst_revA_PIC32MX350f128L/production/RTCC.o
 .debug_frame   0x0000255c      0x518 build/Catalyst_revA_PIC32MX350f128L/production/I2C.o
 .debug_frame   0x00002a74       0xac build/Catalyst_revA_PIC32MX350f128L/production/EXPAND_RF.o
 .debug_frame   0x00002b20      0x10c build/Catalyst_revA_PIC32MX350f128L/production/EXPAND_IR.o
 .debug_frame   0x00002c2c       0x30 build/Catalyst_revA_PIC32MX350f128L/production/CMD.o
 .debug_frame   0x00002c5c       0x28 c:/program files (x86)/microchip/xc32/v1.40/bin/bin/../../lib/gcc/pic32mx/4.8.3\libgcc.a(floatunsisf.o)
 .debug_frame   0x00002c84       0x2c c:/program files (x86)/microchip/xc32/v1.40/bin/bin/../../lib/gcc/pic32mx/4.8.3/../../../../pic32mx/lib\libpic32.a(default-bootstrap-exception-handler.o)
 .debug_frame   0x00002cb0       0x20 c:/program files (x86)/microchip/xc32/v1.40/bin/bin/../../lib/gcc/pic32mx/4.8.3/../../../../pic32mx/lib\libpic32.a(default-on-reset.o)
 .debug_frame   0x00002cd0       0x20 c:/program files (x86)/microchip/xc32/v1.40/bin/bin/../../lib/gcc/pic32mx/4.8.3/../../../../pic32mx/lib\libpic32.a(default-on-bootstrap.o)
 .debug_frame   0x00002cf0       0x2c c:/program files (x86)/microchip/xc32/v1.40/bin/bin/../../lib/gcc/pic32mx/4.8.3/../../../../pic32mx/lib\libpic32.a(default-general-exception-handler.o)
 .debug_frame   0x00002d1c       0x20 c:/program files (x86)/microchip/xc32/v1.40/bin/bin/../../lib/gcc/pic32mx/4.8.3/../../../../pic32mx/lib\libpic32.a(defaultinterrupt.o)

.debug_str      0x00000000      0x3e4
 *(.debug_str)
 .debug_str     0x00000000        0x0 build/Catalyst_revA_PIC32MX350f128L/production/CONFIGURATION.o
 .debug_str     0x00000000        0x0 build/Catalyst_revA_PIC32MX350f128L/production/main.o
 .debug_str     0x00000000        0x0 build/Catalyst_revA_PIC32MX350f128L/production/SYSTEM.o
 .debug_str     0x00000000        0x0 build/Catalyst_revA_PIC32MX350f128L/production/EXCEPTIONS.o
 .debug_str     0x00000000       0xe4 build/Catalyst_revA_PIC32MX350f128L/production/INTERRUPTS.o
 .debug_str     0x000000e4        0x0 build/Catalyst_revA_PIC32MX350f128L/production/USER.o
 .debug_str     0x000000e4        0xb build/Catalyst_revA_PIC32MX350f128L/production/MISC.o
 .debug_str     0x000000ef       0xef build/Catalyst_revA_PIC32MX350f128L/production/DMA.o
 .debug_str     0x000001de       0xef build/Catalyst_revA_PIC32MX350f128L/production/UART.o
 .debug_str     0x000002cd        0x0 build/Catalyst_revA_PIC32MX350f128L/production/ADC.o
 .debug_str     0x000002cd       0x35 build/Catalyst_revA_PIC32MX350f128L/production/TIMERS.o
 .debug_str     0x00000302        0xe build/Catalyst_revA_PIC32MX350f128L/production/PWM.o
 .debug_str     0x00000310       0x44 build/Catalyst_revA_PIC32MX350f128L/production/FLASH.o
 .debug_str     0x00000354        0x7 build/Catalyst_revA_PIC32MX350f128L/production/POWER.o
 .debug_str     0x0000035b        0x6 build/Catalyst_revA_PIC32MX350f128L/production/SPI.o
 .debug_str     0x00000361        0xa build/Catalyst_revA_PIC32MX350f128L/production/RTCC.o
 .debug_str     0x0000036b       0x64 build/Catalyst_revA_PIC32MX350f128L/production/I2C.o
 .debug_str     0x000003cf        0x0 build/Catalyst_revA_PIC32MX350f128L/production/EXPAND_RF.o
 .debug_str     0x000003cf        0xc build/Catalyst_revA_PIC32MX350f128L/production/EXPAND_IR.o
 .debug_str     0x000003db        0x9 build/Catalyst_revA_PIC32MX350f128L/production/CMD.o
 .debug_str     0x000003e4        0x0 c:/program files (x86)/microchip/xc32/v1.40/bin/bin/../../lib/gcc/pic32mx/4.8.3\libgcc.a(floatunsisf.o)
 .debug_str     0x000003e4        0x0 c:/program files (x86)/microchip/xc32/v1.40/bin/bin/../../lib/gcc/pic32mx/4.8.3/../../../../pic32mx/lib\libpic32.a(default-bootstrap-exception-handler.o)
 .debug_str     0x000003e4        0x0 c:/program files (x86)/microchip/xc32/v1.40/bin/bin/../../lib/gcc/pic32mx/4.8.3/../../../../pic32mx/lib\libpic32.a(default-on-reset.o)
 .debug_str     0x000003e4        0x0 c:/program files (x86)/microchip/xc32/v1.40/bin/bin/../../lib/gcc/pic32mx/4.8.3/../../../../pic32mx/lib\libpic32.a(default-on-bootstrap.o)
 .debug_str     0x000003e4        0x0 c:/program files (x86)/microchip/xc32/v1.40/bin/bin/../../lib/gcc/pic32mx/4.8.3/../../../../pic32mx/lib\libpic32.a(default-general-exception-handler.o)
 .debug_str     0x000003e4        0x0 c:/program files (x86)/microchip/xc32/v1.40/bin/bin/../../lib/gcc/pic32mx/4.8.3/../../../../pic32mx/lib\libpic32.a(defaultinterrupt.o)

.debug_loc      0x00000000       0x74
 *(.debug_loc)
 .debug_loc     0x00000000       0x74 c:/program files (x86)/microchip/xc32/v1.40/bin/bin/../../lib/gcc/pic32mx/4.8.3\libgcc.a(floatunsisf.o)

.debug_macinfo
 *(.debug_macinfo)

.debug_weaknames
 *(.debug_weaknames)

.debug_funcnames
 *(.debug_funcnames)

.debug_typenames
 *(.debug_typenames)

.debug_varnames
 *(.debug_varnames)

.debug_pubtypes
 *(.debug_pubtypes)

.debug_ranges   0x00000000       0x50
 *(.debug_ranges)
 .debug_ranges  0x00000000       0x10 c:/program files (x86)/microchip/xc32/v1.40/bin/bin/../../lib/gcc/pic32mx/4.8.3/../../../../pic32mx/lib\libpic32.a(default-bootstrap-exception-handler.o)
 .debug_ranges  0x00000010       0x10 c:/program files (x86)/microchip/xc32/v1.40/bin/bin/../../lib/gcc/pic32mx/4.8.3/../../../../pic32mx/lib\libpic32.a(default-on-reset.o)
 .debug_ranges  0x00000020       0x10 c:/program files (x86)/microchip/xc32/v1.40/bin/bin/../../lib/gcc/pic32mx/4.8.3/../../../../pic32mx/lib\libpic32.a(default-on-bootstrap.o)
 .debug_ranges  0x00000030       0x10 c:/program files (x86)/microchip/xc32/v1.40/bin/bin/../../lib/gcc/pic32mx/4.8.3/../../../../pic32mx/lib\libpic32.a(default-general-exception-handler.o)
 .debug_ranges  0x00000040       0x10 c:/program files (x86)/microchip/xc32/v1.40/bin/bin/../../lib/gcc/pic32mx/4.8.3/../../../../pic32mx/lib\libpic32.a(defaultinterrupt.o)

.gnu.attributes
                0x00000000       0x10
 *(.gnu.attributes)
 .gnu.attributes
                0x00000000       0x10 build/Catalyst_revA_PIC32MX350f128L/production/CONFIGURATION.o
 .gnu.attributes
                0x00000010       0x10 build/Catalyst_revA_PIC32MX350f128L/production/main.o
 .gnu.attributes
                0x00000020       0x10 build/Catalyst_revA_PIC32MX350f128L/production/SYSTEM.o
 .gnu.attributes
                0x00000030       0x10 build/Catalyst_revA_PIC32MX350f128L/production/EXCEPTIONS.o
 .gnu.attributes
                0x00000040       0x10 build/Catalyst_revA_PIC32MX350f128L/production/INTERRUPTS.o
 .gnu.attributes
                0x00000050       0x10 build/Catalyst_revA_PIC32MX350f128L/production/USER.o
 .gnu.attributes
                0x00000060       0x10 build/Catalyst_revA_PIC32MX350f128L/production/MISC.o
 .gnu.attributes
                0x00000070       0x10 build/Catalyst_revA_PIC32MX350f128L/production/DMA.o
 .gnu.attributes
                0x00000080       0x10 build/Catalyst_revA_PIC32MX350f128L/production/UART.o
 .gnu.attributes
                0x00000090       0x10 build/Catalyst_revA_PIC32MX350f128L/production/ADC.o
 .gnu.attributes
                0x000000a0       0x10 build/Catalyst_revA_PIC32MX350f128L/production/TIMERS.o
 .gnu.attributes
                0x000000b0       0x10 build/Catalyst_revA_PIC32MX350f128L/production/PWM.o
 .gnu.attributes
                0x000000c0       0x10 build/Catalyst_revA_PIC32MX350f128L/production/FLASH.o
 .gnu.attributes
                0x000000d0       0x10 build/Catalyst_revA_PIC32MX350f128L/production/POWER.o
 .gnu.attributes
                0x000000e0       0x10 build/Catalyst_revA_PIC32MX350f128L/production/SPI.o
 .gnu.attributes
                0x000000f0       0x10 build/Catalyst_revA_PIC32MX350f128L/production/RTCC.o
 .gnu.attributes
                0x00000100       0x10 build/Catalyst_revA_PIC32MX350f128L/production/I2C.o
 .gnu.attributes
                0x00000110       0x10 build/Catalyst_revA_PIC32MX350f128L/production/EXPAND_RF.o
 .gnu.attributes
                0x00000120       0x10 build/Catalyst_revA_PIC32MX350f128L/production/EXPAND_IR.o
 .gnu.attributes
                0x00000130       0x10 build/Catalyst_revA_PIC32MX350f128L/production/CMD.o
 .gnu.attributes
                0x00000140       0x10 c:/program files (x86)/microchip/xc32/v1.40/bin/bin/../../lib/gcc/pic32mx/4.8.3\libgcc.a(floatunsisf.o)
 .gnu.attributes
                0x00000150       0x10 c:/program files (x86)/microchip/xc32/v1.40/bin/bin/../../lib/gcc/pic32mx/4.8.3/../../../../pic32mx/lib\libpic32.a(default-bootstrap-exception-handler.o)
 .gnu.attributes
                0x00000160       0x10 c:/program files (x86)/microchip/xc32/v1.40/bin/bin/../../lib/gcc/pic32mx/4.8.3/../../../../pic32mx/lib\libpic32.a(default-on-reset.o)
 .gnu.attributes
                0x00000170       0x10 c:/program files (x86)/microchip/xc32/v1.40/bin/bin/../../lib/gcc/pic32mx/4.8.3/../../../../pic32mx/lib\libpic32.a(default-on-bootstrap.o)
 .gnu.attributes
                0x00000180       0x10 c:/program files (x86)/microchip/xc32/v1.40/bin/bin/../../lib/gcc/pic32mx/4.8.3/../../../../pic32mx/lib\libpic32.a(default-general-exception-handler.o)
 .gnu.attributes
                0x00000190       0x10 c:/program files (x86)/microchip/xc32/v1.40/bin/bin/../../lib/gcc/pic32mx/4.8.3/../../../../pic32mx/lib\libpic32.a(defaultinterrupt.o)
LOAD c:/program files (x86)/microchip/xc32/v1.40/bin/bin/../../lib/gcc/pic32mx/4.8.3\libgcc.a
START GROUP
LOAD c:/program files (x86)/microchip/xc32/v1.40/bin/bin/../../lib/gcc/pic32mx/4.8.3/../../../../pic32mx/lib\libpic32.a
LOAD c:/program files (x86)/microchip/xc32/v1.40/bin/bin/../../lib/gcc/pic32mx/4.8.3/../../../../pic32mx/lib\libdebug.a
LOAD c:/program files (x86)/microchip/xc32/v1.40/bin/bin/../../lib/gcc/pic32mx/4.8.3/../../../../pic32mx/lib\libpic32.a
LOAD c:/program files (x86)/microchip/xc32/v1.40/bin/bin/../../lib/gcc/pic32mx/4.8.3/../../../../pic32mx/lib\libm.a
LOAD c:/program files (x86)/microchip/xc32/v1.40/bin/bin/../../lib/gcc/pic32mx/4.8.3/../../../../pic32mx/lib\libe.a
LOAD c:/program files (x86)/microchip/xc32/v1.40/bin/bin/../../lib/gcc/pic32mx/4.8.3/../../../../pic32mx/lib\libdsp.a
LOAD c:/program files (x86)/microchip/xc32/v1.40/bin/bin/../../lib/gcc/pic32mx/4.8.3\libgcc.a
LOAD c:/program files (x86)/microchip/xc32/v1.40/bin/bin/../../lib/gcc/pic32mx/4.8.3/../../../../pic32mx/lib\libc.a
LOAD c:/program files (x86)/microchip/xc32/v1.40/bin/bin/../../lib/gcc/pic32mx/4.8.3/../../../../pic32mx/lib\libpic32.a
END GROUP
LOAD c:/program files (x86)/microchip/xc32/v1.40/bin/bin/../../lib/gcc/pic32mx/4.8.3\libgcc.a
OUTPUT(dist/Catalyst_revA_PIC32MX350f128L/production/PIC_Catalyst_RPI_daughter_Speech_Recognition.production.elf elf32-tradlittlemips)
LOAD stack
LOAD data_init

.reginfo        0x00000000       0x18
 .reginfo       0x00000000       0x18 c:/program files (x86)/microchip/xc32/v1.40/bin/bin/../../lib/gcc/pic32mx/4.8.3/../../../../pic32mx/lib/./proc/32MX350F128L/crt0_mips32r2.o

.stack          0xa00069d8      0x400
 .stack         0xa00069d8      0x400 stack

.bss            0x00000000        0x0
 .bss           0x00000000        0x0 c:/program files (x86)/microchip/xc32/v1.40/bin/bin/../../lib/gcc/pic32mx/4.8.3/../../../../pic32mx/lib\libm.a(sitofp.o)

.data           0x00000000        0x0
 .data          0x00000000        0x0 c:/program files (x86)/microchip/xc32/v1.40/bin/bin/../../lib/gcc/pic32mx/4.8.3/../../../../pic32mx/lib\libm.a(sitofp.o)

.bss            0x00000000        0x0
 .bss           0x00000000        0x0 c:/program files (x86)/microchip/xc32/v1.40/bin/bin/../../lib/gcc/pic32mx/4.8.3/../../../../pic32mx/lib\libm.a(fptoul.o)

.data           0x00000000        0x0
 .data          0x00000000        0x0 c:/program files (x86)/microchip/xc32/v1.40/bin/bin/../../lib/gcc/pic32mx/4.8.3/../../../../pic32mx/lib\libm.a(fptoul.o)

.bss            0x00000000        0x0
 .bss           0x00000000        0x0 c:/program files (x86)/microchip/xc32/v1.40/bin/bin/../../lib/gcc/pic32mx/4.8.3/../../../../pic32mx/lib\libm.a(fptoli.o)

.data           0x00000000        0x0
 .data          0x00000000        0x0 c:/program files (x86)/microchip/xc32/v1.40/bin/bin/../../lib/gcc/pic32mx/4.8.3/../../../../pic32mx/lib\libm.a(fptoli.o)

.bss            0x00000000        0x0
 .bss           0x00000000        0x0 c:/program files (x86)/microchip/xc32/v1.40/bin/bin/../../lib/gcc/pic32mx/4.8.3/../../../../pic32mx/lib\libm.a(fpcmp.o)

.data           0x00000000        0x0
 .data          0x00000000        0x0 c:/program files (x86)/microchip/xc32/v1.40/bin/bin/../../lib/gcc/pic32mx/4.8.3/../../../../pic32mx/lib\libm.a(fpcmp.o)

.bss            0x00000000        0x0
 .bss           0x00000000        0x0 c:/program files (x86)/microchip/xc32/v1.40/bin/bin/../../lib/gcc/pic32mx/4.8.3/../../../../pic32mx/lib\libm.a(fp32subadd.o)

.data           0x00000000        0x0
 .data          0x00000000        0x0 c:/program files (x86)/microchip/xc32/v1.40/bin/bin/../../lib/gcc/pic32mx/4.8.3/../../../../pic32mx/lib\libm.a(fp32subadd.o)

.bss            0x00000000        0x0
 .bss           0x00000000        0x0 c:/program files (x86)/microchip/xc32/v1.40/bin/bin/../../lib/gcc/pic32mx/4.8.3/../../../../pic32mx/lib\libm.a(fp32mul.o)

.data           0x00000000        0x0
 .data          0x00000000        0x0 c:/program files (x86)/microchip/xc32/v1.40/bin/bin/../../lib/gcc/pic32mx/4.8.3/../../../../pic32mx/lib\libm.a(fp32mul.o)

.bss            0x00000000        0x0
 .bss           0x00000000        0x0 c:/program files (x86)/microchip/xc32/v1.40/bin/bin/../../lib/gcc/pic32mx/4.8.3/../../../../pic32mx/lib\libm.a(fp32div.o)

.data           0x00000000        0x0
 .data          0x00000000        0x0 c:/program files (x86)/microchip/xc32/v1.40/bin/bin/../../lib/gcc/pic32mx/4.8.3/../../../../pic32mx/lib\libm.a(fp32div.o)

.bss            0x00000000        0x0
 .bss           0x00000000        0x0 c:/program files (x86)/microchip/xc32/v1.40/bin/bin/../../lib/gcc/pic32mx/4.8.3/../../../../pic32mx/lib\libpic32.a(defaultinterrupt.o)

.data           0x00000000        0x0
 .data          0x00000000        0x0 c:/program files (x86)/microchip/xc32/v1.40/bin/bin/../../lib/gcc/pic32mx/4.8.3/../../../../pic32mx/lib\libpic32.a(defaultinterrupt.o)

.bss            0x00000000        0x0
 .bss           0x00000000        0x0 c:/program files (x86)/microchip/xc32/v1.40/bin/bin/../../lib/gcc/pic32mx/4.8.3/../../../../pic32mx/lib\libpic32.a(default-general-exception-handler.o)

.data           0x00000000        0x0
 .data          0x00000000        0x0 c:/program files (x86)/microchip/xc32/v1.40/bin/bin/../../lib/gcc/pic32mx/4.8.3/../../../../pic32mx/lib\libpic32.a(default-general-exception-handler.o)

.bss            0x00000000        0x0
 .bss           0x00000000        0x0 c:/program files (x86)/microchip/xc32/v1.40/bin/bin/../../lib/gcc/pic32mx/4.8.3/../../../../pic32mx/lib\libpic32.a(vector41.o)

.data           0x00000000        0x0
 .data          0x00000000        0x0 c:/program files (x86)/microchip/xc32/v1.40/bin/bin/../../lib/gcc/pic32mx/4.8.3/../../../../pic32mx/lib\libpic32.a(vector41.o)

.bss            0x00000000        0x0
 .bss           0x00000000        0x0 c:/program files (x86)/microchip/xc32/v1.40/bin/bin/../../lib/gcc/pic32mx/4.8.3/../../../../pic32mx/lib\libpic32.a(vector40.o)

.data           0x00000000        0x0
 .data          0x00000000        0x0 c:/program files (x86)/microchip/xc32/v1.40/bin/bin/../../lib/gcc/pic32mx/4.8.3/../../../../pic32mx/lib\libpic32.a(vector40.o)

.bss            0x00000000        0x0
 .bss           0x00000000        0x0 c:/program files (x86)/microchip/xc32/v1.40/bin/bin/../../lib/gcc/pic32mx/4.8.3/../../../../pic32mx/lib\libpic32.a(vector34.o)

.data           0x00000000        0x0
 .data          0x00000000        0x0 c:/program files (x86)/microchip/xc32/v1.40/bin/bin/../../lib/gcc/pic32mx/4.8.3/../../../../pic32mx/lib\libpic32.a(vector34.o)

.bss            0x00000000        0x0
 .bss           0x00000000        0x0 c:/program files (x86)/microchip/xc32/v1.40/bin/bin/../../lib/gcc/pic32mx/4.8.3/../../../../pic32mx/lib\libpic32.a(vector33.o)

.data           0x00000000        0x0
 .data          0x00000000        0x0 c:/program files (x86)/microchip/xc32/v1.40/bin/bin/../../lib/gcc/pic32mx/4.8.3/../../../../pic32mx/lib\libpic32.a(vector33.o)

.bss            0x00000000        0x0
 .bss           0x00000000        0x0 c:/program files (x86)/microchip/xc32/v1.40/bin/bin/../../lib/gcc/pic32mx/4.8.3/../../../../pic32mx/lib\libpic32.a(vector30.o)

.data           0x00000000        0x0
 .data          0x00000000        0x0 c:/program files (x86)/microchip/xc32/v1.40/bin/bin/../../lib/gcc/pic32mx/4.8.3/../../../../pic32mx/lib\libpic32.a(vector30.o)

.bss            0x00000000        0x0
 .bss           0x00000000        0x0 c:/program files (x86)/microchip/xc32/v1.40/bin/bin/../../lib/gcc/pic32mx/4.8.3/../../../../pic32mx/lib\libpic32.a(vector29.o)

.data           0x00000000        0x0
 .data          0x00000000        0x0 c:/program files (x86)/microchip/xc32/v1.40/bin/bin/../../lib/gcc/pic32mx/4.8.3/../../../../pic32mx/lib\libpic32.a(vector29.o)

.bss            0x00000000        0x0
 .bss           0x00000000        0x0 c:/program files (x86)/microchip/xc32/v1.40/bin/bin/../../lib/gcc/pic32mx/4.8.3/../../../../pic32mx/lib\libpic32.a(vector28.o)

.data           0x00000000        0x0
 .data          0x00000000        0x0 c:/program files (x86)/microchip/xc32/v1.40/bin/bin/../../lib/gcc/pic32mx/4.8.3/../../../../pic32mx/lib\libpic32.a(vector28.o)

.bss            0x00000000        0x0
 .bss           0x00000000        0x0 c:/program files (x86)/microchip/xc32/v1.40/bin/bin/../../lib/gcc/pic32mx/4.8.3/../../../../pic32mx/lib\libpic32.a(vector27.o)

.data           0x00000000        0x0
 .data          0x00000000        0x0 c:/program files (x86)/microchip/xc32/v1.40/bin/bin/../../lib/gcc/pic32mx/4.8.3/../../../../pic32mx/lib\libpic32.a(vector27.o)

.bss            0x00000000        0x0
 .bss           0x00000000        0x0 c:/program files (x86)/microchip/xc32/v1.40/bin/bin/../../lib/gcc/pic32mx/4.8.3/../../../../pic32mx/lib\libpic32.a(vector26.o)

.data           0x00000000        0x0
 .data          0x00000000        0x0 c:/program files (x86)/microchip/xc32/v1.40/bin/bin/../../lib/gcc/pic32mx/4.8.3/../../../../pic32mx/lib\libpic32.a(vector26.o)

.bss            0x00000000        0x0
 .bss           0x00000000        0x0 c:/program files (x86)/microchip/xc32/v1.40/bin/bin/../../lib/gcc/pic32mx/4.8.3/../../../../pic32mx/lib\libpic32.a(vector24.o)

.data           0x00000000        0x0
 .data          0x00000000        0x0 c:/program files (x86)/microchip/xc32/v1.40/bin/bin/../../lib/gcc/pic32mx/4.8.3/../../../../pic32mx/lib\libpic32.a(vector24.o)

.bss            0x00000000        0x0
 .bss           0x00000000        0x0 c:/program files (x86)/microchip/xc32/v1.40/bin/bin/../../lib/gcc/pic32mx/4.8.3/../../../../pic32mx/lib\libpic32.a(vector22.o)

.data           0x00000000        0x0
 .data          0x00000000        0x0 c:/program files (x86)/microchip/xc32/v1.40/bin/bin/../../lib/gcc/pic32mx/4.8.3/../../../../pic32mx/lib\libpic32.a(vector22.o)

.bss            0x00000000        0x0
 .bss           0x00000000        0x0 c:/program files (x86)/microchip/xc32/v1.40/bin/bin/../../lib/gcc/pic32mx/4.8.3/../../../../pic32mx/lib\libpic32.a(vector21.o)

.data           0x00000000        0x0
 .data          0x00000000        0x0 c:/program files (x86)/microchip/xc32/v1.40/bin/bin/../../lib/gcc/pic32mx/4.8.3/../../../../pic32mx/lib\libpic32.a(vector21.o)

.bss            0x00000000        0x0
 .bss           0x00000000        0x0 c:/program files (x86)/microchip/xc32/v1.40/bin/bin/../../lib/gcc/pic32mx/4.8.3/../../../../pic32mx/lib\libpic32.a(vector19.o)

.data           0x00000000        0x0
 .data          0x00000000        0x0 c:/program files (x86)/microchip/xc32/v1.40/bin/bin/../../lib/gcc/pic32mx/4.8.3/../../../../pic32mx/lib\libpic32.a(vector19.o)

.bss            0x00000000        0x0
 .bss           0x00000000        0x0 c:/program files (x86)/microchip/xc32/v1.40/bin/bin/../../lib/gcc/pic32mx/4.8.3/../../../../pic32mx/lib\libpic32.a(vector18.o)

.data           0x00000000        0x0
 .data          0x00000000        0x0 c:/program files (x86)/microchip/xc32/v1.40/bin/bin/../../lib/gcc/pic32mx/4.8.3/../../../../pic32mx/lib\libpic32.a(vector18.o)

.bss            0x00000000        0x0
 .bss           0x00000000        0x0 c:/program files (x86)/microchip/xc32/v1.40/bin/bin/../../lib/gcc/pic32mx/4.8.3/../../../../pic32mx/lib\libpic32.a(vector17.o)

.data           0x00000000        0x0
 .data          0x00000000        0x0 c:/program files (x86)/microchip/xc32/v1.40/bin/bin/../../lib/gcc/pic32mx/4.8.3/../../../../pic32mx/lib\libpic32.a(vector17.o)

.bss            0x00000000        0x0
 .bss           0x00000000        0x0 c:/program files (x86)/microchip/xc32/v1.40/bin/bin/../../lib/gcc/pic32mx/4.8.3/../../../../pic32mx/lib\libpic32.a(vector14.o)

.data           0x00000000        0x0
 .data          0x00000000        0x0 c:/program files (x86)/microchip/xc32/v1.40/bin/bin/../../lib/gcc/pic32mx/4.8.3/../../../../pic32mx/lib\libpic32.a(vector14.o)

.bss            0x00000000        0x0
 .bss           0x00000000        0x0 c:/program files (x86)/microchip/xc32/v1.40/bin/bin/../../lib/gcc/pic32mx/4.8.3/../../../../pic32mx/lib\libpic32.a(vector13.o)

.data           0x00000000        0x0
 .data          0x00000000        0x0 c:/program files (x86)/microchip/xc32/v1.40/bin/bin/../../lib/gcc/pic32mx/4.8.3/../../../../pic32mx/lib\libpic32.a(vector13.o)

.bss            0x00000000        0x0
 .bss           0x00000000        0x0 c:/program files (x86)/microchip/xc32/v1.40/bin/bin/../../lib/gcc/pic32mx/4.8.3/../../../../pic32mx/lib\libpic32.a(vector10.o)

.data           0x00000000        0x0
 .data          0x00000000        0x0 c:/program files (x86)/microchip/xc32/v1.40/bin/bin/../../lib/gcc/pic32mx/4.8.3/../../../../pic32mx/lib\libpic32.a(vector10.o)

.bss            0x00000000        0x0
 .bss           0x00000000        0x0 c:/program files (x86)/microchip/xc32/v1.40/bin/bin/../../lib/gcc/pic32mx/4.8.3/../../../../pic32mx/lib\libpic32.a(vector9.o)

.data           0x00000000        0x0
 .data          0x00000000        0x0 c:/program files (x86)/microchip/xc32/v1.40/bin/bin/../../lib/gcc/pic32mx/4.8.3/../../../../pic32mx/lib\libpic32.a(vector9.o)

.bss            0x00000000        0x0
 .bss           0x00000000        0x0 c:/program files (x86)/microchip/xc32/v1.40/bin/bin/../../lib/gcc/pic32mx/4.8.3/../../../../pic32mx/lib\libpic32.a(vector6.o)

.data           0x00000000        0x0
 .data          0x00000000        0x0 c:/program files (x86)/microchip/xc32/v1.40/bin/bin/../../lib/gcc/pic32mx/4.8.3/../../../../pic32mx/lib\libpic32.a(vector6.o)

.bss            0x00000000        0x0
 .bss           0x00000000        0x0 c:/program files (x86)/microchip/xc32/v1.40/bin/bin/../../lib/gcc/pic32mx/4.8.3/../../../../pic32mx/lib\libpic32.a(vector5.o)

.data           0x00000000        0x0
 .data          0x00000000        0x0 c:/program files (x86)/microchip/xc32/v1.40/bin/bin/../../lib/gcc/pic32mx/4.8.3/../../../../pic32mx/lib\libpic32.a(vector5.o)

.bss            0x00000000        0x0
 .bss           0x00000000        0x0 c:/program files (x86)/microchip/xc32/v1.40/bin/bin/../../lib/gcc/pic32mx/4.8.3/../../../../pic32mx/lib\libpic32.a(vector2.o)

.data           0x00000000        0x0
 .data          0x00000000        0x0 c:/program files (x86)/microchip/xc32/v1.40/bin/bin/../../lib/gcc/pic32mx/4.8.3/../../../../pic32mx/lib\libpic32.a(vector2.o)

.bss            0x00000000        0x0
 .bss           0x00000000        0x0 c:/program files (x86)/microchip/xc32/v1.40/bin/bin/../../lib/gcc/pic32mx/4.8.3/../../../../pic32mx/lib\libpic32.a(vector1.o)

.data           0x00000000        0x0
 .data          0x00000000        0x0 c:/program files (x86)/microchip/xc32/v1.40/bin/bin/../../lib/gcc/pic32mx/4.8.3/../../../../pic32mx/lib\libpic32.a(vector1.o)

.bss            0x00000000        0x0
 .bss           0x00000000        0x0 c:/program files (x86)/microchip/xc32/v1.40/bin/bin/../../lib/gcc/pic32mx/4.8.3/../../../../pic32mx/lib\libpic32.a(vector0.o)

.data           0x00000000        0x0
 .data          0x00000000        0x0 c:/program files (x86)/microchip/xc32/v1.40/bin/bin/../../lib/gcc/pic32mx/4.8.3/../../../../pic32mx/lib\libpic32.a(vector0.o)

.bss            0x00000000        0x0
 .bss           0x00000000        0x0 c:/program files (x86)/microchip/xc32/v1.40/bin/bin/../../lib/gcc/pic32mx/4.8.3/../../../../pic32mx/lib\libpic32.a(general-exception.o)

.data           0x00000000        0x0
 .data          0x00000000        0x0 c:/program files (x86)/microchip/xc32/v1.40/bin/bin/../../lib/gcc/pic32mx/4.8.3/../../../../pic32mx/lib\libpic32.a(general-exception.o)

.bss            0x00000000        0x0
 .bss           0x00000000        0x0 c:/program files (x86)/microchip/xc32/v1.40/bin/bin/../../lib/gcc/pic32mx/4.8.3/../../../../pic32mx/lib\libpic32.a(default-nmi-handler.o)

.data           0x00000000        0x0
 .data          0x00000000        0x0 c:/program files (x86)/microchip/xc32/v1.40/bin/bin/../../lib/gcc/pic32mx/4.8.3/../../../../pic32mx/lib\libpic32.a(default-nmi-handler.o)

.bss            0x00000000        0x0
 .bss           0x00000000        0x0 c:/program files (x86)/microchip/xc32/v1.40/bin/bin/../../lib/gcc/pic32mx/4.8.3/../../../../pic32mx/lib\libpic32.a(default-on-bootstrap.o)

.data           0x00000000        0x0
 .data          0x00000000        0x0 c:/program files (x86)/microchip/xc32/v1.40/bin/bin/../../lib/gcc/pic32mx/4.8.3/../../../../pic32mx/lib\libpic32.a(default-on-bootstrap.o)

.bss            0x00000000        0x0
 .bss           0x00000000        0x0 c:/program files (x86)/microchip/xc32/v1.40/bin/bin/../../lib/gcc/pic32mx/4.8.3/../../../../pic32mx/lib\libpic32.a(default-on-reset.o)

.data           0x00000000        0x0
 .data          0x00000000        0x0 c:/program files (x86)/microchip/xc32/v1.40/bin/bin/../../lib/gcc/pic32mx/4.8.3/../../../../pic32mx/lib\libpic32.a(default-on-reset.o)

.bss            0x00000000        0x0
 .bss           0x00000000        0x0 c:/program files (x86)/microchip/xc32/v1.40/bin/bin/../../lib/gcc/pic32mx/4.8.3/../../../../pic32mx/lib\libpic32.a(default-bootstrap-exception-handler.o)

.data           0x00000000        0x0
 .data          0x00000000        0x0 c:/program files (x86)/microchip/xc32/v1.40/bin/bin/../../lib/gcc/pic32mx/4.8.3/../../../../pic32mx/lib\libpic32.a(default-bootstrap-exception-handler.o)

.bss            0x00000000        0x0
 .bss           0x00000000        0x0 c:/program files (x86)/microchip/xc32/v1.40/bin/bin/../../lib/gcc/pic32mx/4.8.3\libgcc.a(floatunsisf.o)

.data           0x00000000        0x0
 .data          0x00000000        0x0 c:/program files (x86)/microchip/xc32/v1.40/bin/bin/../../lib/gcc/pic32mx/4.8.3\libgcc.a(floatunsisf.o)

.bss            0x00000000        0x0
 .bss           0x00000000        0x0 c:/program files (x86)/microchip/xc32/v1.40/bin/bin/../../lib/gcc/pic32mx/4.8.3/../../../../pic32mx/lib/./proc/32MX350F128L\processor.o

.data           0x00000000        0x0
 .data          0x00000000        0x0 c:/program files (x86)/microchip/xc32/v1.40/bin/bin/../../lib/gcc/pic32mx/4.8.3/../../../../pic32mx/lib/./proc/32MX350F128L\processor.o

.bss            0x00000000        0x0
 .bss           0x00000000        0x0 c:/program files (x86)/microchip/xc32/v1.40/bin/bin/../../lib/gcc/pic32mx/4.8.3/../../../../pic32mx/lib\pic32_software_reset.o

.data           0x00000000        0x0
 .data          0x00000000        0x0 c:/program files (x86)/microchip/xc32/v1.40/bin/bin/../../lib/gcc/pic32mx/4.8.3/../../../../pic32mx/lib\pic32_software_reset.o

.bss            0x00000000        0x0
 .bss           0x00000000        0x0 c:/program files (x86)/microchip/xc32/v1.40/bin/bin/../../lib/gcc/pic32mx/4.8.3/../../../../pic32mx/lib/./proc/32MX350F128L\default_isr_vectors.o

.data           0x00000000        0x0
 .data          0x00000000        0x0 c:/program files (x86)/microchip/xc32/v1.40/bin/bin/../../lib/gcc/pic32mx/4.8.3/../../../../pic32mx/lib/./proc/32MX350F128L\default_isr_vectors.o

.bss            0x00000000        0x0
 .bss           0x00000000        0x0 build/Catalyst_revA_PIC32MX350f128L/production/CMD.o

.data           0x00000000        0x0
 .data          0x00000000        0x0 build/Catalyst_revA_PIC32MX350f128L/production/CMD.o

.bss            0x00000000        0x0
 .bss           0x00000000        0x0 build/Catalyst_revA_PIC32MX350f128L/production/EXPAND_IR.o

.data           0x00000000        0x0
 .data          0x00000000        0x0 build/Catalyst_revA_PIC32MX350f128L/production/EXPAND_IR.o

.bss            0x00000000        0x0
 .bss           0x00000000        0x0 build/Catalyst_revA_PIC32MX350f128L/production/EXPAND_RF.o

.data           0x00000000        0x0
 .data          0x00000000        0x0 build/Catalyst_revA_PIC32MX350f128L/production/EXPAND_RF.o

.bss            0x00000000        0x0
 .bss           0x00000000        0x0 build/Catalyst_revA_PIC32MX350f128L/production/I2C.o

.data           0x00000000        0x0
 .data          0x00000000        0x0 build/Catalyst_revA_PIC32MX350f128L/production/I2C.o

.bss            0x00000000        0x0
 .bss           0x00000000        0x0 build/Catalyst_revA_PIC32MX350f128L/production/RTCC.o

.data           0x00000000        0x0
 .data          0x00000000        0x0 build/Catalyst_revA_PIC32MX350f128L/production/RTCC.o

.bss            0x00000000        0x0
 .bss           0x00000000        0x0 build/Catalyst_revA_PIC32MX350f128L/production/SPI.o

.data           0x00000000        0x0
 .data          0x00000000        0x0 build/Catalyst_revA_PIC32MX350f128L/production/SPI.o

.bss            0x00000000        0x0
 .bss           0x00000000        0x0 build/Catalyst_revA_PIC32MX350f128L/production/POWER.o

.data           0x00000000        0x0
 .data          0x00000000        0x0 build/Catalyst_revA_PIC32MX350f128L/production/POWER.o

.bss            0x00000000        0x0
 .bss           0x00000000        0x0 build/Catalyst_revA_PIC32MX350f128L/production/FLASH.o

.data           0x00000000        0x0
 .data          0x00000000        0x0 build/Catalyst_revA_PIC32MX350f128L/production/FLASH.o

.bss            0x00000000        0x0
 .bss           0x00000000        0x0 build/Catalyst_revA_PIC32MX350f128L/production/PWM.o

.data           0x00000000        0x0
 .data          0x00000000        0x0 build/Catalyst_revA_PIC32MX350f128L/production/PWM.o

.bss            0x00000000        0x0
 .bss           0x00000000        0x0 build/Catalyst_revA_PIC32MX350f128L/production/TIMERS.o

.data           0x00000000        0x0
 .data          0x00000000        0x0 build/Catalyst_revA_PIC32MX350f128L/production/TIMERS.o

.bss            0x00000000        0x0
 .bss           0x00000000        0x0 build/Catalyst_revA_PIC32MX350f128L/production/ADC.o

.data           0x00000000        0x0
 .data          0x00000000        0x0 build/Catalyst_revA_PIC32MX350f128L/production/ADC.o

.bss            0x00000000        0x0
 .bss           0x00000000        0x0 build/Catalyst_revA_PIC32MX350f128L/production/UART.o

.data           0x00000000        0x0
 .data          0x00000000        0x0 build/Catalyst_revA_PIC32MX350f128L/production/UART.o

.bss            0x00000000        0x0
 .bss           0x00000000        0x0 build/Catalyst_revA_PIC32MX350f128L/production/DMA.o

.data           0x00000000        0x0
 .data          0x00000000        0x0 build/Catalyst_revA_PIC32MX350f128L/production/DMA.o

.bss            0x00000000        0x0
 .bss           0x00000000        0x0 build/Catalyst_revA_PIC32MX350f128L/production/MISC.o

.data           0x00000000        0x0
 .data          0x00000000        0x0 build/Catalyst_revA_PIC32MX350f128L/production/MISC.o

.bss            0x00000000        0x0
 .bss           0x00000000        0x0 build/Catalyst_revA_PIC32MX350f128L/production/USER.o

.data           0x00000000        0x0
 .data          0x00000000        0x0 build/Catalyst_revA_PIC32MX350f128L/production/USER.o

.bss            0x00000000        0x0
 .bss           0x00000000        0x0 build/Catalyst_revA_PIC32MX350f128L/production/INTERRUPTS.o

.data           0x00000000        0x0
 .data          0x00000000        0x0 build/Catalyst_revA_PIC32MX350f128L/production/INTERRUPTS.o

.bss            0x00000000        0x0
 .bss           0x00000000        0x0 build/Catalyst_revA_PIC32MX350f128L/production/EXCEPTIONS.o

.data           0x00000000        0x0
 .data          0x00000000        0x0 build/Catalyst_revA_PIC32MX350f128L/production/EXCEPTIONS.o

.bss            0x00000000        0x0
 .bss           0x00000000        0x0 build/Catalyst_revA_PIC32MX350f128L/production/SYSTEM.o

.data           0x00000000        0x0
 .data          0x00000000        0x0 build/Catalyst_revA_PIC32MX350f128L/production/SYSTEM.o

.bss            0x00000000        0x0
 .bss           0x00000000        0x0 build/Catalyst_revA_PIC32MX350f128L/production/main.o

.data           0x00000000        0x0