
Optional file libmchp_peripheral.a not found

Optional file libmchp_peripheral_32MX350F128L.a not found
Archive member included because of file (symbol)

c:/program files (x86)/microchip/xc32/v1.40/bin/bin/../../lib/gcc/pic32mx/4.8.3\libgcc.a(floatunsisf.o)
                              build/Catalyst_revA_PIC32MX350f128L/production/INTERRUPTS.o (__floatunsisf)
c:/program files (x86)/microchip/xc32/v1.40/bin/bin/../../lib/gcc/pic32mx/4.8.3/../../../../pic32mx/lib\libpic32.a(default-bootstrap-exception-handler.o)
                              c:/program files (x86)/microchip/xc32/v1.40/bin/bin/../../lib/gcc/pic32mx/4.8.3/../../../../pic32mx/lib/./proc/32MX350F128L/crt0_mips32r2.o (_bootstrap_exception_handler)
c:/program files (x86)/microchip/xc32/v1.40/bin/bin/../../lib/gcc/pic32mx/4.8.3/../../../../pic32mx/lib\libpic32.a(default-on-reset.o)
                              c:/program files (x86)/microchip/xc32/v1.40/bin/bin/../../lib/gcc/pic32mx/4.8.3/../../../../pic32mx/lib/./proc/32MX350F128L/crt0_mips32r2.o (_on_reset)
c:/program files (x86)/microchip/xc32/v1.40/bin/bin/../../lib/gcc/pic32mx/4.8.3/../../../../pic32mx/lib\libpic32.a(default-on-bootstrap.o)
                              c:/program files (x86)/microchip/xc32/v1.40/bin/bin/../../lib/gcc/pic32mx/4.8.3/../../../../pic32mx/lib/./proc/32MX350F128L/crt0_mips32r2.o (_on_bootstrap)
c:/program files (x86)/microchip/xc32/v1.40/bin/bin/../../lib/gcc/pic32mx/4.8.3/../../../../pic32mx/lib\libpic32.a(default-nmi-handler.o)
                              c:/program files (x86)/microchip/xc32/v1.40/bin/bin/../../lib/gcc/pic32mx/4.8.3/../../../../pic32mx/lib/./proc/32MX350F128L/crt0_mips32r2.o (_nmi_handler)
c:/program files (x86)/microchip/xc32/v1.40/bin/bin/../../lib/gcc/pic32mx/4.8.3/../../../../pic32mx/lib\libpic32.a(general-exception.o)
                              c:/program files (x86)/microchip/xc32/v1.40/bin/bin/../../lib/gcc/pic32mx/4.8.3/../../../../pic32mx/lib/./proc/32MX350F128L/crt0_mips32r2.o (_general_exception_context)
c:/program files (x86)/microchip/xc32/v1.40/bin/bin/../../lib/gcc/pic32mx/4.8.3/../../../../pic32mx/lib\libpic32.a(vector0.o)
                              c:/program files (x86)/microchip/xc32/v1.40/bin/bin/../../lib/gcc/pic32mx/4.8.3/../../../../pic32mx/lib/./proc/32MX350F128L\default_isr_vectors.o (__vector_dispatch_0)
c:/program files (x86)/microchip/xc32/v1.40/bin/bin/../../lib/gcc/pic32mx/4.8.3/../../../../pic32mx/lib\libpic32.a(vector1.o)
                              c:/program files (x86)/microchip/xc32/v1.40/bin/bin/../../lib/gcc/pic32mx/4.8.3/../../../../pic32mx/lib/./proc/32MX350F128L\default_isr_vectors.o (__vector_dispatch_1)
c:/program files (x86)/microchip/xc32/v1.40/bin/bin/../../lib/gcc/pic32mx/4.8.3/../../../../pic32mx/lib\libpic32.a(vector2.o)
                              c:/program files (x86)/microchip/xc32/v1.40/bin/bin/../../lib/gcc/pic32mx/4.8.3/../../../../pic32mx/lib/./proc/32MX350F128L\default_isr_vectors.o (__vector_dispatch_2)
c:/program files (x86)/microchip/xc32/v1.40/bin/bin/../../lib/gcc/pic32mx/4.8.3/../../../../pic32mx/lib\libpic32.a(vector5.o)
                              c:/program files (x86)/microchip/xc32/v1.40/bin/bin/../../lib/gcc/pic32mx/4.8.3/../../../../pic32mx/lib/./proc/32MX350F128L\default_isr_vectors.o (__vector_dispatch_5)
c:/program files (x86)/microchip/xc32/v1.40/bin/bin/../../lib/gcc/pic32mx/4.8.3/../../../../pic32mx/lib\libpic32.a(vector6.o)
                              c:/program files (x86)/microchip/xc32/v1.40/bin/bin/../../lib/gcc/pic32mx/4.8.3/../../../../pic32mx/lib/./proc/32MX350F128L\default_isr_vectors.o (__vector_dispatch_6)
c:/program files (x86)/microchip/xc32/v1.40/bin/bin/../../lib/gcc/pic32mx/4.8.3/../../../../pic32mx/lib\libpic32.a(vector9.o)
                              c:/program files (x86)/microchip/xc32/v1.40/bin/bin/../../lib/gcc/pic32mx/4.8.3/../../../../pic32mx/lib/./proc/32MX350F128L\default_isr_vectors.o (__vector_dispatch_9)
c:/program files (x86)/microchip/xc32/v1.40/bin/bin/../../lib/gcc/pic32mx/4.8.3/../../../../pic32mx/lib\libpic32.a(vector10.o)
                              c:/program files (x86)/microchip/xc32/v1.40/bin/bin/../../lib/gcc/pic32mx/4.8.3/../../../../pic32mx/lib/./proc/32MX350F128L\default_isr_vectors.o (__vector_dispatch_10)
c:/program files (x86)/microchip/xc32/v1.40/bin/bin/../../lib/gcc/pic32mx/4.8.3/../../../../pic32mx/lib\libpic32.a(vector13.o)
                              c:/program files (x86)/microchip/xc32/v1.40/bin/bin/../../lib/gcc/pic32mx/4.8.3/../../../../pic32mx/lib/./proc/32MX350F128L\default_isr_vectors.o (__vector_dispatch_13)
c:/program files (x86)/microchip/xc32/v1.40/bin/bin/../../lib/gcc/pic32mx/4.8.3/../../../../pic32mx/lib\libpic32.a(vector14.o)
                              c:/program files (x86)/microchip/xc32/v1.40/bin/bin/../../lib/gcc/pic32mx/4.8.3/../../../../pic32mx/lib/./proc/32MX350F128L\default_isr_vectors.o (__vector_dispatch_14)
[...]
Memory Configuration

Name             Origin             Length             Attributes
kseg0_program_mem 0x9d000000         0x00020000         xr
kseg0_boot_mem   0x9fc00490         0x00000970
exception_mem    0x9fc01000         0x00001000
kseg1_boot_mem   0xbfc00000         0x00000490
debug_exec_mem   0xbfc02000         0x00000ff0
config3          0xbfc02ff0         0x00000004
config2          0xbfc02ff4         0x00000004
config1          0xbfc02ff8         0x00000004
config0          0xbfc02ffc         0x00000004
kseg1_data_mem   0xa0000000         0x00008000         w !x
sfrs             0xbf800000         0x00100000
configsfrs       0xbfc02ff0         0x00000010
*default*        0x00000000         0xffffffff

Linker script and memory map

LOAD c:/program files (x86)/microchip/xc32/v1.40/bin/bin/../../lib/gcc/pic32mx/4.8.3/../../../../pic32mx/lib/./proc/32MX350F128L/crt0_mips32r2.o
LOAD c:/program files (x86)/microchip/xc32/v1.40/bin/bin/../../lib/gcc/pic32mx/4.8.3/../../../../pic32mx/lib\debug-exception-return.o
LOAD build/Catalyst_revA_PIC32MX350f128L/production/CONFIGURATION.o
LOAD build/Catalyst_revA_PIC32MX350f128L/production/main.o
LOAD build/Catalyst_revA_PIC32MX350f128L/production/SYSTEM.o
LOAD build/Catalyst_revA_PIC32MX350f128L/production/EXCEPTIONS.o
LOAD build/Catalyst_revA_PIC32MX350f128L/production/INTERRUPTS.o
LOAD build/Catalyst_revA_PIC32MX350f128L/production/USER.o
LOAD build/Catalyst_revA_PIC32MX350f128L/production/MISC.o
LOAD build/Catalyst_revA_PIC32MX350f128L/production/DMA.o
LOAD build/Catalyst_revA_PIC32MX350f128L/production/UART.o
LOAD build/Catalyst_revA_PIC32MX350f128L/production/ADC.o
LOAD build/Catalyst_revA_PIC32MX350f128L/production/TIMERS.o
LOAD build/Catalyst_revA_PIC32MX350f128L/production/PWM.o
LOAD build/Catalyst_revA_PIC32MX350f128L/production/FLASH.o
LOAD build/Catalyst_revA_PIC32MX350f128L/production/POWER.o
LOAD build/Catalyst_revA_PIC32MX350f128L/production/SPI.o
LOAD build/Catalyst_revA_PIC32MX350f128L/production/RTCC.o
LOAD build/Catalyst_revA_PIC32MX350f128L/production/I2C.o
LOAD build/Catalyst_revA_PIC32MX350f128L/production/EXPAND_RF.o
LOAD build/Catalyst_revA_PIC32MX350f128L/production/EXPAND_IR.o
LOAD build/Catalyst_revA_PIC32MX350f128L/production/CMD.o
                0x00000001                __MPLAB_BUILD = 0x1
LOAD c:/program files (x86)/microchip/xc32/v1.40/bin/bin/../../lib/gcc/pic32mx/4.8.3/../../../../pic32mx/lib/./proc/32MX350F128L\default_isr_vectors.o
LOAD c:/program files (x86)/microchip/xc32/v1.40/bin/bin/../../lib/gcc/pic32mx/4.8.3/../../../../pic32mx/lib\pic32_software_reset.o
                0x00000400                PROVIDE (_min_stack_size, 0x400)
LOAD c:/program files (x86)/microchip/xc32/v1.40/bin/bin/../../lib/gcc/pic32mx/4.8.3/../../../../pic32mx/lib/./proc/32MX350F128L\processor.o
START GROUP
LOAD libmchp_peripheral.a
END GROUP
START GROUP
LOAD libmchp_peripheral_32MX350F128L.a
END GROUP
                0x00000001                PROVIDE (_vector_spacing, 0x1)
                0x9fc01000                _ebase_address = 0x9fc01000
                0xbfc00000                _RESET_ADDR = 0xbfc00000
                0xbfc00380                _BEV_EXCPT_ADDR = 0xbfc00380
                0xbfc00480                _DBG_EXCPT_ADDR = 0xbfc00480
                0xbfc02000                _DBG_CODE_ADDR = 0xbfc02000
                0x00000ff0                _DBG_CODE_SIZE = 0xff0
                0x9fc01180                _GEN_EXCPT_ADDR = (_ebase_address + 0x180)

.config_BFC02FF0
                0xbfc02ff0        0x4
 *(.config_BFC02FF0)
 .config_BFC02FF0
                0xbfc02ff0        0x4 build/Catalyst_revA_PIC32MX350f128L/production/CONFIGURATION.o

.config_BFC02FF4
                0xbfc02ff4        0x4
 *(.config_BFC02FF4)
 .config_BFC02FF4
                0xbfc02ff4        0x4 build/Catalyst_revA_PIC32MX350f128L/production/CONFIGURATION.o

.config_BFC02FF8
                0xbfc02ff8        0x4
 *(.config_BFC02FF8)
 .config_BFC02FF8
                0xbfc02ff8        0x4 build/Catalyst_revA_PIC32MX350f128L/production/CONFIGURATION.o

.config_BFC02FFC
                0xbfc02ffc        0x4
 *(.config_BFC02FFC)
 .config_BFC02FFC
                0xbfc02ffc        0x4 build/Catalyst_revA_PIC32MX350f128L/production/CONFIGURATION.o
                0xbfc02000                PROVIDE (_DBG_CODE_ADDR, 0xbfc02000)
                0x00000ff0                PROVIDE (_DBG_CODE_SIZE, 0xff0)

.reset          0xbfc00000      0x1f4
 *(.reset)
 .reset         0xbfc00000        0x8 c:/program files (x86)/microchip/xc32/v1.40/bin/bin/../../lib/gcc/pic32mx/4.8.3/../../../../pic32mx/lib/./proc/32MX350F128L/crt0_mips32r2.o
                0xbfc00000                _reset
 *(.reset.startup)
 .reset.startup
                0xbfc00008      0x1ec c:/program files (x86)/microchip/xc32/v1.40/bin/bin/../../lib/gcc/pic32mx/4.8.3/../../../../pic32mx/lib/./proc/32MX350F128L/crt0_mips32r2.o

.bev_excpt      0xbfc00380       0x10
 *(.bev_handler)
 .bev_handler   0xbfc00380       0x10 c:/program files (x86)/microchip/xc32/v1.40/bin/bin/../../lib/gcc/pic32mx/4.8.3/../../../../pic32mx/lib/./proc/32MX350F128L/crt0_mips32r2.o

.dbg_excpt      0xbfc00480        0x0
                0xbfc00480                . = (. + DEFINED (_DEBUGGER)?0x8:0x0)

.dbg_code       0xbfc02000        0x0
                0xbfc02000                . = (. + DEFINED (_DEBUGGER)?_DBG_CODE_SIZE:0x0)

.app_excpt      0x9fc01180       0x10
 *(.gen_handler)
 .gen_handler   0x9fc01180       0x10 c:/program files (x86)/microchip/xc32/v1.40/bin/bin/../../lib/gcc/pic32mx/4.8.3/../../../../pic32mx/lib/./proc/32MX350F128L/crt0_mips32r2.o

.vector_0       0x9fc01200        0x8
 *(.vector_0)
 .vector_0      0x9fc01200        0x8 c:/program files (x86)/microchip/xc32/v1.40/bin/bin/../../lib/gcc/pic32mx/4.8.3/../../../../pic32mx/lib\libpic32.a(vector0.o)
                0x9fc01200                __vector_dispatch_0
                0x00000001                ASSERT (((_vector_spacing == 0x0) || (SIZEOF (.vector_0) <= (_vector_spacing << 0x5))), function at exception vector 0 too large)

.vector_1       0x9fc01220        0x8
 *(.vector_1)
 .vector_1      0x9fc01220        0x8 c:/program files (x86)/microchip/xc32/v1.40/bin/bin/../../lib/gcc/pic32mx/4.8.3/../../../../pic32mx/lib\libpic32.a(vector1.o)
                0x9fc01220                __vector_dispatch_1
                0x00000001                ASSERT (((_vector_spacing == 0x0) || (SIZEOF (.vector_1) <= (_vector_spacing << 0x5))), function at exception vector 1 too large)

.vector_2       0x9fc01240        0x8
 *(.vector_2)
 .vector_2      0x9fc01240        0x8 c:/program files (x86)/microchip/xc32/v1.40/bin/bin/../../lib/gcc/pic32mx/4.8.3/../../../../pic32mx/lib\libpic32.a(vector2.o)
                0x9fc01240                __vector_dispatch_2
                0x00000001                ASSERT (((_vector_spacing == 0x0) || (SIZEOF (.vector_2) <= (_vector_spacing << 0x5))), function at exception vector 2 too large)

.vector_3       0x9fc01260        0x8
 *(.vector_3)
 .vector_3      0x9fc01260        0x8 build/Catalyst_revA_PIC32MX350f128L/production/INTERRUPTS.o
                0x9fc01260                __vector_dispatch_3
                0x00000001                ASSERT (((_vector_spacing == 0x0) || (SIZEOF (.vector_3) <= (_vector_spacing << 0x5))), function at exception vector 3 too large)

.vector_4       0x9fc01280        0x8
 *(.vector_4)
 .vector_4      0x9fc01280        0x8 build/Catalyst_revA_PIC32MX350f128L/production/INTERRUPTS.o
                0x9fc01280                __vector_dispatch_4
                0x00000001                ASSERT (((_vector_spacing == 0x0) || (SIZEOF (.vector_4) <= (_vector_spacing << 0x5))), function at exception vector 4 too large)

.vector_5       0x9fc012a0        0x8
 *(.vector_5)
 .vector_5      0x9fc012a0        0x8 c:/program files (x86)/microchip/xc32/v1.40/bin/bin/../../lib/gcc/pic32mx/4.8.3/../../../../pic32mx/lib\libpic32.a(vector5.o)
                0x9fc012a0                __vector_dispatch_5
                0x00000001                ASSERT (((_vector_spacing == 0x0) || (SIZEOF (.vector_5) <= (_vector_spacing << 0x5))), function at exception vector 5 too large)

.vector_6       0x9fc012c0        0x8
 *(.vector_6)
 .vector_6      0x9fc012c0        0x8 c:/program files (x86)/microchip/xc32/v1.40/bin/bin/../../lib/gcc/pic32mx/4.8.3/../../../../pic32mx/lib\libpic32.a(vector6.o)
                0x9fc012c0                __vector_dispatch_6
                0x00000001                ASSERT (((_vector_spacing == 0x0) || (SIZEOF (.vector_6) <= (_vector_spacing << 0x5))), function at exception vector 6 too large)

.vector_7       0x9fc012e0        0x8
 *(.vector_7)
 .vector_7      0x9fc012e0        0x8 build/Catalyst_revA_PIC32MX350f128L/production/INTERRUPTS.o
                0x9fc012e0                __vector_dispatch_7
                0x00000001                ASSERT (((_vector_spacing == 0x0) || (SIZEOF (.vector_7) <= (_vector_spacing << 0x5))), function at exception vector 7 too large)

.vector_8       0x9fc01300        0x8
 *(.vector_8)
 .vector_8      0x9fc01300        0x8 build/Catalyst_revA_PIC32MX350f128L/production/INTERRUPTS.o
                0x9fc01300                __vector_dispatch_8
                0x00000001                ASSERT (((_vector_spacing == 0x0) || (SIZEOF (.vector_8) <= (_vector_spacing << 0x5))), function at exception vector 8 too large)

.vector_9       0x9fc01320        0x8
 *(.vector_9)
 .vector_9      0x9fc01320        0x8 c:/program files (x86)/microchip/xc32/v1.40/bin/bin/../../lib/gcc/pic32mx/4.8.3/../../../../pic32mx/lib\libpic32.a(vector9.o)
                0x9fc01320                __vector_dispatch_9
                0x00000001                ASSERT (((_vector_spacing == 0x0) || (SIZEOF (.vector_9) <= (_vector_spacing << 0x5))), function at exception vector 9 too large)

.vector_10      0x9fc01340        0x8
 *(.vector_10)
 .vector_10     0x9fc01340        0x8 c:/program files (x86)/microchip/xc32/v1.40/bin/bin/../../lib/gcc/pic32mx/4.8.3/../../../../pic32mx/lib\libpic32.a(vector10.o)
                0x9fc01340                __vector_dispatch_10
                0x00000001                ASSERT (((_vector_spacing == 0x0) || (SIZEOF (.vector_10) <= (_vector_spacing << 0x5))), function at exception vector 10 too large)

.vector_11      0x9fc01360        0x8
 *(.vector_11)
 .vector_11     0x9fc01360        0x8 build/Catalyst_revA_PIC32MX350f128L/production/INTERRUPTS.o
                0x9fc01360                __vector_dispatch_11
                0x00000001                ASSERT (((_vector_spacing == 0x0) || (SIZEOF (.vector_11) <= (_vector_spacing << 0x5))), function at exception vector 11 too large)

.vector_12      0x9fc01380        0x8
 *(.vector_12)
 .vector_12     0x9fc01380        0x8 build/Catalyst_revA_PIC32MX350f128L/production/INTERRUPTS.o
                0x9fc01380                __vector_dispatch_12
                0x00000001                ASSERT (((_vector_spacing == 0x0) || (SIZEOF (.vector_12) <= (_vector_spacing << 0x5))), function at exception vector 12 too large)

.vector_13      0x9fc013a0        0x8
 *(.vector_13)
 .vector_13     0x9fc013a0        0x8 c:/program files (x86)/microchip/xc32/v1.40/bin/bin/../../lib/gcc/pic32mx/4.8.3/../../../../pic32mx/lib\libpic32.a(vector13.o)
                0x9fc013a0                __vector_dispatch_13
                0x00000001                ASSERT (((_vector_spacing == 0x0) || (SIZEOF (.vector_13) <= (_vector_spacing << 0x5))), function at exception vector 13 too large)

.vector_14      0x9fc013c0        0x8
 *(.vector_14)
 .vector_14     0x9fc013c0        0x8 c:/program files (x86)/microchip/xc32/v1.40/bin/bin/../../lib/gcc/pic32mx/4.8.3/../../../../pic32mx/lib\libpic32.a(vector14.o)
                0x9fc013c0                __vector_dispatch_14
                0x00000001                ASSERT (((_vector_spacing == 0x0) || (SIZEOF (.vector_14) <= (_vector_spacing << 0x5))), function at exception vector 14 too large)

.vector_15      0x9fc013e0        0x8
 *(.vector_15)
 .vector_15     0x9fc013e0        0x8 build/Catalyst_revA_PIC32MX350f128L/production/INTERRUPTS.o
                0x9fc013e0                __vector_dispatch_15
                0x00000001                ASSERT (((_vector_spacing == 0x0) || (SIZEOF (.vector_15) <= (_vector_spacing << 0x5))), function at exception vector 15 too large)

.vector_16      0x9fc01400        0x8
 *(.vector_16)
 .vector_16     0x9fc01400        0x8 build/Catalyst_revA_PIC32MX350f128L/production/INTERRUPTS.o
                0x9fc01400                __vector_dispatch_16
                0x00000001                ASSERT (((_vector_spacing == 0x0) || (SIZEOF (.vector_16) <= (_vector_spacing << 0x5))), function at exception vector 16 too large)

.vector_17      0x9fc01420        0x8
 *(.vector_17)
 .vector_17     0x9fc01420        0x8 c:/program files (x86)/microchip/xc32/v1.40/bin/bin/../../lib/gcc/pic32mx/4.8.3/../../../../pic32mx/lib\libpic32.a(vector17.o)
                0x9fc01420                __vector_dispatch_17
                0x00000001                ASSERT (((_vector_spacing == 0x0) || (SIZEOF (.vector_17) <= (_vector_spacing << 0x5))), function at exception vector 17 too large)

.vector_18      0x9fc01440        0x8
 *(.vector_18)
 .vector_18     0x9fc01440        0x8 c:/program files (x86)/microchip/xc32/v1.40/bin/bin/../../lib/gcc/pic32mx/4.8.3/../../../../pic32mx/lib\libpic32.a(vector18.o)
                0x9fc01440                __vector_dispatch_18
                0x00000001                ASSERT (((_vector_spacing == 0x0) || (SIZEOF (.vector_18) <= (_vector_spacing << 0x5))), function at exception vector 18 too large)

.vector_19      0x9fc01460        0x8
 *(.vector_19)
 .vector_19     0x9fc01460        0x8 c:/program files (x86)/microchip/xc32/v1.40/bin/bin/../../lib/gcc/pic32mx/4.8.3/../../../../pic32mx/lib\libpic32.a(vector19.o)
                0x9fc01460                __vector_dispatch_19
                0x00000001                ASSERT (((_vector_spacing == 0x0) || (SIZEOF (.vector_19) <= (_vector_spacing << 0x5))), function at exception vector 19 too large)

.vector_20      0x9fc01480        0x8
 *(.vector_20)
 .vector_20     0x9fc01480        0x8 build/Catalyst_revA_PIC32MX350f128L/production/INTERRUPTS.o
                0x9fc01480                __vector_dispatch_20
                0x00000001                ASSERT (((_vector_spacing == 0x0) || (SIZEOF (.vector_20) <= (_vector_spacing << 0x5))), function at exception vector 20 too large)

.vector_21      0x9fc014a0        0x8
 *(.vector_21)
 .vector_21     0x9fc014a0        0x8 c:/program files (x86)/microchip/xc32/v1.40/bin/bin/../../lib/gcc/pic32mx/4.8.3/../../../../pic32mx/lib\libpic32.a(vector21.o)
                0x9fc014a0                __vector_dispatch_21
                0x00000001                ASSERT (((_vector_spacing == 0x0) || (SIZEOF (.vector_21) <= (_vector_spacing << 0x5))), function at exception vector 21 too large)

.vector_22      0x9fc014c0        0x8
 *(.vector_22)
 .vector_22     0x9fc014c0        0x8 c:/program files (x86)/microchip/xc32/v1.40/bin/bin/../../lib/gcc/pic32mx/4.8.3/../../../../pic32mx/lib\libpic32.a(vector22.o)
                0x9fc014c0                __vector_dispatch_22
                0x00000001                ASSERT (((_vector_spacing == 0x0) || (SIZEOF (.vector_22) <= (_vector_spacing << 0x5))), function at exception vector 22 too large)

.vector_23      0x9fc014e0        0x8
 *(.vector_23)
 .vector_23     0x9fc014e0        0x8 build/Catalyst_revA_PIC32MX350f128L/production/INTERRUPTS.o
                0x9fc014e0                __vector_dispatch_23
                0x00000001                ASSERT (((_vector_spacing == 0x0) || (SIZEOF (.vector_23) <= (_vector_spacing << 0x5))), function at exception vector 23 too large)

.vector_24      0x9fc01500        0x8
 *(.vector_24)
 .vector_24     0x9fc01500        0x8 c:/program files (x86)/microchip/xc32/v1.40/bin/bin/../../lib/gcc/pic32mx/4.8.3/../../../../pic32mx/lib\libpic32.a(vector24.o)
                0x9fc01500                __vector_dispatch_24
                0x00000001                ASSERT (((_vector_spacing == 0x0) || (SIZEOF (.vector_24) <= (_vector_spacing << 0x5))), function at exception vector 24 too large)

.vector_25      0x9fc01520        0x8
 *(.vector_25)
 .vector_25     0x9fc01520        0x8 build/Catalyst_revA_PIC32MX350f128L/production/INTERRUPTS.o
                0x9fc01520                __vector_dispatch_25
                0x00000001                ASSERT (((_vector_spacing == 0x0) || (SIZEOF (.vector_25) <= (_vector_spacing << 0x5))), function at exception vector 25 too large)

.vector_26      0x9fc01540        0x8
 *(.vector_26)
 .vector_26     0x9fc01540        0x8 c:/program files (x86)/microchip/xc32/v1.40/bin/bin/../../lib/gcc/pic32mx/4.8.3/../../../../pic32mx/lib\libpic32.a(vector26.o)
                0x9fc01540                __vector_dispatch_26
                0x00000001                ASSERT (((_vector_spacing == 0x0) || (SIZEOF (.vector_26) <= (_vector_spacing << 0x5))), function at exception vector 26 too large)

.vector_27      0x9fc01560        0x8
 *(.vector_27)
 .vector_27     0x9fc01560        0x8 c:/program files (x86)/microchip/xc32/v1.40/bin/bin/../../lib/gcc/pic32mx/4.8.3/../../../../pic32mx/lib\libpic32.a(vector27.o)
                0x9fc01560                __vector_dispatch_27
                0x00000001                ASSERT (((_vector_spacing == 0x0) || (SIZEOF (.vector_27) <= (_vector_spacing << 0x5))), function at exception vector 27 too large)

.vector_28      0x9fc01580        0x8
 *(.vector_28)
 .vector_28     0x9fc01580        0x8 c:/program files (x86)/microchip/xc32/v1.40/bin/bin/../../lib/gcc/pic32mx/4.8.3/../../../../pic32mx/lib\libpic32.a(vector28.o)
                0x9fc01580                __vector_dispatch_28
                0x00000001                ASSERT (((_vector_spacing == 0x0) || (SIZEOF (.vector_28) <= (_vector_spacing << 0x5))), function at exception vector 28 too large)

.vector_29      0x9fc015a0        0x8
 *(.vector_29)
 .vector_29     0x9fc015a0        0x8 c:/program files (x86)/microchip/xc32/v1.40/bin/bin/../../lib/gcc/pic32mx/4.8.3/../../../../pic32mx/lib\libpic32.a(vector29.o)
                0x9fc015a0                __vector_dispatch_29
                0x00000001                ASSERT (((_vector_spacing == 0x0) || (SIZEOF (.vector_29) <= (_vector_spacing << 0x5))), function at exception vector 29 too large)

.vector_30      0x9fc015c0        0x8
 *(.vector_30)
 .vector_30     0x9fc015c0        0x8 c:/program files (x86)/microchip/xc32/v1.40/bin/bin/../../lib/gcc/pic32mx/4.8.3/../../../../pic32mx/lib\libpic32.a(vector30.o)
                0x9fc015c0                __vector_dispatch_30
                0x00000001                ASSERT (((_vector_spacing == 0x0) || (SIZEOF (.vector_30) <= (_vector_spacing << 0x5))), function at exception vector 30 too large)

.vector_31      0x9fc015e0        0x8
 *(.vector_31)
 .vector_31     0x9fc015e0        0x8 build/Catalyst_revA_PIC32MX350f128L/production/INTERRUPTS.o
                0x9fc015e0                __vector_dispatch_31
                0x00000001                ASSERT (((_vector_spacing == 0x0) || (SIZEOF (.vector_31) <= (_vector_spacing << 0x5))), function at exception vector 31 too large)

.vector_32      0x9fc01600        0x8
 *(.vector_32)
 .vector_32     0x9fc01600        0x8 build/Catalyst_revA_PIC32MX350f128L/production/INTERRUPTS.o
                0x9fc01600                __vector_dispatch_32
                0x00000001                ASSERT (((_vector_spacing == 0x0) || (SIZEOF (.vector_32) <= (_vector_spacing << 0x5))), function at exception vector 32 too large)

.vector_33      0x9fc01620        0x8
 *(.vector_33)
 .vector_33     0x9fc01620        0x8 c:/program files (x86)/microchip/xc32/v1.40/bin/bin/../../lib/gcc/pic32mx/4.8.3/../../../../pic32mx/lib\libpic32.a(vector33.o)
                0x9fc01620                __vector_dispatch_33
                0x00000001                ASSERT (((_vector_spacing == 0x0) || (SIZEOF (.vector_33) <= (_vector_spacing << 0x5))), function at exception vector 33 too large)

.vector_34      0x9fc01640        0x8
 *(.vector_34)
 .vector_34     0x9fc01640        0x8 c:/program files (x86)/microchip/xc32/v1.40/bin/bin/../../lib/gcc/pic32mx/4.8.3/../../../../pic32mx/lib\libpic32.a(vector34.o)
                0x9fc01640                __vector_dispatch_34
                0x00000001                ASSERT (((_vector_spacing == 0x0) || (SIZEOF (.vector_34) <= (_vector_spacing << 0x5))), function at exception vector 34 too large)

.vector_35      0x9fc01660        0x8
 *(.vector_35)
 .vector_35     0x9fc01660        0x8 build/Catalyst_revA_PIC32MX350f128L/production/INTERRUPTS.o
                0x9fc01660                __vector_dispatch_35
                0x00000001                ASSERT (((_vector_spacing == 0x0) || (SIZEOF (.vector_35) <= (_vector_spacing << 0x5))), function at exception vector 35 too large)

.vector_36      0x9fc01680        0x8
 *(.vector_36)
 .vector_36     0x9fc01680        0x8 build/Catalyst_revA_PIC32MX350f128L/production/INTERRUPTS.o
                0x9fc01680                __vector_dispatch_36
                0x00000001                ASSERT (((_vector_spacing == 0x0) || (SIZEOF (.vector_36) <= (_vector_spacing << 0x5))), function at exception vector 36 too large)

.vector_37      0x9fc016a0        0x8
 *(.vector_37)
 .vector_37     0x9fc016a0        0x8 build/Catalyst_revA_PIC32MX350f128L/production/INTERRUPTS.o
                0x9fc016a0                __vector_dispatch_37
                0x00000001                ASSERT (((_vector_spacing == 0x0) || (SIZEOF (.vector_37) <= (_vector_spacing << 0x5))), function at exception vector 37 too large)

.vector_38      0x9fc016c0        0x8
 *(.vector_38)
 .vector_38     0x9fc016c0        0x8 build/Catalyst_revA_PIC32MX350f128L/production/INTERRUPTS.o
                0x9fc016c0                __vector_dispatch_38
                0x00000001                ASSERT (((_vector_spacing == 0x0) || (SIZEOF (.vector_38) <= (_vector_spacing << 0x5))), function at exception vector 38 too large)

.vector_39      0x9fc016e0        0x8
 *(.vector_39)
 .vector_39     0x9fc016e0        0x8 build/Catalyst_revA_PIC32MX350f128L/production/INTERRUPTS.o
                0x9fc016e0                __vector_dispatch_39
                0x00000001                ASSERT (((_vector_spacing == 0x0) || (SIZEOF (.vector_39) <= (_vector_spacing << 0x5))), function at exception vector 39 too large)

.vector_40      0x9fc01700        0x8
 *(.vector_40)
 .vector_40     0x9fc01700        0x8 c:/program files (x86)/microchip/xc32/v1.40/bin/bin/../../lib/gcc/pic32mx/4.8.3/../../../../pic32mx/lib\libpic32.a(vector40.o)
                0x9fc01700                __vector_dispatch_40
                0x00000001                ASSERT (((_vector_spacing == 0x0) || (SIZEOF (.vector_40) <= (_vector_spacing << 0x5))), function at exception vector 40 too large)

.vector_41      0x9fc01720        0x8
 *(.vector_41)
 .vector_41     0x9fc01720        0x8 c:/program files (x86)/microchip/xc32/v1.40/bin/bin/../../lib/gcc/pic32mx/4.8.3/../../../../pic32mx/lib\libpic32.a(vector41.o)
                0x9fc01720                __vector_dispatch_41
                0x00000001                ASSERT (((_vector_spacing == 0x0) || (SIZEOF (.vector_41) <= (_vector_spacing << 0x5))), function at exception vector 41 too large)

.vector_42      0x9fc01740        0x8
 *(.vector_42)
 .vector_42     0x9fc01740        0x8 build/Catalyst_revA_PIC32MX350f128L/production/INTERRUPTS.o
                0x9fc01740                __vector_dispatch_42
                0x00000001                ASSERT (((_vector_spacing == 0x0) || (SIZEOF (.vector_42) <= (_vector_spacing << 0x5))), function at exception vector 42 too large)

.vector_43      0x9fc01760        0x8
 *(.vector_43)
 .vector_43     0x9fc01760        0x8 build/Catalyst_revA_PIC32MX350f128L/production/INTERRUPTS.o
                0x9fc01760                __vector_dispatch_43
                0x00000001                ASSERT (((_vector_spacing == 0x0) || (SIZEOF (.vector_43) <= (_vector_spacing << 0x5))), function at exception vector 43 too large)

.vector_44      0x9fc01780        0x8
 *(.vector_44)
 .vector_44     0x9fc01780        0x8 build/Catalyst_revA_PIC32MX350f128L/production/INTERRUPTS.o
                0x9fc01780                __vector_dispatch_44
                0x00000001                ASSERT (((_vector_spacing == 0x0) || (SIZEOF (.vector_44) <= (_vector_spacing << 0x5))), function at exception vector 44 too large)

.vector_45      0x9fc017a0        0x8
 *(.vector_45)
 .vector_45     0x9fc017a0        0x8 build/Catalyst_revA_PIC32MX350f128L/production/INTERRUPTS.o
                0x9fc017a0                __vector_dispatch_45
                0x00000001                ASSERT (((_vector_spacing == 0x0) || (SIZEOF (.vector_45) <= (_vector_spacing << 0x5))), function at exception vector 45 too large)

.vector_46      0x9fc017c0        0x0
 *(.vector_46)
                0x00000001                ASSERT (((_vector_spacing == 0x0) || (SIZEOF (.vector_46) <= (_vector_spacing << 0x5))), function at exception vector 46 too large)

.vector_47      0x9fc017e0        0x0
 *(.vector_47)
                0x00000001                ASSERT (((_vector_spacing == 0x0) || (SIZEOF (.vector_47) <= (_vector_spacing << 0x5))), function at exception vector 47 too large)

.vector_48      0x9fc01800        0x0
 *(.vector_48)
                0x00000001                ASSERT (((_vector_spacing == 0x0) || (SIZEOF (.vector_48) <= (_vector_spacing << 0x5))), function at exception vector 48 too large)

.vector_49      0x9fc01820        0x0
 *(.vector_49)
                0x00000001                ASSERT (((_vector_spacing == 0x0) || (SIZEOF (.vector_49) <= (_vector_spacing << 0x5))), function at exception vector 49 too large)

.vector_50      0x9fc01840        0x0
 *(.vector_50)
                0x00000001                ASSERT (((_vector_spacing == 0x0) || (SIZEOF (.vector_50) <= (_vector_spacing << 0x5))), function at exception vector 50 too large)

.vector_51      0x9fc01860        0x0
 *(.vector_51)
                0x00000001                ASSERT (((_vector_spacing == 0x0) || (SIZEOF (.vector_51) <= (_vector_spacing << 0x5))), function at exception vector 51 too large)

.vector_52      0x9fc01880        0x0
 *(.vector_52)
                0x00000001                ASSERT (((_vector_spacing == 0x0) || (SIZEOF (.vector_52) <= (_vector_spacing << 0x5))), function at exception vector 52 too large)

.vector_53      0x9fc018a0        0x0
 *(.vector_53)
                0x00000001                ASSERT (((_vector_spacing == 0x0) || (SIZEOF (.vector_53) <= (_vector_spacing << 0x5))), function at exception vector 53 too large)

.vector_54      0x9fc018c0        0x0
 *(.vector_54)
                0x00000001                ASSERT (((_vector_spacing == 0x0) || (SIZEOF (.vector_54) <= (_vector_spacing << 0x5))), function at exception vector 54 too large)

.vector_55      0x9fc018e0        0x0
 *(.vector_55)
                0x00000001                ASSERT (((_vector_spacing == 0x0) || (SIZEOF (.vector_55) <= (_vector_spacing << 0x5))), function at exception vector 55 too large)

.vector_56      0x9fc01900        0x0
 *(.vector_56)
                0x00000001                ASSERT (((_vector_spacing == 0x0) || (SIZEOF (.vector_56) <= (_vector_spacing << 0x5))), function at exception vector 56 too large)

.vector_57      0x9fc01920        0x0
 *(.vector_57)
                0x00000001                ASSERT (((_vector_spacing == 0x0) || (SIZEOF (.vector_57) <= (_vector_spacing << 0x5))), function at exception vector 57 too large)

.vector_58      0x9fc01940        0x0
 *(.vector_58)
                0x00000001                ASSERT (((_vector_spacing == 0x0) || (SIZEOF (.vector_58) <= (_vector_spacing << 0x5))), function at exception vector 58 too large)

.vector_59      0x9fc01960        0x0
 *(.vector_59)
                0x00000001                ASSERT (((_vector_spacing == 0x0) || (SIZEOF (.vector_59) <= (_vector_spacing << 0x5))), function at exception vector 59 too large)

.vector_60      0x9fc01980        0x0
 *(.vector_60)
                0x00000001                ASSERT (((_vector_spacing == 0x0) || (SIZEOF (.vector_60) <= (_vector_spacing << 0x5))), function at exception vector 60 too large)

.vector_61      0x9fc019a0        0x0
 *(.vector_61)
                0x00000001                ASSERT (((_vector_spacing == 0x0) || (SIZEOF (.vector_61) <= (_vector_spacing << 0x5))), function at exception vector 61 too large)

.vector_62      0x9fc019c0        0x0
 *(.vector_62)
                0x00000001                ASSERT (((_vector_spacing == 0x0) || (SIZEOF (.vector_62) <= (_vector_spacing << 0x5))), function at exception vector 62 too large)

.vector_63      0x9fc019e0        0x0
 *(.vector_63)
                0x00000001                ASSERT (((_vector_spacing == 0x0) || (SIZEOF (.vector_63) <= (_vector_spacing << 0x5))), function at exception vector 63 too large)

.startup
 *(.startup)

.text           0x9d000000        0x0
 *(.stub .gnu.linkonce.t.*)
 *(.text.*personality*)
 *(.mips16.fn.*)
 *(.mips16.call.*)
 *(.gnu.warning)
                0x9d000000                . = ALIGN (0x4)

.init           0x9d000000        0x0
 *crti.o(.init)
 *crtbegin.o(.init)
 *(EXCLUDE_FILE(*crtn.o *crtend?.o *crtend.o) .init)
 *crtend.o(.init)
 *crtn.o(.init)
                0x9d000000                . = ALIGN (0x4)

.fini           0x9d000000        0x0
 *(.fini)
                0x9d000000                . = ALIGN (0x4)

.preinit_array  0x9d000000        0x0
                0x9d000000                PROVIDE (__preinit_array_start, .)
 *(.preinit_array)
                0x9d000000                PROVIDE (__preinit_array_end, .)
                0x9d000000                . = ALIGN (0x4)

.init_array     0x9d000000        0x0
                0x9d000000                PROVIDE (__init_array_start, .)
 *(SORT(.init_array.*))
 *(.init_array)
                0x9d000000                PROVIDE (__init_array_end, .)
                0x9d000000                . = ALIGN (0x4)

.fini_array     0x9d000000        0x0
                0x9d000000                PROVIDE (__fini_array_start, .)
 *(SORT(.fini_array.*))
 *(.fini_array)
                0x9d000000                PROVIDE (__fini_array_end, .)
                0x9d000000                . = ALIGN (0x4)

.ctors          0x9d000000        0x0
 *crtbegin.o(.ctors)
 *crtbegin?.o(.ctors)
 *(EXCLUDE_FILE(*crtend?.o *crtend.o) .ctors)
 *(SORT(.ctors.*))
 *(.ctors)
                0x9d000000                . = ALIGN (0x4)

.dtors          0x9d000000        0x0
 *crtbegin.o(.dtors)
 *crtbegin?.o(.dtors)
 *(EXCLUDE_FILE(*crtend?.o *crtend.o) .dtors)
 *(SORT(.dtors.*))
 *(.dtors)
                0x9d000000                . = ALIGN (0x4)

.rodata         0x9d000000        0x0
 *(.gnu.linkonce.r.*)
 *(.rodata1)
                0x9d000000                . = ALIGN (0x4)

.sdata2         0x9fc00490        0x0
 *(.sdata2 .sdata2.* .gnu.linkonce.s2.*)
                0x9fc00490                . = ALIGN (0x4)

.sbss2          0x9fc00490        0x0
 *(.sbss2 .sbss2.* .gnu.linkonce.sb2.*)
                0x9fc00490                . = ALIGN (0x4)

.eh_frame_hdr
 *(.eh_frame_hdr)
                0x9fc00490                . = ALIGN (0x4)

.eh_frame
 *(.eh_frame)
                0x9fc00490                . = ALIGN (0x4)

.gcc_except_table
 *(.gcc_except_table .gcc_except_table.*)
                0x9fc00490                . = ALIGN (0x4)

.dbg_data       0xa0000000        0x0
                0xa0000000                . = (. + DEFINED (_DEBUGGER)?0x200:0x0)

.jcr            0xa0000000        0x0
 *(.jcr)
                0xa0000000                . = ALIGN (0x4)

.eh_frame
 *(.eh_frame)
                0xa0000000                . = ALIGN (0x4)

.gcc_except_table
 *(.gcc_except_table .gcc_except_table.*)
                0xa0000000                . = ALIGN (0x4)

.persist        0xa0000000        0x0
                0xa0000000                _persist_begin = .
 *(.persist .persist.*)
 *(.pbss .pbss.*)
                0xa0000000                . = ALIGN (0x4)
                0xa0000000                _persist_end = .

.data           0xa0000000        0x0
 *(.gnu.linkonce.d.*)
 *(.data1)
                0xa0000000                . = ALIGN (0x4)
                0xa0000000                . = .
                0xa0007ff0                _gp = (ALIGN (0x10) + 0x7ff0)

.got            0xa0000000        0x0
 *(.got.plt)
 *(.got)
                0xa0000000                . = ALIGN (0x4)

.sdata          0xa0000000       0xa4
                0xa0000000                _sdata_begin = .
 *(.sdata .sdata.* .gnu.linkonce.s.*)
 .sdata         0xa0000000        0x1 build/Catalyst_revA_PIC32MX350f128L/production/DMA.o
                0xa0000000                DMA_BufferCopierComplete
 .sdata         0xa0000001        0x1 build/Catalyst_revA_PIC32MX350f128L/production/ADC.o
                0xa0000001                CurrentChannel
 .sdata         0xa0000002        0x1 build/Catalyst_revA_PIC32MX350f128L/production/TIMERS.o
                0xa0000002                Timer1_Timeout
 .sdata         0xa0000003        0x1 build/Catalyst_revA_PIC32MX350f128L/production/PWM.o
                0xa0000003                PWM_Action
 .sdata         0xa0000004        0x5 build/Catalyst_revA_PIC32MX350f128L/production/EXPAND_RF.o
                0xa0000004                LivingroomFanLast
                0xa0000005                ChristmasTreeWhiteLast
                0xa0000006                BedroomFanLast
                0xa0000007                BedroomBedLast
                0xa0000008                JoesroomLightLast
 *fill*         0xa0000009        0x3 
 .sdata         0xa000000c       0x98 build/Catalyst_revA_PIC32MX350f128L/production/EXPAND_IR.o
                0xa000000c                Sanyo_Power
                0xa0000010                Sanyo_Sleep
                0xa0000014                Sanyo_Menu
                0xa0000018                Sanyo_Volume_Up
                0xa000001c                Sanyo_Volume_Down
                0xa0000020                Sanyo_Channel_Up
                0xa0000024                Sanyo_Channel_Down
                0xa0000028                Sanyo_Mute
                0xa000002c                Sanyo_Back
                0xa0000030                Sanyo_1
                0xa0000034                Sanyo_2
                0xa0000038                Sanyo_3
                0xa000003c                Sanyo_4
                0xa0000040                Sanyo_5
                0xa0000044                Sanyo_6
                0xa0000048                Sanyo_7
                0xa000004c                Sanyo_8
                0xa0000050                Sanyo_9
                0xa0000054                Sanyo_0
                0xa0000058                Sanyo_Enter
                0xa000005c                Sanyo_Source
                0xa0000060                Sanyo_Rewind
                0xa0000064                Sanyo_Play
                0xa0000068                Sanyo_Forward
                0xa000006c                Sanyo_Record
                0xa0000070                Sanyo_Pause
                0xa0000074                Sanyo_Stop
                0xa0000078                Vizio_Power
                0xa000007c                Vizio_Sleep
                0xa0000080                Vizio_Menu
                0xa0000084                Vizio_Volume_Up
                0xa0000088                Vizio_Volume_Down
                0xa000008c                Idylis_Power
                0xa0000090                Idylis_FanSpeed
                0xa0000094                Idylis_Mode
                0xa0000098                Idylis_Plus
                0xa000009c                Idylis_Minus
                0xa00000a0                Idylis_Timer
                0xa00000a4                . = ALIGN (0x4)
                0xa00000a4                _sdata_end = .

.lit8
 *(.lit8)

.lit4
 *(.lit4)
                0xa00000a4                . = ALIGN (0x4)
                0xa00000a4                _data_end = .
                0xa00000a4                _bss_begin = .

.sbss           0xa00000a4       0x78
                0xa00000a4                _sbss_begin = .
 *(.dynsbss)
 *(.sbss .sbss.* .gnu.linkonce.sb.*)
 .sbss          0xa00000a4        0x4 build/Catalyst_revA_PIC32MX350f128L/production/SYSTEM.o
 .sbss          0xa00000a8        0x4 build/Catalyst_revA_PIC32MX350f128L/production/EXCEPTIONS.o
 .sbss          0xa00000ac        0x1 build/Catalyst_revA_PIC32MX350f128L/production/INTERRUPTS.o
 *fill*         0xa00000ad        0x3 
 .sbss          0xa00000b0        0x4 build/Catalyst_revA_PIC32MX350f128L/production/USER.o
 .sbss          0xa00000b4        0x4 build/Catalyst_revA_PIC32MX350f128L/production/DMA.o
                0xa00000b4                DMA_TransferType
                0xa00000b6                DMA_TransferAmount
 .sbss          0xa00000b8       0x1e build/Catalyst_revA_PIC32MX350f128L/production/UART.o
                0xa00000b8                RX1_Buffer_Place
                0xa00000ba                RX2_Buffer_Place
                0xa00000bc                RX3_Buffer_Place
                0xa00000be                RX4_Buffer_Place
                0xa00000c0                RX5_Buffer_Place
                0xa00000c2                TX1_Buffer_ADD_Place
                0xa00000c4                TX2_Buffer_ADD_Place
                0xa00000c6                TX3_Buffer_ADD_Place
                0xa00000c8                TX4_Buffer_ADD_Place
                0xa00000ca                TX5_Buffer_ADD_Place
                0xa00000cc                TX1_Buffer_REMOVE_Place
                0xa00000ce                TX2_Buffer_REMOVE_Place
                0xa00000d0                TX3_Buffer_REMOVE_Place
                0xa00000d2                TX4_Buffer_REMOVE_Place
                0xa00000d4                TX5_Buffer_REMOVE_Place
 .sbss          0xa00000d6        0x1 build/Catalyst_revA_PIC32MX350f128L/production/ADC.o
                0xa00000d6                ADC_ReadRailStatus
 *fill*         0xa00000d7        0x1 
 .sbss          0xa00000d8       0x10 build/Catalyst_revA_PIC32MX350f128L/production/PWM.o
                0xa00000d8                Red_Duty
                0xa00000dc                Green_Duty
                0xa00000e0                Blue_Duty
                0xa00000e4                RedAction
                0xa00000e5                GreenAction
                0xa00000e6                BlueAction
                0xa00000e7                PWM_Place
 .sbss          0xa00000e8        0x4 build/Catalyst_revA_PIC32MX350f128L/production/FLASH.o
 .sbss          0xa00000ec        0xa build/Catalyst_revA_PIC32MX350f128L/production/SPI.o
                0xa00000ec                SPI_TransmitBufferAmount
                0xa00000ee                SPI_ReceiveFull
                0xa00000f0                SPI_TransmitPlace
                0xa00000f2                SPI_ReceivePlace
                0xa00000f4                SPI_Transfering
 *fill*         0xa00000f6        0x2 
 .sbss          0xa00000f8        0x4 build/Catalyst_revA_PIC32MX350f128L/production/RTCC.o
 .sbss          0xa00000fc        0x4 build/Catalyst_revA_PIC32MX350f128L/production/I2C.o
 .sbss          0xa0000100        0x1 build/Catalyst_revA_PIC32MX350f128L/production/EXPAND_IR.o
                0xa0000100                IR_state
 .sbss          0xa0000101        0x1 build/Catalyst_revA_PIC32MX350f128L/production/CMD.o
                0xa0000101                CheckPhrase
 *(.scommon)
 *fill*         0xa0000102        0x2 
 .scommon       0xa0000104        0xa build/Catalyst_revA_PIC32MX350f128L/production/UART.o
                0xa0000104                UART_RS232_MaleNewlineMode
                0xa0000105                UART_Debug_NewlineMode
                0xa0000106                UART_Rasp_NewlineMode
                0xa0000107                UART_RS232_FemaleNewlineMode
                0xa0000108                RX5_Buffer
                0xa000010c                TX5_Buffer
 *fill*         0xa000010e        0x2 
 .scommon       0xa0000110        0x3 build/Catalyst_revA_PIC32MX350f128L/production/FLASH.o
                0xa0000110                FlashBuffer
 *fill*         0xa0000113        0x1 
 .scommon       0xa0000114        0x2 build/Catalyst_revA_PIC32MX350f128L/production/EXPAND_IR.o
                0xa0000114                IR_PWM50
 *fill*         0xa0000116        0x2 
 .scommon       0xa0000118        0x4 build/Catalyst_revA_PIC32MX350f128L/production/CMD.o
                0xa0000118                CommandDataPointer
                0xa000011c                _sbss_end = .
                0xa000011c                . = ALIGN (0x4)

.bss            0xa000011c     0x4684
 *(.dynbss)
 *(COMMON)
 COMMON         0xa000011c       0x1d build/Catalyst_revA_PIC32MX350f128L/production/EXCEPTIONS.o
                0xa000011c                Fault
 *fill*         0xa0000139        0x3 
 COMMON         0xa000013c     0x1cb8 build/Catalyst_revA_PIC32MX350f128L/production/UART.o
                0xa000013c                RX1_Buffer
                0xa00018ac                RX3_Buffer
                0xa0001910                RX4_Buffer
                0xa0001924                TX4_Buffer
                0xa0001938                RX2_Buffer
                0xa0001944                TX3_Buffer
                0xa00019a8                TX1_Buffer
                0xa0001d90                TX2_Buffer
 COMMON         0xa0001df4      0x17c build/Catalyst_revA_PIC32MX350f128L/production/FLASH.o
                0xa0001df4                FlashONFI
                0xa0001ef4                BadBlocks
                0xa0001f58                FlashID
 COMMON         0xa0001f70       0x20 build/Catalyst_revA_PIC32MX350f128L/production/POWER.o
                0xa0001f70                RailStatus
 COMMON         0xa0001f90     0x1000 build/Catalyst_revA_PIC32MX350f128L/production/SPI.o
                0xa0001f90                SPI_ReceiveBuffer
                0xa0002790                SPI_TransmitBuffer
 COMMON         0xa0002f90       0x6c build/Catalyst_revA_PIC32MX350f128L/production/RTCC.o
                0xa0002f90                StartTime
                0xa0002f9c                EndTime
                0xa0002fa8                SetAlarm
                0xa0002fb4                SetTime
                0xa0002fc0                CurrentAlarm
                0xa0002fcc                CurrentTime
                0xa0002fd8                DiffTime
 COMMON         0xa0002ffc     0x17a2 build/Catalyst_revA_PIC32MX350f128L/production/CMD.o
                0xa0002ffc                SearchPhrase
                0xa000476c                PhraseIndex
                0xa0004794                PhraseSearchFind
                0xa00047a0                . = ALIGN ((. != 0x0)?0x4:0x1)
 *fill*         0xa000479e        0x2 
                0xa00047a0                . = ALIGN (0x4)
                0xa00047a0                _end = .
                0xa00047a0                _bss_end = .
                0x00008000                _bmxdudba_address = 0x8000
                0x00008000                _bmxdupba_address = 0x8000

/DISCARD/
 *(.pdr)
 *(.rel.dyn)
 *(.note.GNU-stack)
 *(.note.GNU-stack)
 *(.gnu_debuglink)
 *(.gnu.lto_*)
 *(.discard)

.gptab.sdata
 *(.gptab.data)
 *(.gptab.sdata)

.gptab.sbss
 *(.gptab.bss)
 *(.gptab.sbss)

.mdebug.abi32   0xa00047a0        0x0
 *(.mdebug.abi32)
 .mdebug.abi32  0xa00047a0        0x0 build/Catalyst_revA_PIC32MX350f128L/production/CONFIGURATION.o
 .mdebug.abi32  0xa00047a0        0x0 build/Catalyst_revA_PIC32MX350f128L/production/main.o
 .mdebug.abi32  0xa00047a0        0x0 build/Catalyst_revA_PIC32MX350f128L/production/SYSTEM.o
 .mdebug.abi32  0xa00047a0        0x0 build/Catalyst_revA_PIC32MX350f128L/production/EXCEPTIONS.o
 .mdebug.abi32  0xa00047a0        0x0 build/Catalyst_revA_PIC32MX350f128L/production/INTERRUPTS.o
 .mdebug.abi32  0xa00047a0        0x0 build/Catalyst_revA_PIC32MX350f128L/production/USER.o
 .mdebug.abi32  0xa00047a0        0x0 build/Catalyst_revA_PIC32MX350f128L/production/MISC.o
 .mdebug.abi32  0xa00047a0        0x0 build/Catalyst_revA_PIC32MX350f128L/production/DMA.o
 .mdebug.abi32  0xa00047a0        0x0 build/Catalyst_revA_PIC32MX350f128L/production/UART.o
 .mdebug.abi32  0xa00047a0        0x0 build/Catalyst_revA_PIC32MX350f128L/production/ADC.o
 .mdebug.abi32  0xa00047a0        0x0 build/Catalyst_revA_PIC32MX350f128L/production/TIMERS.o
 .mdebug.abi32  0xa00047a0        0x0 build/Catalyst_revA_PIC32MX350f128L/production/PWM.o
 .mdebug.abi32  0xa00047a0        0x0 build/Catalyst_revA_PIC32MX350f128L/production/FLASH.o
 .mdebug.abi32  0xa00047a0        0x0 build/Catalyst_revA_PIC32MX350f128L/production/POWER.o
 .mdebug.abi32  0xa00047a0        0x0 build/Catalyst_revA_PIC32MX350f128L/production/SPI.o
 .mdebug.abi32  0xa00047a0        0x0 build/Catalyst_revA_PIC32MX350f128L/production/RTCC.o
 .mdebug.abi32  0xa00047a0        0x0 build/Catalyst_revA_PIC32MX350f128L/production/I2C.o
 .mdebug.abi32  0xa00047a0        0x0 build/Catalyst_revA_PIC32MX350f128L/production/EXPAND_RF.o
 .mdebug.abi32  0xa00047a0        0x0 build/Catalyst_revA_PIC32MX350f128L/production/EXPAND_IR.o
 .mdebug.abi32  0xa00047a0        0x0 build/Catalyst_revA_PIC32MX350f128L/production/CMD.o
 .mdebug.abi32  0xa00047a0        0x0 c:/program files (x86)/microchip/xc32/v1.40/bin/bin/../../lib/gcc/pic32mx/4.8.3\libgcc.a(floatunsisf.o)
 .mdebug.abi32  0xa00047a0        0x0 c:/program files (x86)/microchip/xc32/v1.40/bin/bin/../../lib/gcc/pic32mx/4.8.3/../../../../pic32mx/lib\libpic32.a(default-bootstrap-exception-handler.o)
 .mdebug.abi32  0xa00047a0        0x0 c:/program files (x86)/microchip/xc32/v1.40/bin/bin/../../lib/gcc/pic32mx/4.8.3/../../../../pic32mx/lib\libpic32.a(default-on-reset.o)
 .mdebug.abi32  0xa00047a0        0x0 c:/program files (x86)/microchip/xc32/v1.40/bin/bin/../../lib/gcc/pic32mx/4.8.3/../../../../pic32mx/lib\libpic32.a(default-on-bootstrap.o)
 .mdebug.abi32  0xa00047a0        0x0 c:/program files (x86)/microchip/xc32/v1.40/bin/bin/../../lib/gcc/pic32mx/4.8.3/../../../../pic32mx/lib\libpic32.a(default-general-exception-handler.o)
 .mdebug.abi32  0xa00047a0        0x0 c:/program files (x86)/microchip/xc32/v1.40/bin/bin/../../lib/gcc/pic32mx/4.8.3/../../../../pic32mx/lib\libpic32.a(defaultinterrupt.o)

.mdebug.abiN32
 *(.mdebug.abiN32)

.mdebug.abi64
 *(.mdebug.abi64)

.mdebug.abiO64
 *(.mdebug.abiO64)

.mdebug.eabi32
 *(.mdebug.eabi32)

.mdebug.eabi64
 *(.mdebug.eabi64)

.gcc_compiled_long32
 *(.gcc_compiled_long32)

.gcc_compiled_long64
 *(.gcc_compiled_long64)

.stab
 *(.stab)

.stabstr
 *(.stabstr)

.stab.excl
 *(.stab.excl)

.stab.exclstr
 *(.stab.exclstr)

.stab.index
 *(.stab.index)

.stab.indexstr
 *(.stab.indexstr)

.comment        0x00000000       0x3c
 *(.comment)
 .comment       0x00000000       0x3c build/Catalyst_revA_PIC32MX350f128L/production/CONFIGURATION.o
                                 0x3d (size before relaxing)
 .comment       0x00000000       0x3d build/Catalyst_revA_PIC32MX350f128L/production/main.o
 .comment       0x00000000       0x3d build/Catalyst_revA_PIC32MX350f128L/production/SYSTEM.o
 .comment       0x00000000       0x3d build/Catalyst_revA_PIC32MX350f128L/production/EXCEPTIONS.o
 .comment       0x00000000       0x3d build/Catalyst_revA_PIC32MX350f128L/production/INTERRUPTS.o
 .comment       0x00000000       0x3d build/Catalyst_revA_PIC32MX350f128L/production/USER.o
 .comment       0x00000000       0x3d build/Catalyst_revA_PIC32MX350f128L/production/MISC.o
 .comment       0x00000000       0x3d build/Catalyst_revA_PIC32MX350f128L/production/DMA.o
 .comment       0x00000000       0x3d build/Catalyst_revA_PIC32MX350f128L/production/UART.o
 .comment       0x00000000       0x3d build/Catalyst_revA_PIC32MX350f128L/production/ADC.o
 .comment       0x00000000       0x3d build/Catalyst_revA_PIC32MX350f128L/production/TIMERS.o
 .comment       0x00000000       0x3d build/Catalyst_revA_PIC32MX350f128L/production/PWM.o
 .comment       0x00000000       0x3d build/Catalyst_revA_PIC32MX350f128L/production/FLASH.o
 .comment       0x00000000       0x3d build/Catalyst_revA_PIC32MX350f128L/production/POWER.o
 .comment       0x00000000       0x3d build/Catalyst_revA_PIC32MX350f128L/production/SPI.o
 .comment       0x00000000       0x3d build/Catalyst_revA_PIC32MX350f128L/production/RTCC.o
 .comment       0x00000000       0x3d build/Catalyst_revA_PIC32MX350f128L/production/I2C.o
 .comment       0x00000000       0x3d build/Catalyst_revA_PIC32MX350f128L/production/EXPAND_RF.o
 .comment       0x00000000       0x3d build/Catalyst_revA_PIC32MX350f128L/production/EXPAND_IR.o
 .comment       0x00000000       0x3d build/Catalyst_revA_PIC32MX350f128L/production/CMD.o
 .comment       0x00000000       0x3d c:/program files (x86)/microchip/xc32/v1.40/bin/bin/../../lib/gcc/pic32mx/4.8.3\libgcc.a(floatunsisf.o)
 .comment       0x00000000       0x3d c:/program files (x86)/microchip/xc32/v1.40/bin/bin/../../lib/gcc/pic32mx/4.8.3/../../../../pic32mx/lib\libpic32.a(default-bootstrap-exception-handler.o)
 .comment       0x00000000       0x3d c:/program files (x86)/microchip/xc32/v1.40/bin/bin/../../lib/gcc/pic32mx/4.8.3/../../../../pic32mx/lib\libpic32.a(default-on-reset.o)
 .comment       0x00000000       0x3d c:/program files (x86)/microchip/xc32/v1.40/bin/bin/../../lib/gcc/pic32mx/4.8.3/../../../../pic32mx/lib\libpic32.a(default-on-bootstrap.o)
 .comment       0x00000000       0x3d c:/program files (x86)/microchip/xc32/v1.40/bin/bin/../../lib/gcc/pic32mx/4.8.3/../../../../pic32mx/lib\libpic32.a(default-general-exception-handler.o)
 .comment       0x00000000       0x3d c:/program files (x86)/microchip/xc32/v1.40/bin/bin/../../lib/gcc/pic32mx/4.8.3/../../../../pic32mx/lib\libpic32.a(defaultinterrupt.o)

.debug
 *(.debug)

.line
 *(.line)

.debug_srcinfo
 *(.debug_srcinfo)

.debug_sfnames
 *(.debug_sfnames)

.debug_aranges  0x00000000      0x338
 *(.debug_aranges)
 .debug_aranges
                0x00000000       0x18 build/Catalyst_revA_PIC32MX350f128L/production/CONFIGURATION.o
 .debug_aranges
                0x00000018       0x20 build/Catalyst_revA_PIC32MX350f128L/production/main.o
 .debug_aranges
                0x00000038       0x20 build/Catalyst_revA_PIC32MX350f128L/production/SYSTEM.o
 .debug_aranges
                0x00000058       0x20 build/Catalyst_revA_PIC32MX350f128L/production/EXCEPTIONS.o
 .debug_aranges
                0x00000078       0x20 build/Catalyst_revA_PIC32MX350f128L/production/INTERRUPTS.o
 .debug_aranges
                0x00000098       0x20 build/Catalyst_revA_PIC32MX350f128L/production/USER.o
 .debug_aranges
                0x000000b8       0x20 build/Catalyst_revA_PIC32MX350f128L/production/MISC.o
 .debug_aranges
                0x000000d8       0x20 build/Catalyst_revA_PIC32MX350f128L/production/DMA.o
 .debug_aranges
                0x000000f8       0x20 build/Catalyst_revA_PIC32MX350f128L/production/UART.o
 .debug_aranges
                0x00000118       0x20 build/Catalyst_revA_PIC32MX350f128L/production/ADC.o
 .debug_aranges
                0x00000138       0x20 build/Catalyst_revA_PIC32MX350f128L/production/TIMERS.o
 .debug_aranges
                0x00000158       0x20 build/Catalyst_revA_PIC32MX350f128L/production/PWM.o
 .debug_aranges
                0x00000178       0x20 build/Catalyst_revA_PIC32MX350f128L/production/FLASH.o
 .debug_aranges
                0x00000198       0x20 build/Catalyst_revA_PIC32MX350f128L/production/POWER.o
 .debug_aranges
                0x000001b8       0x20 build/Catalyst_revA_PIC32MX350f128L/production/SPI.o
 .debug_aranges
                0x000001d8       0x20 build/Catalyst_revA_PIC32MX350f128L/production/RTCC.o
 .debug_aranges
                0x000001f8       0x20 build/Catalyst_revA_PIC32MX350f128L/production/I2C.o
 .debug_aranges
                0x00000218       0x20 build/Catalyst_revA_PIC32MX350f128L/production/EXPAND_RF.o
 .debug_aranges
                0x00000238       0x20 build/Catalyst_revA_PIC32MX350f128L/production/EXPAND_IR.o
 .debug_aranges
                0x00000258       0x20 build/Catalyst_revA_PIC32MX350f128L/production/CMD.o
 .debug_aranges
                0x00000278       0x20 c:/program files (x86)/microchip/xc32/v1.40/bin/bin/../../lib/gcc/pic32mx/4.8.3\libgcc.a(floatunsisf.o)
 .debug_aranges
                0x00000298       0x20 c:/program files (x86)/microchip/xc32/v1.40/bin/bin/../../lib/gcc/pic32mx/4.8.3/../../../../pic32mx/lib\libpic32.a(default-bootstrap-exception-handler.o)
 .debug_aranges
                0x000002b8       0x20 c:/program files (x86)/microchip/xc32/v1.40/bin/bin/../../lib/gcc/pic32mx/4.8.3/../../../../pic32mx/lib\libpic32.a(default-on-reset.o)
 .debug_aranges
                0x000002d8       0x20 c:/program files (x86)/microchip/xc32/v1.40/bin/bin/../../lib/gcc/pic32mx/4.8.3/../../../../pic32mx/lib\libpic32.a(default-on-bootstrap.o)
 .debug_aranges
                0x000002f8       0x20 c:/program files (x86)/microchip/xc32/v1.40/bin/bin/../../lib/gcc/pic32mx/4.8.3/../../../../pic32mx/lib\libpic32.a(default-general-exception-handler.o)
 .debug_aranges
                0x00000318       0x20 c:/program files (x86)/microchip/xc32/v1.40/bin/bin/../../lib/gcc/pic32mx/4.8.3/../../../../pic32mx/lib\libpic32.a(defaultinterrupt.o)

.debug_pubnames
 *(.debug_pubnames)

.debug_info     0x00000000    0x17486
 *(.debug_info .gnu.linkonce.wi.*)
 .debug_info    0x00000000      0x14f build/Catalyst_revA_PIC32MX350f128L/production/CONFIGURATION.o
 .debug_info    0x0000014f      0x5e1 build/Catalyst_revA_PIC32MX350f128L/production/main.o
 .debug_info    0x00000730      0xd3f build/Catalyst_revA_PIC32MX350f128L/production/SYSTEM.o
 .debug_info    0x0000146f      0x540 build/Catalyst_revA_PIC32MX350f128L/production/EXCEPTIONS.o
 .debug_info    0x000019af     0x2932 build/Catalyst_revA_PIC32MX350f128L/production/INTERRUPTS.o
 .debug_info    0x000042e1     0x1002 build/Catalyst_revA_PIC32MX350f128L/production/USER.o
 .debug_info    0x000052e3      0xb6b build/Catalyst_revA_PIC32MX350f128L/production/MISC.o
 .debug_info    0x00005e4e     0x1c76 build/Catalyst_revA_PIC32MX350f128L/production/DMA.o
 .debug_info    0x00007ac4     0x3895 build/Catalyst_revA_PIC32MX350f128L/production/UART.o
 .debug_info    0x0000b359      0xdb9 build/Catalyst_revA_PIC32MX350f128L/production/ADC.o
 .debug_info    0x0000c112     0x18f0 build/Catalyst_revA_PIC32MX350f128L/production/TIMERS.o
 .debug_info    0x0000da02      0x888 build/Catalyst_revA_PIC32MX350f128L/production/PWM.o
 .debug_info    0x0000e28a     0x132f build/Catalyst_revA_PIC32MX350f128L/production/FLASH.o
 .debug_info    0x0000f5b9      0xc73 build/Catalyst_revA_PIC32MX350f128L/production/POWER.o
 .debug_info    0x0001022c     0x16ec build/Catalyst_revA_PIC32MX350f128L/production/SPI.o
 .debug_info    0x00011918     0x191c build/Catalyst_revA_PIC32MX350f128L/production/RTCC.o
 .debug_info    0x00013234     0x2188 build/Catalyst_revA_PIC32MX350f128L/production/I2C.o
 .debug_info    0x000153bc      0x93e build/Catalyst_revA_PIC32MX350f128L/production/EXPAND_RF.o
 .debug_info    0x00015cfa      0xbe0 build/Catalyst_revA_PIC32MX350f128L/production/EXPAND_IR.o
 .debug_info    0x000168da      0x672 build/Catalyst_revA_PIC32MX350f128L/production/CMD.o
 .debug_info    0x00016f4c      0x11f c:/program files (x86)/microchip/xc32/v1.40/bin/bin/../../lib/gcc/pic32mx/4.8.3\libgcc.a(floatunsisf.o)
 .debug_info    0x0001706b       0xe3 c:/program files (x86)/microchip/xc32/v1.40/bin/bin/../../lib/gcc/pic32mx/4.8.3/../../../../pic32mx/lib\libpic32.a(default-bootstrap-exception-handler.o)
 .debug_info    0x0001714e       0xbd c:/program files (x86)/microchip/xc32/v1.40/bin/bin/../../lib/gcc/pic32mx/4.8.3/../../../../pic32mx/lib\libpic32.a(default-on-reset.o)
 .debug_info    0x0001720b       0xc5 c:/program files (x86)/microchip/xc32/v1.40/bin/bin/../../lib/gcc/pic32mx/4.8.3/../../../../pic32mx/lib\libpic32.a(default-on-bootstrap.o)
 .debug_info    0x000172d0       0xdf c:/program files (x86)/microchip/xc32/v1.40/bin/bin/../../lib/gcc/pic32mx/4.8.3/../../../../pic32mx/lib\libpic32.a(default-general-exception-handler.o)
 .debug_info    0x000173af       0xd7 c:/program files (x86)/microchip/xc32/v1.40/bin/bin/../../lib/gcc/pic32mx/4.8.3/../../../../pic32mx/lib\libpic32.a(defaultinterrupt.o)

.debug_abbrev   0x00000000     0x21e7
 *(.debug_abbrev)
 .debug_abbrev  0x00000000       0x1b build/Catalyst_revA_PIC32MX350f128L/production/CONFIGURATION.o
 .debug_abbrev  0x0000001b      0x149 build/Catalyst_revA_PIC32MX350f128L/production/main.o
 .debug_abbrev  0x00000164      0x253 build/Catalyst_revA_PIC32MX350f128L/production/SYSTEM.o
 .debug_abbrev  0x000003b7       0xac build/Catalyst_revA_PIC32MX350f128L/production/EXCEPTIONS.o
 .debug_abbrev  0x00000463      0x1dc build/Catalyst_revA_PIC32MX350f128L/production/INTERRUPTS.o
 .debug_abbrev  0x0000063f      0x131 build/Catalyst_revA_PIC32MX350f128L/production/USER.o
 .debug_abbrev  0x00000770      0x1ab build/Catalyst_revA_PIC32MX350f128L/production/MISC.o
 .debug_abbrev  0x0000091b      0x236 build/Catalyst_revA_PIC32MX350f128L/production/DMA.o
 .debug_abbrev  0x00000b51      0x1b8 build/Catalyst_revA_PIC32MX350f128L/production/UART.o
 .debug_abbrev  0x00000d09      0x155 build/Catalyst_revA_PIC32MX350f128L/production/ADC.o
 .debug_abbrev  0x00000e5e      0x220 build/Catalyst_revA_PIC32MX350f128L/production/TIMERS.o
 .debug_abbrev  0x0000107e      0x153 build/Catalyst_revA_PIC32MX350f128L/production/PWM.o
 .debug_abbrev  0x000011d1      0x202 build/Catalyst_revA_PIC32MX350f128L/production/FLASH.o
 .debug_abbrev  0x000013d3      0x191 build/Catalyst_revA_PIC32MX350f128L/production/POWER.o
 .debug_abbrev  0x00001564      0x194 build/Catalyst_revA_PIC32MX350f128L/production/SPI.o
 .debug_abbrev  0x000016f8      0x2cd build/Catalyst_revA_PIC32MX350f128L/production/RTCC.o
 .debug_abbrev  0x000019c5      0x263 build/Catalyst_revA_PIC32MX350f128L/production/I2C.o
 .debug_abbrev  0x00001c28      0x1a8 build/Catalyst_revA_PIC32MX350f128L/production/EXPAND_RF.o
 .debug_abbrev  0x00001dd0      0x1b2 build/Catalyst_revA_PIC32MX350f128L/production/EXPAND_IR.o
 .debug_abbrev  0x00001f82      0x13b build/Catalyst_revA_PIC32MX350f128L/production/CMD.o
 .debug_abbrev  0x000020bd       0x62 c:/program files (x86)/microchip/xc32/v1.40/bin/bin/../../lib/gcc/pic32mx/4.8.3\libgcc.a(floatunsisf.o)
 .debug_abbrev  0x0000211f       0x28 c:/program files (x86)/microchip/xc32/v1.40/bin/bin/../../lib/gcc/pic32mx/4.8.3/../../../../pic32mx/lib\libpic32.a(default-bootstrap-exception-handler.o)
 .debug_abbrev  0x00002147       0x28 c:/program files (x86)/microchip/xc32/v1.40/bin/bin/../../lib/gcc/pic32mx/4.8.3/../../../../pic32mx/lib\libpic32.a(default-on-reset.o)
 .debug_abbrev  0x0000216f       0x28 c:/program files (x86)/microchip/xc32/v1.40/bin/bin/../../lib/gcc/pic32mx/4.8.3/../../../../pic32mx/lib\libpic32.a(default-on-bootstrap.o)
 .debug_abbrev  0x00002197       0x28 c:/program files (x86)/microchip/xc32/v1.40/bin/bin/../../lib/gcc/pic32mx/4.8.3/../../../../pic32mx/lib\libpic32.a(default-general-exception-handler.o)
 .debug_abbrev  0x000021bf       0x28 c:/program files (x86)/microchip/xc32/v1.40/bin/bin/../../lib/gcc/pic32mx/4.8.3/../../../../pic32mx/lib\libpic32.a(defaultinterrupt.o)

.debug_line     0x00000000     0x2c9d
 *(.debug_line)
 .debug_line    0x00000000       0x1d build/Catalyst_revA_PIC32MX350f128L/production/CONFIGURATION.o
 .debug_line    0x0000001d      0x139 build/Catalyst_revA_PIC32MX350f128L/production/main.o
 .debug_line    0x00000156      0x17e build/Catalyst_revA_PIC32MX350f128L/production/SYSTEM.o
 .debug_line    0x000002d4       0xbd build/Catalyst_revA_PIC32MX350f128L/production/EXCEPTIONS.o
 .debug_line    0x00000391      0x3df build/Catalyst_revA_PIC32MX350f128L/production/INTERRUPTS.o
 .debug_line    0x00000770      0x1a1 build/Catalyst_revA_PIC32MX350f128L/production/USER.o
 .debug_line    0x00000911      0x262 build/Catalyst_revA_PIC32MX350f128L/production/MISC.o
 .debug_line    0x00000b73      0x2e5 build/Catalyst_revA_PIC32MX350f128L/production/DMA.o
 .debug_line    0x00000e58      0x41d build/Catalyst_revA_PIC32MX350f128L/production/UART.o
 .debug_line    0x00001275      0x117 build/Catalyst_revA_PIC32MX350f128L/production/ADC.o
 .debug_line    0x0000138c      0x1f3 build/Catalyst_revA_PIC32MX350f128L/production/TIMERS.o
 .debug_line    0x0000157f      0x157 build/Catalyst_revA_PIC32MX350f128L/production/PWM.o
 .debug_line    0x000016d6      0x335 build/Catalyst_revA_PIC32MX350f128L/production/FLASH.o
 .debug_line    0x00001a0b      0x1b1 build/Catalyst_revA_PIC32MX350f128L/production/POWER.o
 .debug_line    0x00001bbc      0x170 build/Catalyst_revA_PIC32MX350f128L/production/SPI.o
 .debug_line    0x00001d2c      0x3f2 build/Catalyst_revA_PIC32MX350f128L/production/RTCC.o
 .debug_line    0x0000211e      0x3ad build/Catalyst_revA_PIC32MX350f128L/production/I2C.o
 .debug_line    0x000024cb      0x1e4 build/Catalyst_revA_PIC32MX350f128L/production/EXPAND_RF.o
 .debug_line    0x000026af      0x15f build/Catalyst_revA_PIC32MX350f128L/production/EXPAND_IR.o
 .debug_line    0x0000280e      0x137 build/Catalyst_revA_PIC32MX350f128L/production/CMD.o
 .debug_line    0x00002945       0x8a c:/program files (x86)/microchip/xc32/v1.40/bin/bin/../../lib/gcc/pic32mx/4.8.3\libgcc.a(floatunsisf.o)
 .debug_line    0x000029cf       0x97 c:/program files (x86)/microchip/xc32/v1.40/bin/bin/../../lib/gcc/pic32mx/4.8.3/../../../../pic32mx/lib\libpic32.a(default-bootstrap-exception-handler.o)
 .debug_line    0x00002a66       0x84 c:/program files (x86)/microchip/xc32/v1.40/bin/bin/../../lib/gcc/pic32mx/4.8.3/../../../../pic32mx/lib\libpic32.a(default-on-reset.o)
 .debug_line    0x00002aea       0x88 c:/program files (x86)/microchip/xc32/v1.40/bin/bin/../../lib/gcc/pic32mx/4.8.3/../../../../pic32mx/lib\libpic32.a(default-on-bootstrap.o)
 .debug_line    0x00002b72       0x95 c:/program files (x86)/microchip/xc32/v1.40/bin/bin/../../lib/gcc/pic32mx/4.8.3/../../../../pic32mx/lib\libpic32.a(default-general-exception-handler.o)
 .debug_line    0x00002c07       0x96 c:/program files (x86)/microchip/xc32/v1.40/bin/bin/../../lib/gcc/pic32mx/4.8.3/../../../../pic32mx/lib\libpic32.a(defaultinterrupt.o)

.debug_frame    0x00000000     0x2e5c
 *(.debug_frame)
 .debug_frame   0x00000000       0x2c build/Catalyst_revA_PIC32MX350f128L/production/main.o
 .debug_frame   0x0000002c      0x1bc build/Catalyst_revA_PIC32MX350f128L/production/SYSTEM.o
 .debug_frame   0x000001e8       0x70 build/Catalyst_revA_PIC32MX350f128L/production/EXCEPTIONS.o
 .debug_frame   0x00000258      0x634 build/Catalyst_revA_PIC32MX350f128L/production/INTERRUPTS.o
 .debug_frame   0x0000088c       0x50 build/Catalyst_revA_PIC32MX350f128L/production/USER.o
 .debug_frame   0x000008dc      0x2c4 build/Catalyst_revA_PIC32MX350f128L/production/MISC.o
 .debug_frame   0x00000ba0      0x2c8 build/Catalyst_revA_PIC32MX350f128L/production/DMA.o
 .debug_frame   0x00000e68      0x98c build/Catalyst_revA_PIC32MX350f128L/production/UART.o
 .debug_frame   0x000017f4       0xcc build/Catalyst_revA_PIC32MX350f128L/production/ADC.o
 .debug_frame   0x000018c0      0x328 build/Catalyst_revA_PIC32MX350f128L/production/TIMERS.o
 .debug_frame   0x00001be8      0x104 build/Catalyst_revA_PIC32MX350f128L/production/PWM.o
 .debug_frame   0x00001cec      0x324 build/Catalyst_revA_PIC32MX350f128L/production/FLASH.o
 .debug_frame   0x00002010      0x190 build/Catalyst_revA_PIC32MX350f128L/production/POWER.o
 .debug_frame   0x000021a0       0xf0 build/Catalyst_revA_PIC32MX350f128L/production/SPI.o
 .debug_frame   0x00002290      0x2ac build/Catalyst_revA_PIC32MX350f128L/production/RTCC.o
 .debug_frame   0x0000253c      0x518 build/Catalyst_revA_PIC32MX350f128L/production/I2C.o
 .debug_frame   0x00002a54      0x114 build/Catalyst_revA_PIC32MX350f128L/production/EXPAND_RF.o
 .debug_frame   0x00002b68      0x10c build/Catalyst_revA_PIC32MX350f128L/production/EXPAND_IR.o
 .debug_frame   0x00002c74      0x108 build/Catalyst_revA_PIC32MX350f128L/production/CMD.o
 .debug_frame   0x00002d7c       0x28 c:/program files (x86)/microchip/xc32/v1.40/bin/bin/../../lib/gcc/pic32mx/4.8.3\libgcc.a(floatunsisf.o)
 .debug_frame   0x00002da4       0x2c c:/program files (x86)/microchip/xc32/v1.40/bin/bin/../../lib/gcc/pic32mx/4.8.3/../../../../pic32mx/lib\libpic32.a(default-bootstrap-exception-handler.o)
 .debug_frame   0x00002dd0       0x20 c:/program files (x86)/microchip/xc32/v1.40/bin/bin/../../lib/gcc/pic32mx/4.8.3/../../../../pic32mx/lib\libpic32.a(default-on-reset.o)
 .debug_frame   0x00002df0       0x20 c:/program files (x86)/microchip/xc32/v1.40/bin/bin/../../lib/gcc/pic32mx/4.8.3/../../../../pic32mx/lib\libpic32.a(default-on-bootstrap.o)
 .debug_frame   0x00002e10       0x2c c:/program files (x86)/microchip/xc32/v1.40/bin/bin/../../lib/gcc/pic32mx/4.8.3/../../../../pic32mx/lib\libpic32.a(default-general-exception-handler.o)
 .debug_frame   0x00002e3c       0x20 c:/program files (x86)/microchip/xc32/v1.40/bin/bin/../../lib/gcc/pic32mx/4.8.3/../../../../pic32mx/lib\libpic32.a(defaultinterrupt.o)

.debug_str      0x00000000      0x408
 *(.debug_str)
 .debug_str     0x00000000        0x0 build/Catalyst_revA_PIC32MX350f128L/production/CONFIGURATION.o
 .debug_str     0x00000000        0x0 build/Catalyst_revA_PIC32MX350f128L/production/main.o
 .debug_str     0x00000000        0x0 build/Catalyst_revA_PIC32MX350f128L/production/SYSTEM.o
 .debug_str     0x00000000        0x0 build/Catalyst_revA_PIC32MX350f128L/production/EXCEPTIONS.o
 .debug_str     0x00000000       0xf9 build/Catalyst_revA_PIC32MX350f128L/production/INTERRUPTS.o
 .debug_str     0x000000f9        0x0 build/Catalyst_revA_PIC32MX350f128L/production/USER.o
 .debug_str     0x000000f9        0xb build/Catalyst_revA_PIC32MX350f128L/production/MISC.o
 .debug_str     0x00000104       0xef build/Catalyst_revA_PIC32MX350f128L/production/DMA.o
 .debug_str     0x000001f3       0xef build/Catalyst_revA_PIC32MX350f128L/production/UART.o
 .debug_str     0x000002e2        0x0 build/Catalyst_revA_PIC32MX350f128L/production/ADC.o
 .debug_str     0x000002e2       0x35 build/Catalyst_revA_PIC32MX350f128L/production/TIMERS.o
 .debug_str     0x00000317        0xe build/Catalyst_revA_PIC32MX350f128L/production/PWM.o
 .debug_str     0x00000325       0x44 build/Catalyst_revA_PIC32MX350f128L/production/FLASH.o
 .debug_str     0x00000369        0x7 build/Catalyst_revA_PIC32MX350f128L/production/POWER.o
 .debug_str     0x00000370        0x6 build/Catalyst_revA_PIC32MX350f128L/production/SPI.o
 .debug_str     0x00000376        0xa build/Catalyst_revA_PIC32MX350f128L/production/RTCC.o
 .debug_str     0x00000380       0x64 build/Catalyst_revA_PIC32MX350f128L/production/I2C.o
 .debug_str     0x000003e4        0x0 build/Catalyst_revA_PIC32MX350f128L/production/EXPAND_RF.o
 .debug_str     0x000003e4        0xc build/Catalyst_revA_PIC32MX350f128L/production/EXPAND_IR.o
 .debug_str     0x000003f0       0x18 build/Catalyst_revA_PIC32MX350f128L/production/CMD.o
 .debug_str     0x00000408        0x0 c:/program files (x86)/microchip/xc32/v1.40/bin/bin/../../lib/gcc/pic32mx/4.8.3\libgcc.a(floatunsisf.o)
 .debug_str     0x00000408        0x0 c:/program files (x86)/microchip/xc32/v1.40/bin/bin/../../lib/gcc/pic32mx/4.8.3/../../../../pic32mx/lib\libpic32.a(default-bootstrap-exception-handler.o)
 .debug_str     0x00000408        0x0 c:/program files (x86)/microchip/xc32/v1.40/bin/bin/../../lib/gcc/pic32mx/4.8.3/../../../../pic32mx/lib\libpic32.a(default-on-reset.o)
 .debug_str     0x00000408        0x0 c:/program files (x86)/microchip/xc32/v1.40/bin/bin/../../lib/gcc/pic32mx/4.8.3/../../../../pic32mx/lib\libpic32.a(default-on-bootstrap.o)
 .debug_str     0x00000408        0x0 c:/program files (x86)/microchip/xc32/v1.40/bin/bin/../../lib/gcc/pic32mx/4.8.3/../../../../pic32mx/lib\libpic32.a(default-general-exception-handler.o)
 .debug_str     0x00000408        0x0 c:/program files (x86)/microchip/xc32/v1.40/bin/bin/../../lib/gcc/pic32mx/4.8.3/../../../../pic32mx/lib\libpic32.a(defaultinterrupt.o)

.debug_loc      0x00000000       0x74
 *(.debug_loc)
 .debug_loc     0x00000000       0x74 c:/program files (x86)/microchip/xc32/v1.40/bin/bin/../../lib/gcc/pic32mx/4.8.3\libgcc.a(floatunsisf.o)

.debug_macinfo
 *(.debug_macinfo)

.debug_weaknames
 *(.debug_weaknames)

.debug_funcnames
 *(.debug_funcnames)

.debug_typenames
 *(.debug_typenames)

.debug_varnames
 *(.debug_varnames)

.debug_pubtypes
 *(.debug_pubtypes)

.debug_ranges   0x00000000       0x50
 *(.debug_ranges)
 .debug_ranges  0x00000000       0x10 c:/program files (x86)/microchip/xc32/v1.40/bin/bin/../../lib/gcc/pic32mx/4.8.3/../../../../pic32mx/lib\libpic32.a(default-bootstrap-exception-handler.o)
 .debug_ranges  0x00000010       0x10 c:/program files (x86)/microchip/xc32/v1.40/bin/bin/../../lib/gcc/pic32mx/4.8.3/../../../../pic32mx/lib\libpic32.a(default-on-reset.o)
 .debug_ranges  0x00000020       0x10 c:/program files (x86)/microchip/xc32/v1.40/bin/bin/../../lib/gcc/pic32mx/4.8.3/../../../../pic32mx/lib\libpic32.a(default-on-bootstrap.o)
 .debug_ranges  0x00000030       0x10 c:/program files (x86)/microchip/xc32/v1.40/bin/bin/../../lib/gcc/pic32mx/4.8.3/../../../../pic32mx/lib\libpic32.a(default-general-exception-handler.o)
 .debug_ranges  0x00000040       0x10 c:/program files (x86)/microchip/xc32/v1.40/bin/bin/../../lib/gcc/pic32mx/4.8.3/../../../../pic32mx/lib\libpic32.a(defaultinterrupt.o)

.gnu.attributes
                0x00000000       0x10
 *(.gnu.attributes)
 .gnu.attributes
                0x00000000       0x10 build/Catalyst_revA_PIC32MX350f128L/production/CONFIGURATION.o
 .gnu.attributes
                0x00000010       0x10 build/Catalyst_revA_PIC32MX350f128L/production/main.o
 .gnu.attributes
                0x00000020       0x10 build/Catalyst_revA_PIC32MX350f128L/production/SYSTEM.o
 .gnu.attributes
                0x00000030       0x10 build/Catalyst_revA_PIC32MX350f128L/production/EXCEPTIONS.o
 .gnu.attributes
                0x00000040       0x10 build/Catalyst_revA_PIC32MX350f128L/production/INTERRUPTS.o
 .gnu.attributes
                0x00000050       0x10 build/Catalyst_revA_PIC32MX350f128L/production/USER.o
 .gnu.attributes
                0x00000060       0x10 build/Catalyst_revA_PIC32MX350f128L/production/MISC.o
 .gnu.attributes
                0x00000070       0x10 build/Catalyst_revA_PIC32MX350f128L/production/DMA.o
 .gnu.attributes
                0x00000080       0x10 build/Catalyst_revA_PIC32MX350f128L/production/UART.o
 .gnu.attributes
                0x00000090       0x10 build/Catalyst_revA_PIC32MX350f128L/production/ADC.o
 .gnu.attributes
                0x000000a0       0x10 build/Catalyst_revA_PIC32MX350f128L/production/TIMERS.o
 .gnu.attributes
                0x000000b0       0x10 build/Catalyst_revA_PIC32MX350f128L/production/PWM.o
 .gnu.attributes
                0x000000c0       0x10 build/Catalyst_revA_PIC32MX350f128L/production/FLASH.o
 .gnu.attributes
                0x000000d0       0x10 build/Catalyst_revA_PIC32MX350f128L/production/POWER.o
 .gnu.attributes
                0x000000e0       0x10 build/Catalyst_revA_PIC32MX350f128L/production/SPI.o
 .gnu.attributes
                0x000000f0       0x10 build/Catalyst_revA_PIC32MX350f128L/production/RTCC.o
 .gnu.attributes
                0x00000100       0x10 build/Catalyst_revA_PIC32MX350f128L/production/I2C.o
 .gnu.attributes
                0x00000110       0x10 build/Catalyst_revA_PIC32MX350f128L/production/EXPAND_RF.o
 .gnu.attributes
                0x00000120       0x10 build/Catalyst_revA_PIC32MX350f128L/production/EXPAND_IR.o
 .gnu.attributes
                0x00000130       0x10 build/Catalyst_revA_PIC32MX350f128L/production/CMD.o
 .gnu.attributes
                0x00000140       0x10 c:/program files (x86)/microchip/xc32/v1.40/bin/bin/../../lib/gcc/pic32mx/4.8.3\libgcc.a(floatunsisf.o)
 .gnu.attributes
                0x00000150       0x10 c:/program files (x86)/microchip/xc32/v1.40/bin/bin/../../lib/gcc/pic32mx/4.8.3/../../../../pic32mx/lib\libpic32.a(default-bootstrap-exception-handler.o)
 .gnu.attributes
                0x00000160       0x10 c:/program files (x86)/microchip/xc32/v1.40/bin/bin/../../lib/gcc/pic32mx/4.8.3/../../../../pic32mx/lib\libpic32.a(default-on-reset.o)
 .gnu.attributes
                0x00000170       0x10 c:/program files (x86)/microchip/xc32/v1.40/bin/bin/../../lib/gcc/pic32mx/4.8.3/../../../../pic32mx/lib\libpic32.a(default-on-bootstrap.o)
 .gnu.attributes
                0x00000180       0x10 c:/program files (x86)/microchip/xc32/v1.40/bin/bin/../../lib/gcc/pic32mx/4.8.3/../../../../pic32mx/lib\libpic32.a(default-general-exception-handler.o)
 .gnu.attributes
                0x00000190       0x10 c:/program files (x86)/microchip/xc32/v1.40/bin/bin/../../lib/gcc/pic32mx/4.8.3/../../../../pic32mx/lib\libpic32.a(defaultinterrupt.o)
LOAD c:/program files (x86)/microchip/xc32/v1.40/bin/bin/../../lib/gcc/pic32mx/4.8.3\libgcc.a
START GROUP
LOAD c:/program files (x86)/microchip/xc32/v1.40/bin/bin/../../lib/gcc/pic32mx/4.8.3/../../../../pic32mx/lib\libpic32.a
LOAD c:/program files (x86)/microchip/xc32/v1.40/bin/bin/../../lib/gcc/pic32mx/4.8.3/../../../../pic32mx/lib\libdebug.a
LOAD c:/program files (x86)/microchip/xc32/v1.40/bin/bin/../../lib/gcc/pic32mx/4.8.3/../../../../pic32mx/lib\libpic32.a
LOAD c:/program files (x86)/microchip/xc32/v1.40/bin/bin/../../lib/gcc/pic32mx/4.8.3/../../../../pic32mx/lib\libm.a
LOAD c:/program files (x86)/microchip/xc32/v1.40/bin/bin/../../lib/gcc/pic32mx/4.8.3/../../../../pic32mx/lib\libe.a
LOAD c:/program files (x86)/microchip/xc32/v1.40/bin/bin/../../lib/gcc/pic32mx/4.8.3/../../../../pic32mx/lib\libdsp.a
LOAD c:/program files (x86)/microchip/xc32/v1.40/bin/bin/../../lib/gcc/pic32mx/4.8.3\libgcc.a
LOAD c:/program files (x86)/microchip/xc32/v1.40/bin/bin/../../lib/gcc/pic32mx/4.8.3/../../../../pic32mx/lib\libc.a
LOAD c:/program files (x86)/microchip/xc32/v1.40/bin/bin/../../lib/gcc/pic32mx/4.8.3/../../../../pic32mx/lib\libpic32.a
END GROUP
LOAD c:/program files (x86)/microchip/xc32/v1.40/bin/bin/../../lib/gcc/pic32mx/4.8.3\libgcc.a
OUTPUT(dist/Catalyst_revA_PIC32MX350f128L/production/PIC_Catalyst_RPI_daughter_Speech_Recognition.production.elf elf32-tradlittlemips)
LOAD stack
LOAD data_init

.reginfo        0x00000000       0x18
 .reginfo       0x00000000       0x18 c:/program files (x86)/microchip/xc32/v1.40/bin/bin/../../lib/gcc/pic32mx/4.8.3/../../../../pic32mx/lib/./proc/32MX350F128L/crt0_mips32r2.o

.stack          0xa0005f58      0x400
 .stack         0xa0005f58      0x400 stack

.data           0xa00047a0     0x178c
 .data          0xa00047a0     0x1450 build/Catalyst_revA_PIC32MX350f128L/production/EXPAND_RF.o
                0xa00047a0                LivingroomLight
                0xa0004930                LivingroomFanOn
                0xa0004ac0                LivingroomFanOff
                0xa0004c50                ChristmasTreeWhiteOn
                0xa0004de0                ChristmasTreeWhiteOff
                0xa0004f70                ChristmasTreeColor
                0xa0005100                BedroomLight
                0xa0005290                BedroomFanOn
                0xa0005420                BedroomFanOff
                0xa00055b0                BedroomBedOn
                0xa0005740                BedroomBedOff
                0xa00058d0                JoesroomLightOn
                0xa0005a60                JoesroomLightOff
 .data          0xa0005bf0      0x33c build/Catalyst_revA_PIC32MX350f128L/production/CMD.o
                0xa0005bf0                COMMANDS

.bss            0x00000000        0x0
 .bss           0x00000000        0x0 c:/program files (x86)/microchip/xc32/v1.40/bin/bin/../../lib/gcc/pic32mx/4.8.3/../../../../pic32mx/lib\libm.a(sitofp.o)

.data           0x00000000        0x0
 .data          0x00000000        0x0 c:/program files (x86)/microchip/xc32/v1.40/bin/bin/../../lib/gcc/pic32mx/4.8.3/../../../../pic32mx/lib\libm.a(sitofp.o)

.bss            0x00000000        0x0
 .bss           0x00000000        0x0 c:/program files (x86)/microchip/xc32/v1.40/bin/bin/../../lib/gcc/pic32mx/4.8.3/../../../../pic32mx/lib\libm.a(fptoul.o)

.data           0x00000000        0x0
 .data          0x00000000        0x0 c:/program files (x86)/microchip/xc32/v1.40/bin/bin/../../lib/gcc/pic32mx/4.8.3/../../../../pic32mx/lib\libm.a(fptoul.o)

.bss            0x00000000        0x0
 .bss           0x00000000        0x0 c:/program files (x86)/microchip/xc32/v1.40/bin/bin/../../lib/gcc/pic32mx/4.8.3/../../../../pic32mx/lib\libm.a(fptoli.o)

.data           0x00000000        0x0
 .data          0x00000000        0x0 c:/program files (x86)/microchip/xc32/v1.40/bin/bin/../../lib/gcc/pic32mx/4.8.3/../../../../pic32mx/lib\libm.a(fptoli.o)

.bss            0x00000000        0x0
 .bss           0x00000000        0x0 c:/program files (x86)/microchip/xc32/v1.40/bin/bin/../../lib/gcc/pic32mx/4.8.3/../../../../pic32mx/lib\libm.a(fpcmp.o)

.data           0x00000000        0x0
 .data          0x00000000        0x0 c:/program files (x86)/microchip/xc32/v1.40/bin/bin/../../lib/gcc/pic32mx/4.8.3/../../../../pic32mx/lib\libm.a(fpcmp.o)

.bss            0x00000000        0x0
 .bss           0x00000000        0x0 c:/program files (x86)/microchip/xc32/v1.40/bin/bin/../../lib/gcc/pic32mx/4.8.3/../../../../pic32mx/lib\libm.a(fp32subadd.o)

.data           0x00000000        0x0
 .data          0x00000000        0x0 c:/program files (x86)/microchip/xc32/v1.40/bin/bin/../../lib/gcc/pic32mx/4.8.3/../../../../pic32mx/lib\libm.a(fp32subadd.o)

.bss            0x00000000        0x0
 .bss           0x00000000        0x0 c:/program files (x86)/microchip/xc32/v1.40/bin/bin/../../lib/gcc/pic32mx/4.8.3/../../../../pic32mx/lib\libm.a(fp32mul.o)

.data           0x00000000        0x0
 .data          0x00000000        0x0 c:/program files (x86)/microchip/xc32/v1.40/bin/bin/../../lib/gcc/pic32mx/4.8.3/../../../../pic32mx/lib\libm.a(fp32mul.o)

.bss            0x00000000        0x0
 .bss           0x00000000        0x0 c:/program files (x86)/microchip/xc32/v1.40/bin/bin/../../lib/gcc/pic32mx/4.8.3/../../../../pic32mx/lib\libm.a(fp32div.o)

.data           0x00000000        0x0
 .data          0x00000000        0x0 c:/program files (x86)/microchip/xc32/v1.40/bin/bin/../../lib/gcc/pic32mx/4.8.3/../../../../pic32mx/lib\libm.a(fp32div.o)

.bss            0x00000000        0x0
 .bss           0x00000000        0x0 c:/program files (x86)/microchip/xc32/v1.40/bin/bin/../../lib/gcc/pic32mx/4.8.3/../../../../pic32mx/lib\libpic32.a(defaultinterrupt.o)

.data           0x00000000        0x0
 .data          0x00000000        0x0 c:/program files (x86)/microchip/xc32/v1.40/bin/bin/../../lib/gcc/pic32mx/4.8.3/../../../../pic32mx/lib\libpic32.a(defaultinterrupt.o)

.bss            0x00000000        0x0
 .bss           0x00000000        0x0 c:/program files (x86)/microchip/xc32/v1.40/bin/bin/../../lib/gcc/pic32mx/4.8.3/../../../../pic32mx/lib\libpic32.a(default-general-exception-handler.o)

.data           0x00000000        0x0
 .data          0x00000000        0x0 c:/program files (x86)/microchip/xc32/v1.40/bin/bin/../../lib/gcc/pic32mx/4.8.3/../../../../pic32mx/lib\libpic32.a(default-general-exception-handler.o)

.bss            0x00000000        0x0
 .bss           0x00000000        0x0 c:/program files (x86)/microchip/xc32/v1.40/bin/bin/../../lib/gcc/pic32mx/4.8.3/../../../../pic32mx/lib\libpic32.a(vector41.o)

.data           0x00000000        0x0
 .data          0x00000000        0x0 c:/program files (x86)/microchip/xc32/v1.40/bin/bin/../../lib/gcc/pic32mx/4.8.3/../../../../pic32mx/lib\libpic32.a(vector41.o)

.bss            0x00000000        0x0
 .bss           0x00000000        0x0 c:/program files (x86)/microchip/xc32/v1.40/bin/bin/../../lib/gcc/pic32mx/4.8.3/../../../../pic32mx/lib\libpic32.a(vector40.o)

.data           0x00000000        0x0
 .data          0x00000000        0x0 c:/program files (x86)/microchip/xc32/v1.40/bin/bin/../../lib/gcc/pic32mx/4.8.3/../../../../pic32mx/lib\libpic32.a(vector40.o)

.bss            0x00000000        0x0
 .bss           0x00000000        0x0 c:/program files (x86)/microchip/xc32/v1.40/bin/bin/../../lib/gcc/pic32mx/4.8.3/../../../../pic32mx/lib\libpic32.a(vector34.o)

.data           0x00000000        0x0
 .data          0x00000000        0x0 c:/program files (x86)/microchip/xc32/v1.40/bin/bin/../../lib/gcc/pic32mx/4.8.3/../../../../pic32mx/lib\libpic32.a(vector34.o)

.bss            0x00000000        0x0
 .bss           0x00000000        0x0 c:/program files (x86)/microchip/xc32/v1.40/bin/bin/../../lib/gcc/pic32mx/4.8.3/../../../../pic32mx/lib\libpic32.a(vector33.o)

.data           0x00000000        0x0
 .data          0x00000000        0x0 c:/program files (x86)/microchip/xc32/v1.40/bin/bin/../../lib/gcc/pic32mx/4.8.3/../../../../pic32mx/lib\libpic32.a(vector33.o)

.bss            0x00000000        0x0
 .bss           0x00000000        0x0 c:/program files (x86)/microchip/xc32/v1.40/bin/bin/../../lib/gcc/pic32mx/4.8.3/../../../../pic32mx/lib\libpic32.a(vector30.o)

.data           0x00000000        0x0
 .data          0x00000000        0x0 c:/program files (x86)/microchip/xc32/v1.40/bin/bin/../../lib/gcc/pic32mx/4.8.3/../../../../pic32mx/lib\libpic32.a(vector30.o)

.bss            0x00000000        0x0
 .bss           0x00000000        0x0 c:/program files (x86)/microchip/xc32/v1.40/bin/bin/../../lib/gcc/pic32mx/4.8.3/../../../../pic32mx/lib\libpic32.a(vector29.o)

.data           0x00000000        0x0
 .data          0x00000000        0x0 c:/program files (x86)/microchip/xc32/v1.40/bin/bin/../../lib/gcc/pic32mx/4.8.3/../../../../pic32mx/lib\libpic32.a(vector29.o)

.bss            0x00000000        0x0
 .bss           0x00000000        0x0 c:/program files (x86)/microchip/xc32/v1.40/bin/bin/../../lib/gcc/pic32mx/4.8.3/../../../../pic32mx/lib\libpic32.a(vector28.o)

.data           0x00000000        0x0
 .data          0x00000000        0x0 c:/program files (x86)/microchip/xc32/v1.40/bin/bin/../../lib/gcc/pic32mx/4.8.3/../../../../pic32mx/lib\libpic32.a(vector28.o)

.bss            0x00000000        0x0
 .bss           0x00000000        0x0 c:/program files (x86)/microchip/xc32/v1.40/bin/bin/../../lib/gcc/pic32mx/4.8.3/../../../../pic32mx/lib\libpic32.a(vector27.o)

.data           0x00000000        0x0
 .data          0x00000000        0x0 c:/program files (x86)/microchip/xc32/v1.40/bin/bin/../../lib/gcc/pic32mx/4.8.3/../../../../pic32mx/lib\libpic32.a(vector27.o)

.bss            0x00000000        0x0
 .bss           0x00000000        0x0 c:/program files (x86)/microchip/xc32/v1.40/bin/bin/../../lib/gcc/pic32mx/4.8.3/../../../../pic32mx/lib\libpic32.a(vector26.o)

.data           0x00000000        0x0
 .data          0x00000000        0x0 c:/program files (x86)/microchip/xc32/v1.40/bin/bin/../../lib/gcc/pic32mx/4.8.3/../../../../pic32mx/lib\libpic32.a(vector26.o)

.bss            0x00000000        0x0
 .bss           0x00000000        0x0 c:/program files (x86)/microchip/xc32/v1.40/bin/bin/../../lib/gcc/pic32mx/4.8.3/../../../../pic32mx/lib\libpic32.a(vector24.o)

.data           0x00000000        0x0
 .data          0x00000000        0x0 c:/program files (x86)/microchip/xc32/v1.40/bin/bin/../../lib/gcc/pic32mx/4.8.3/../../../../pic32mx/lib\libpic32.a(vector24.o)

.bss            0x00000000        0x0
 .bss           0x00000000        0x0 c:/program files (x86)/microchip/xc32/v1.40/bin/bin/../../lib/gcc/pic32mx/4.8.3/../../../../pic32mx/lib\libpic32.a(vector22.o)

.data           0x00000000        0x0
 .data          0x00000000        0x0 c:/program files (x86)/microchip/xc32/v1.40/bin/bin/../../lib/gcc/pic32mx/4.8.3/../../../../pic32mx/lib\libpic32.a(vector22.o)

.bss            0x00000000        0x0
 .bss           0x00000000        0x0 c:/program files (x86)/microchip/xc32/v1.40/bin/bin/../../lib/gcc/pic32mx/4.8.3/../../../../pic32mx/lib\libpic32.a(vector21.o)

.data           0x00000000        0x0
 .data          0x00000000        0x0 c:/program files (x86)/microchip/xc32/v1.40/bin/bin/../../lib/gcc/pic32mx/4.8.3/../../../../pic32mx/lib\libpic32.a(vector21.o)

.bss            0x00000000        0x0
 .bss           0x00000000        0x0 c:/program files (x86)/microchip/xc32/v1.40/bin/bin/../../lib/gcc/pic32mx/4.8.3/../../../../pic32mx/lib\libpic32.a(vector19.o)

.data           0x00000000        0x0
 .data          0x00000000        0x0 c:/program files (x86)/microchip/xc32/v1.40/bin/bin/../../lib/gcc/pic32mx/4.8.3/../../../../pic32mx/lib\libpic32.a(vector19.o)

.bss            0x00000000        0x0
 .bss           0x00000000        0x0 c:/program files (x86)/microchip/xc32/v1.40/bin/bin/../../lib/gcc/pic32mx/4.8.3/../../../../pic32mx/lib\libpic32.a(vector18.o)

.data           0x00000000        0x0
 .data          0x00000000        0x0 c:/program files (x86)/microchip/xc32/v1.40/bin/bin/../../lib/gcc/pic32mx/4.8.3/../../../../pic32mx/lib\libpic32.a(vector18.o)

.bss            0x00000000        0x0
 .bss           0x00000000        0x0 c:/program files (x86)/microchip/xc32/v1.40/bin/bin/../../lib/gcc/pic32mx/4.8.3/../../../../pic32mx/lib\libpic32.a(vector17.o)

.data           0x00000000        0x0
 .data          0x00000000        0x0 c:/program files (x86)/microchip/xc32/v1.40/bin/bin/../../lib/gcc/pic32mx/4.8.3/../../../../pic32mx/lib\libpic32.a(vector17.o)

.bss            0x00000000        0x0
 .bss           0x00000000        0x0 c:/program files (x86)/microchip/xc32/v1.40/bin/bin/../../lib/gcc/pic32mx/4.8.3/../../../../pic32mx/lib\libpic32.a(vector14.o)

.data           0x00000000        0x0
 .data          0x00000000        0x0 c:/program files (x86)/microchip/xc32/v1.40/bin/bin/../../lib/gcc/pic32mx/4.8.3/../../../../pic32mx/lib\libpic32.a(vector14.o)

.bss            0x00000000        0x0
 .bss           0x00000000        0x0 c:/program files (x86)/microchip/xc32/v1.40/bin/bin/../../lib/gcc/pic32mx/4.8.3/../../../../pic32mx/lib\libpic32.a(vector13.o)

.data           0x00000000        0x0
 .data          0x00000000        0x0 c:/program files (x86)/microchip/xc32/v1.40/bin/bin/../../lib/gcc/pic32mx/4.8.3/../../../../pic32mx/lib\libpic32.a(vector13.o)

.bss            0x00000000        0x0
 .bss           0x00000000        0x0 c:/program files (x86)/microchip/xc32/v1.40/bin/bin/../../lib/gcc/pic32mx/4.8.3/../../../../pic32mx/lib\libpic32.a(vector10.o)

.data           0x00000000        0x0
 .data          0x00000000        0x0 c:/program files (x86)/microchip/xc32/v1.40/bin/bin/../../lib/gcc/pic32mx/4.8.3/../../../../pic32mx/lib\libpic32.a(vector10.o)

.bss            0x00000000        0x0
 .bss           0x00000000        0x0 c:/program files (x86)/microchip/xc32/v1.40/bin/bin/../../lib/gcc/pic32mx/4.8.3/../../../../pic32mx/lib\libpic32.a(vector9.o)

.data           0x00000000        0x0
 .data          0x00000000        0x0 c:/program files (x86)/microchip/xc32/v1.40/bin/bin/../../lib/gcc/pic32mx/4.8.3/../../../../pic32mx/lib\libpic32.a(vector9.o)

.bss            0x00000000        0x0
 .bss           0x00000000        0x0 c:/program files (x86)/microchip/xc32/v1.40/bin/bin/../../lib/gcc/pic32mx/4.8.3/../../../../pic32mx/lib\libpic32.a(vector6.o)

.data           0x00000000        0x0
 .data          0x00000000        0x0 c:/program files (x86)/microchip/xc32/v1.40/bin/bin/../../lib/gcc/pic32mx/4.8.3/../../../../pic32mx/lib\libpic32.a(vector6.o)

.bss            0x00000000        0x0
 .bss           0x00000000        0x0 c:/program files (x86)/microchip/xc32/v1.40/bin/bin/../../lib/gcc/pic32mx/4.8.3/../../../../pic32mx/lib\libpic32.a(vector5.o)

.data           0x00000000        0x0
 .data          0x00000000        0x0 c:/program files (x86)/microchip/xc32/v1.40/bin/bin/../../lib/gcc/pic32mx/4.8.3/../../../../pic32mx/lib\libpic32.a(vector5.o)

.bss            0x00000000        0x0
 .bss           0x00000000        0x0 c:/program files (x86)/microchip/xc32/v1.40/bin/bin/../../lib/gcc/pic32mx/4.8.3/../../../../pic32mx/lib\libpic32.a(vector2.o)

.data           0x00000000        0x0
 .data          0x00000000        0x0 c:/program files (x86)/microchip/xc32/v1.40/bin/bin/../../lib/gcc/pic32mx/4.8.3/../../../../pic32mx/lib\libpic32.a(vector2.o)

.bss            0x00000000        0x0
 .bss           0x00000000        0x0 c:/program files (x86)/microchip/xc32/v1.40/bin/bin/../../lib/gcc/pic32mx/4.8.3/../../../../pic32mx/lib\libpic32.a(vector1.o)

.data           0x00000000        0x0
 .data          0x00000000        0x0 c:/program files (x86)/microchip/xc32/v1.40/bin/bin/../../lib/gcc/pic32mx/4.8.3/../../../../pic32mx/lib\libpic32.a(vector1.o)

.bss            0x00000000        0x0
 .bss           0x00000000        0x0 c:/program files (x86)/microchip/xc32/v1.40/bin/bin/../../lib/gcc/pic32mx/4.8.3/../../../../pic32mx/lib\libpic32.a(vector0.o)

.data           0x00000000        0x0
 .data          0x00000000        0x0 c:/program files (x86)/microchip/xc32/v1.40/bin/bin/../../lib/gcc/pic32mx/4.8.3/../../../../pic32mx/lib\libpic32.a(vector0.o)

.bss            0x00000000        0x0
 .bss           0x00000000        0x0 c:/program files (x86)/microchip/xc32/v1.40/bin/bin/../../lib/gcc/pic32mx/4.8.3/../../../../pic32mx/lib\libpic32.a(general-exception.o)

.data           0x00000000        0x0
 .data          0x00000000        0x0 c:/program files (x86)/microchip/xc32/v1.40/bin/bin/../../lib/gcc/pic32mx/4.8.3/../../../../pic32mx/lib\libpic32.a(general-exception.o)

.bss            0x00000000        0x0
 .bss           0x00000000        0x0 c:/program files (x86)/microchip/xc32/v1.40/bin/bin/../../lib/gcc/pic32mx/4.8.3/../../../../pic32mx/lib\libpic32.a(default-nmi-handler.o)

.data           0x00000000        0x0
 .data          0x00000000        0x0 c:/program files (x86)/microchip/xc32/v1.40/bin/bin/../../lib/gcc/pic32mx/4.8.3/../../../../pic32mx/lib\libpic32.a(default-nmi-handler.o)

.bss            0x00000000        0x0
 .bss           0x00000000        0x0 c:/program files (x86)/microchip/xc32/v1.40/bin/bin/../../lib/gcc/pic32mx/4.8.3/../../../../pic32mx/lib\libpic32.a(default-on-bootstrap.o)

.data           0x00000000        0x0
 .data          0x00000000        0x0 c:/program files (x86)/microchip/xc32/v1.40/bin/bin/../../lib/gcc/pic32mx/4.8.3/../../../../pic32mx/lib\libpic32.a(default-on-bootstrap.o)

.bss            0x00000000        0x0
 .bss           0x00000000        0x0 c:/program files (x86)/microchip/xc32/v1.40/bin/bin/../../lib/gcc/pic32mx/4.8.3/../../../../pic32mx/lib\libpic32.a(default-on-reset.o)

.data           0x00000000        0x0
 .data          0x00000000        0x0 c:/program files (x86)/microchip/xc32/v1.40/bin/bin/../../lib/gcc/pic32mx/4.8.3/../../../../pic32mx/lib\libpic32.a(default-on-reset.o)

.bss            0x00000000        0x0
 .bss           0x00000000        0x0 c:/program files (x86)/microchip/xc32/v1.40/bin/bin/../../lib/gcc/pic32mx/4.8.3/../../../../pic32mx/lib\libpic32.a(default-bootstrap-exception-handler.o)

.data           0x00000000        0x0
 .data          0x00000000        0x0 c:/program files (x86)/microchip/xc32/v1.40/bin/bin/../../lib/gcc/pic32mx/4.8.3/../../../../pic32mx/lib\libpic32.a(default-bootstrap-exception-handler.o)

.bss            0x00000000        0x0
 .bss           0x00000000        0x0 c:/program files (x86)/microchip/xc32/v1.40/bin/bin/../../lib/gcc/pic32mx/4.8.3\libgcc.a(floatunsisf.o)

.data           0x00000000        0x0
 .data          0x00000000        0x0 c:/program files (x86)/microchip/xc32/v1.40/bin/bin/../../lib/gcc/pic32mx/4.8.3\libgcc.a(floatunsisf.o)

.bss            0x00000000        0x0
 .bss           0x00000000        0x0 c:/program files (x86)/microchip/xc32/v1.40/bin/bin/../../lib/gcc/pic32mx/4.8.3/../../../../pic32mx/lib/./proc/32MX350F128L\processor.o

.data           0x00000000        0x0
 .data          0x00000000        0x0 c:/program files (x86)/microchip/xc32/v1.40/bin/bin/../../lib/gcc/pic32mx/4.8.3/../../../../pic32mx/lib/./proc/32MX350F128L\processor.o

.bss            0x00000000        0x0
 .bss           0x00000000        0x0 c:/program files (x86)/microchip/xc32/v1.40/bin/bin/../../lib/gcc/pic32mx/4.8.3/../../../../pic32mx/lib\pic32_software_reset.o

.data           0x00000000        0x0
 .data          0x00000000        0x0 c:/program files (x86)/microchip/xc32/v1.40/bin/bin/../../lib/gcc/pic32mx/4.8.3/../../../../pic32mx/lib\pic32_software_reset.o

.bss            0x00000000        0x0
 .bss           0x00000000        0x0 c:/program files (x86)/microchip/xc32/v1.40/bin/bin/../../lib/gcc/pic32mx/4.8.3/../../../../pic32mx/lib/./proc/32MX350F128L\default_isr_vectors.o

.data           0x00000000        0x0
 .data          0x00000000        0x0 c:/program files (x86)/microchip/xc32/v1.40/bin/bin/../../lib/gcc/pic32mx/4.8.3/../../../../pic32mx/lib/./proc/32MX350F128L\default_isr_vectors.o

.bss            0x00000000        0x0
 .bss           0x00000000        0x0 build/Catalyst_revA_PIC32MX350f128L/production/CMD.o

.bss            0x00000000        0x0
 .bss           0x00000000        0x0 build/Catalyst_revA_PIC32MX350f128L/production/EXPAND_IR.o

.data           0x00000000        0x0
 .data          0x00000000        0x0 build/Catalyst_revA_PIC32MX350f128L/production/EXPAND_IR.o

.bss            0x00000000        0x0
 .bss           0x00000000        0x0 build/Catalyst_revA_PIC32MX350f128L/production/EXPAND_RF.o

.bss            0x00000000        0x0
 .bss           0x00000000        0x0 build/Catalyst_revA_PIC32MX350f128L/production/I2C.o

.data           0x00000000        0x0
 .data          0x00000000        0x0 build/Catalyst_revA_PIC32MX350f128L/production/I2C.o

.bss            0x00000000        0x0
 .bss           0x00000000        0x0 build/Catalyst_revA_PIC32MX350f128L/production/RTCC.o

.data           0x00000000        0x0
 .data          0x00000000        0x0 build/Catalyst_revA_PIC32MX350f128L/production/RTCC.o

.bss            0x00000000        0x0
 .bss           0x00000000        0x0 build/Catalyst_revA_PIC32MX350f128L/production/SPI.o

.data           0x00000000        0x0
 .data          0x00000000        0x0 build/Catalyst_revA_PIC32MX350f128L/production/SPI.o

.bss            0x00000000        0x0
 .bss           0x00000000        0x0 build/Catalyst_revA_PIC32MX350f128L/production/POWER.o

.data           0x00000000        0x0
 .data          0x00000000        0x0 build/Catalyst_revA_PIC32MX350f128L/production/POWER.o

.bss            0x00000000        0x0