
Optional file libmchp_peripheral.a not found

Optional file libmchp_peripheral_32MX350F128L.a not found
Archive member included because of file (symbol)

c:/program files (x86)/microchip/xc32/v1.40/bin/bin/../../lib/gcc/pic32mx/4.8.3\libgcc.a(floatunsisf.o)
                              build/Catalyst_revA_PIC32MX350f128L/debug/INTERRUPTS.o (__floatunsisf)
c:/program files (x86)/microchip/xc32/v1.40/bin/bin/../../lib/gcc/pic32mx/4.8.3/../../../../pic32mx/lib\libpic32.a(default-bootstrap-exception-handler.o)
                              c:/program files (x86)/microchip/xc32/v1.40/bin/bin/../../lib/gcc/pic32mx/4.8.3/../../../../pic32mx/lib/./proc/32MX350F128L/crt0_mips32r2.o (_bootstrap_exception_handler)
c:/program files (x86)/microchip/xc32/v1.40/bin/bin/../../lib/gcc/pic32mx/4.8.3/../../../../pic32mx/lib\libpic32.a(default-on-reset.o)
                              c:/program files (x86)/microchip/xc32/v1.40/bin/bin/../../lib/gcc/pic32mx/4.8.3/../../../../pic32mx/lib/./proc/32MX350F128L/crt0_mips32r2.o (_on_reset)
c:/program files (x86)/microchip/xc32/v1.40/bin/bin/../../lib/gcc/pic32mx/4.8.3/../../../../pic32mx/lib\libpic32.a(default-on-bootstrap.o)
                              c:/program files (x86)/microchip/xc32/v1.40/bin/bin/../../lib/gcc/pic32mx/4.8.3/../../../../pic32mx/lib/./proc/32MX350F128L/crt0_mips32r2.o (_on_bootstrap)
c:/program files (x86)/microchip/xc32/v1.40/bin/bin/../../lib/gcc/pic32mx/4.8.3/../../../../pic32mx/lib\libpic32.a(default-nmi-handler.o)
                              c:/program files (x86)/microchip/xc32/v1.40/bin/bin/../../lib/gcc/pic32mx/4.8.3/../../../../pic32mx/lib/./proc/32MX350F128L/crt0_mips32r2.o (_nmi_handler)
c:/program files (x86)/microchip/xc32/v1.40/bin/bin/../../lib/gcc/pic32mx/4.8.3/../../../../pic32mx/lib\libpic32.a(general-exception.o)
                              c:/program files (x86)/microchip/xc32/v1.40/bin/bin/../../lib/gcc/pic32mx/4.8.3/../../../../pic32mx/lib/./proc/32MX350F128L/crt0_mips32r2.o (_general_exception_context)
c:/program files (x86)/microchip/xc32/v1.40/bin/bin/../../lib/gcc/pic32mx/4.8.3/../../../../pic32mx/lib\libpic32.a(vector0.o)
                              c:/program files (x86)/microchip/xc32/v1.40/bin/bin/../../lib/gcc/pic32mx/4.8.3/../../../../pic32mx/lib/./proc/32MX350F128L\default_isr_vectors.o (__vector_dispatch_0)
c:/program files (x86)/microchip/xc32/v1.40/bin/bin/../../lib/gcc/pic32mx/4.8.3/../../../../pic32mx/lib\libpic32.a(vector1.o)
                              c:/program files (x86)/microchip/xc32/v1.40/bin/bin/../../lib/gcc/pic32mx/4.8.3/../../../../pic32mx/lib/./proc/32MX350F128L\default_isr_vectors.o (__vector_dispatch_1)
c:/program files (x86)/microchip/xc32/v1.40/bin/bin/../../lib/gcc/pic32mx/4.8.3/../../../../pic32mx/lib\libpic32.a(vector2.o)
                              c:/program files (x86)/microchip/xc32/v1.40/bin/bin/../../lib/gcc/pic32mx/4.8.3/../../../../pic32mx/lib/./proc/32MX350F128L\default_isr_vectors.o (__vector_dispatch_2)
c:/program files (x86)/microchip/xc32/v1.40/bin/bin/../../lib/gcc/pic32mx/4.8.3/../../../../pic32mx/lib\libpic32.a(vector5.o)
                              c:/program files (x86)/microchip/xc32/v1.40/bin/bin/../../lib/gcc/pic32mx/4.8.3/../../../../pic32mx/lib/./proc/32MX350F128L\default_isr_vectors.o (__vector_dispatch_5)
c:/program files (x86)/microchip/xc32/v1.40/bin/bin/../../lib/gcc/pic32mx/4.8.3/../../../../pic32mx/lib\libpic32.a(vector6.o)
                              c:/program files (x86)/microchip/xc32/v1.40/bin/bin/../../lib/gcc/pic32mx/4.8.3/../../../../pic32mx/lib/./proc/32MX350F128L\default_isr_vectors.o (__vector_dispatch_6)
c:/program files (x86)/microchip/xc32/v1.40/bin/bin/../../lib/gcc/pic32mx/4.8.3/../../../../pic32mx/lib\libpic32.a(vector9.o)
                              c:/program files (x86)/microchip/xc32/v1.40/bin/bin/../../lib/gcc/pic32mx/4.8.3/../../../../pic32mx/lib/./proc/32MX350F128L\default_isr_vectors.o (__vector_dispatch_9)
c:/program files (x86)/microchip/xc32/v1.40/bin/bin/../../lib/gcc/pic32mx/4.8.3/../../../../pic32mx/lib\libpic32.a(vector10.o)
                              c:/program files (x86)/microchip/xc32/v1.40/bin/bin/../../lib/gcc/pic32mx/4.8.3/../../../../pic32mx/lib/./proc/32MX350F128L\default_isr_vectors.o (__vector_dispatch_10)
c:/program files (x86)/microchip/xc32/v1.40/bin/bin/../../lib/gcc/pic32mx/4.8.3/../../../../pic32mx/lib\libpic32.a(vector13.o)
                              c:/program files (x86)/microchip/xc32/v1.40/bin/bin/../../lib/gcc/pic32mx/4.8.3/../../../../pic32mx/lib/./proc/32MX350F128L\default_isr_vectors.o (__vector_dispatch_13)
c:/program files (x86)/microchip/xc32/v1.40/bin/bin/../../lib/gcc/pic32mx/4.8.3/../../../../pic32mx/lib\libpic32.a(vector14.o)
                              c:/program files (x86)/microchip/xc32/v1.40/bin/bin/../../lib/gcc/pic32mx/4.8.3/../../../../pic32mx/lib/./proc/32MX350F128L\default_isr_vectors.o (__vector_dispatch_14)
[...]
Memory Configuration

Name             Origin             Length             Attributes
kseg0_boot_mem   0x9fc00490         0x00000970
kseg1_boot_mem   0xbfc00000         0x00000490
kseg0_program_mem 0x9d000000         0x00020000         xr
exception_mem    0x9fc01000         0x00001000
debug_exec_mem   0xbfc02000         0x00000ff0
config3          0xbfc02ff0         0x00000004
config2          0xbfc02ff4         0x00000004
config1          0xbfc02ff8         0x00000004
config0          0xbfc02ffc         0x00000004
kseg1_data_mem   0xa0000000         0x00008000         w !x
sfrs             0xbf800000         0x00100000
configsfrs       0xbfc02ff0         0x00000010
*default*        0x00000000         0xffffffff

Linker script and memory map


reserve_boot_0x1fc02000_kseg0
                0x9fc02000      0xff0
                0x9fc02000        0x2 SHORT 0x0
                0x00000760                . = 0x760
 *fill*         0x9fc02002      0x75e 
                0x9fc02760                . = ALIGN (0x4)
                0x9fc02760        0x2 SHORT 0x0
                0x00000ff0                . = 0xff0
 *fill*         0x9fc02762      0x88e 
                0x9fc02ff0                . = ALIGN (0x4)

reserve_boot_0x1fc02000_kseg1
                0xbfc02000      0xff0
                0xbfc02000        0x2 SHORT 0x0
                0x00000760                . = 0x760
 *fill*         0xbfc02002      0x75e 
                0xbfc02760                . = ALIGN (0x4)
                0xbfc02760        0x2 SHORT 0x0
                0x00000ff0                . = 0xff0
 *fill*         0xbfc02762      0x88e 
                0xbfc02ff0                . = ALIGN (0x4)
LOAD c:/program files (x86)/microchip/xc32/v1.40/bin/bin/../../lib/gcc/pic32mx/4.8.3/../../../../pic32mx/lib/./proc/32MX350F128L/crt0_mips32r2.o
LOAD c:/program files (x86)/microchip/xc32/v1.40/bin/bin/../../lib/gcc/pic32mx/4.8.3/../../../../pic32mx/lib\software-debug-break.o
                0x00000001                _DEBUGGER = 0x1
LOAD build/Catalyst_revA_PIC32MX350f128L/debug/CONFIGURATION.o
LOAD build/Catalyst_revA_PIC32MX350f128L/debug/main.o
LOAD build/Catalyst_revA_PIC32MX350f128L/debug/SYSTEM.o
LOAD build/Catalyst_revA_PIC32MX350f128L/debug/EXCEPTIONS.o
LOAD build/Catalyst_revA_PIC32MX350f128L/debug/INTERRUPTS.o
LOAD build/Catalyst_revA_PIC32MX350f128L/debug/USER.o
LOAD build/Catalyst_revA_PIC32MX350f128L/debug/MISC.o
LOAD build/Catalyst_revA_PIC32MX350f128L/debug/DMA.o
LOAD build/Catalyst_revA_PIC32MX350f128L/debug/UART.o
LOAD build/Catalyst_revA_PIC32MX350f128L/debug/ADC.o
LOAD build/Catalyst_revA_PIC32MX350f128L/debug/TIMERS.o
LOAD build/Catalyst_revA_PIC32MX350f128L/debug/PWM.o
LOAD build/Catalyst_revA_PIC32MX350f128L/debug/FLASH.o
LOAD build/Catalyst_revA_PIC32MX350f128L/debug/POWER.o
LOAD build/Catalyst_revA_PIC32MX350f128L/debug/SPI.o
LOAD build/Catalyst_revA_PIC32MX350f128L/debug/RTCC.o
LOAD build/Catalyst_revA_PIC32MX350f128L/debug/I2C.o
LOAD build/Catalyst_revA_PIC32MX350f128L/debug/EXPAND_RF.o
LOAD build/Catalyst_revA_PIC32MX350f128L/debug/EXPAND_IR.o
LOAD build/Catalyst_revA_PIC32MX350f128L/debug/CMD.o
                0x00000001                __MPLAB_BUILD = 0x1
                0x00000001                __MPLAB_DEBUG = 0x1
                0x00000001                __DEBUG = 0x1
                0x00000001                __MPLAB_DEBUGGER_PK3 = 0x1
LOAD c:/program files (x86)/microchip/xc32/v1.40/bin/bin/../../lib/gcc/pic32mx/4.8.3/../../../../pic32mx/lib/./proc/32MX350F128L\default_isr_vectors.o
LOAD c:/program files (x86)/microchip/xc32/v1.40/bin/bin/../../lib/gcc/pic32mx/4.8.3/../../../../pic32mx/lib\pic32_software_reset.o
                0x00000400                PROVIDE (_min_stack_size, 0x400)
LOAD c:/program files (x86)/microchip/xc32/v1.40/bin/bin/../../lib/gcc/pic32mx/4.8.3/../../../../pic32mx/lib/./proc/32MX350F128L\processor.o
START GROUP
LOAD libmchp_peripheral.a
END GROUP
START GROUP
LOAD libmchp_peripheral_32MX350F128L.a
END GROUP
                0x00000001                PROVIDE (_vector_spacing, 0x1)
                0x9fc01000                _ebase_address = 0x9fc01000
                0xbfc00000                _RESET_ADDR = 0xbfc00000
                0xbfc00380                _BEV_EXCPT_ADDR = 0xbfc00380
                0xbfc00480                _DBG_EXCPT_ADDR = 0xbfc00480
                0xbfc02000                _DBG_CODE_ADDR = 0xbfc02000
                0x00000ff0                _DBG_CODE_SIZE = 0xff0
                0x9fc01180                _GEN_EXCPT_ADDR = (_ebase_address + 0x180)

.config_BFC02FF0
                0xbfc02ff0        0x4
 *(.config_BFC02FF0)
 .config_BFC02FF0
                0xbfc02ff0        0x4 build/Catalyst_revA_PIC32MX350f128L/debug/CONFIGURATION.o

.config_BFC02FF4
                0xbfc02ff4        0x4
 *(.config_BFC02FF4)
 .config_BFC02FF4
                0xbfc02ff4        0x4 build/Catalyst_revA_PIC32MX350f128L/debug/CONFIGURATION.o

.config_BFC02FF8
                0xbfc02ff8        0x4
 *(.config_BFC02FF8)
 .config_BFC02FF8
                0xbfc02ff8        0x4 build/Catalyst_revA_PIC32MX350f128L/debug/CONFIGURATION.o

.config_BFC02FFC
                0xbfc02ffc        0x4
 *(.config_BFC02FFC)
 .config_BFC02FFC
                0xbfc02ffc        0x4 build/Catalyst_revA_PIC32MX350f128L/debug/CONFIGURATION.o
                0xbfc02000                PROVIDE (_DBG_CODE_ADDR, 0xbfc02000)
                0x00000ff0                PROVIDE (_DBG_CODE_SIZE, 0xff0)

.reset          0xbfc00000      0x1f4
 *(.reset)
 .reset         0xbfc00000        0x8 c:/program files (x86)/microchip/xc32/v1.40/bin/bin/../../lib/gcc/pic32mx/4.8.3/../../../../pic32mx/lib/./proc/32MX350F128L/crt0_mips32r2.o
                0xbfc00000                _reset
 *(.reset.startup)
 .reset.startup
                0xbfc00008      0x1ec c:/program files (x86)/microchip/xc32/v1.40/bin/bin/../../lib/gcc/pic32mx/4.8.3/../../../../pic32mx/lib/./proc/32MX350F128L/crt0_mips32r2.o

.bev_excpt      0xbfc00380       0x10
 *(.bev_handler)
 .bev_handler   0xbfc00380       0x10 c:/program files (x86)/microchip/xc32/v1.40/bin/bin/../../lib/gcc/pic32mx/4.8.3/../../../../pic32mx/lib/./proc/32MX350F128L/crt0_mips32r2.o

.dbg_excpt      0xbfc00480        0x8
                0xbfc00480                . = (. + DEFINED (_DEBUGGER)?0x8:0x0)
 *fill*         0xbfc00480        0x8 

.dbg_code       0xbfc02000      0xff0
                0xbfc02000                . = (. + DEFINED (_DEBUGGER)?_DBG_CODE_SIZE:0x0)
 *fill*         0xbfc02000      0xff0 

.app_excpt      0x9fc01180       0x10
 *(.gen_handler)
 .gen_handler   0x9fc01180       0x10 c:/program files (x86)/microchip/xc32/v1.40/bin/bin/../../lib/gcc/pic32mx/4.8.3/../../../../pic32mx/lib/./proc/32MX350F128L/crt0_mips32r2.o

.vector_0       0x9fc01200        0x8
 *(.vector_0)
 .vector_0      0x9fc01200        0x8 c:/program files (x86)/microchip/xc32/v1.40/bin/bin/../../lib/gcc/pic32mx/4.8.3/../../../../pic32mx/lib\libpic32.a(vector0.o)
                0x9fc01200                __vector_dispatch_0
                0x00000001                ASSERT (((_vector_spacing == 0x0) || (SIZEOF (.vector_0) <= (_vector_spacing << 0x5))), function at exception vector 0 too large)

.vector_1       0x9fc01220        0x8
 *(.vector_1)
 .vector_1      0x9fc01220        0x8 c:/program files (x86)/microchip/xc32/v1.40/bin/bin/../../lib/gcc/pic32mx/4.8.3/../../../../pic32mx/lib\libpic32.a(vector1.o)
                0x9fc01220                __vector_dispatch_1
                0x00000001                ASSERT (((_vector_spacing == 0x0) || (SIZEOF (.vector_1) <= (_vector_spacing << 0x5))), function at exception vector 1 too large)

.vector_2       0x9fc01240        0x8
 *(.vector_2)
 .vector_2      0x9fc01240        0x8 c:/program files (x86)/microchip/xc32/v1.40/bin/bin/../../lib/gcc/pic32mx/4.8.3/../../../../pic32mx/lib\libpic32.a(vector2.o)
                0x9fc01240                __vector_dispatch_2
                0x00000001                ASSERT (((_vector_spacing == 0x0) || (SIZEOF (.vector_2) <= (_vector_spacing << 0x5))), function at exception vector 2 too large)

.vector_3       0x9fc01260        0x8
 *(.vector_3)
 .vector_3      0x9fc01260        0x8 build/Catalyst_revA_PIC32MX350f128L/debug/INTERRUPTS.o
                0x9fc01260                __vector_dispatch_3
                0x00000001                ASSERT (((_vector_spacing == 0x0) || (SIZEOF (.vector_3) <= (_vector_spacing << 0x5))), function at exception vector 3 too large)

.vector_4       0x9fc01280        0x8
 *(.vector_4)
 .vector_4      0x9fc01280        0x8 build/Catalyst_revA_PIC32MX350f128L/debug/INTERRUPTS.o
                0x9fc01280                __vector_dispatch_4
                0x00000001                ASSERT (((_vector_spacing == 0x0) || (SIZEOF (.vector_4) <= (_vector_spacing << 0x5))), function at exception vector 4 too large)

.vector_5       0x9fc012a0        0x8
 *(.vector_5)
 .vector_5      0x9fc012a0        0x8 c:/program files (x86)/microchip/xc32/v1.40/bin/bin/../../lib/gcc/pic32mx/4.8.3/../../../../pic32mx/lib\libpic32.a(vector5.o)
                0x9fc012a0                __vector_dispatch_5
                0x00000001                ASSERT (((_vector_spacing == 0x0) || (SIZEOF (.vector_5) <= (_vector_spacing << 0x5))), function at exception vector 5 too large)

.vector_6       0x9fc012c0        0x8
 *(.vector_6)
 .vector_6      0x9fc012c0        0x8 c:/program files (x86)/microchip/xc32/v1.40/bin/bin/../../lib/gcc/pic32mx/4.8.3/../../../../pic32mx/lib\libpic32.a(vector6.o)
                0x9fc012c0                __vector_dispatch_6
                0x00000001                ASSERT (((_vector_spacing == 0x0) || (SIZEOF (.vector_6) <= (_vector_spacing << 0x5))), function at exception vector 6 too large)

.vector_7       0x9fc012e0        0x8
 *(.vector_7)
 .vector_7      0x9fc012e0        0x8 build/Catalyst_revA_PIC32MX350f128L/debug/INTERRUPTS.o
                0x9fc012e0                __vector_dispatch_7
                0x00000001                ASSERT (((_vector_spacing == 0x0) || (SIZEOF (.vector_7) <= (_vector_spacing << 0x5))), function at exception vector 7 too large)

.vector_8       0x9fc01300        0x8
 *(.vector_8)
 .vector_8      0x9fc01300        0x8 build/Catalyst_revA_PIC32MX350f128L/debug/INTERRUPTS.o
                0x9fc01300                __vector_dispatch_8
                0x00000001                ASSERT (((_vector_spacing == 0x0) || (SIZEOF (.vector_8) <= (_vector_spacing << 0x5))), function at exception vector 8 too large)

.vector_9       0x9fc01320        0x8
 *(.vector_9)
 .vector_9      0x9fc01320        0x8 c:/program files (x86)/microchip/xc32/v1.40/bin/bin/../../lib/gcc/pic32mx/4.8.3/../../../../pic32mx/lib\libpic32.a(vector9.o)
                0x9fc01320                __vector_dispatch_9
                0x00000001                ASSERT (((_vector_spacing == 0x0) || (SIZEOF (.vector_9) <= (_vector_spacing << 0x5))), function at exception vector 9 too large)

.vector_10      0x9fc01340        0x8
 *(.vector_10)
 .vector_10     0x9fc01340        0x8 c:/program files (x86)/microchip/xc32/v1.40/bin/bin/../../lib/gcc/pic32mx/4.8.3/../../../../pic32mx/lib\libpic32.a(vector10.o)
                0x9fc01340                __vector_dispatch_10
                0x00000001                ASSERT (((_vector_spacing == 0x0) || (SIZEOF (.vector_10) <= (_vector_spacing << 0x5))), function at exception vector 10 too large)

.vector_11      0x9fc01360        0x8
 *(.vector_11)
 .vector_11     0x9fc01360        0x8 build/Catalyst_revA_PIC32MX350f128L/debug/INTERRUPTS.o
                0x9fc01360                __vector_dispatch_11
                0x00000001                ASSERT (((_vector_spacing == 0x0) || (SIZEOF (.vector_11) <= (_vector_spacing << 0x5))), function at exception vector 11 too large)

.vector_12      0x9fc01380        0x8
 *(.vector_12)
 .vector_12     0x9fc01380        0x8 build/Catalyst_revA_PIC32MX350f128L/debug/INTERRUPTS.o
                0x9fc01380                __vector_dispatch_12
                0x00000001                ASSERT (((_vector_spacing == 0x0) || (SIZEOF (.vector_12) <= (_vector_spacing << 0x5))), function at exception vector 12 too large)

.vector_13      0x9fc013a0        0x8
 *(.vector_13)
 .vector_13     0x9fc013a0        0x8 c:/program files (x86)/microchip/xc32/v1.40/bin/bin/../../lib/gcc/pic32mx/4.8.3/../../../../pic32mx/lib\libpic32.a(vector13.o)
                0x9fc013a0                __vector_dispatch_13
                0x00000001                ASSERT (((_vector_spacing == 0x0) || (SIZEOF (.vector_13) <= (_vector_spacing << 0x5))), function at exception vector 13 too large)

.vector_14      0x9fc013c0        0x8
 *(.vector_14)
 .vector_14     0x9fc013c0        0x8 c:/program files (x86)/microchip/xc32/v1.40/bin/bin/../../lib/gcc/pic32mx/4.8.3/../../../../pic32mx/lib\libpic32.a(vector14.o)
                0x9fc013c0                __vector_dispatch_14
                0x00000001                ASSERT (((_vector_spacing == 0x0) || (SIZEOF (.vector_14) <= (_vector_spacing << 0x5))), function at exception vector 14 too large)

.vector_15      0x9fc013e0        0x8
 *(.vector_15)
 .vector_15     0x9fc013e0        0x8 build/Catalyst_revA_PIC32MX350f128L/debug/INTERRUPTS.o
                0x9fc013e0                __vector_dispatch_15
                0x00000001                ASSERT (((_vector_spacing == 0x0) || (SIZEOF (.vector_15) <= (_vector_spacing << 0x5))), function at exception vector 15 too large)

.vector_16      0x9fc01400        0x8
 *(.vector_16)
 .vector_16     0x9fc01400        0x8 build/Catalyst_revA_PIC32MX350f128L/debug/INTERRUPTS.o
                0x9fc01400                __vector_dispatch_16
                0x00000001                ASSERT (((_vector_spacing == 0x0) || (SIZEOF (.vector_16) <= (_vector_spacing << 0x5))), function at exception vector 16 too large)

.vector_17      0x9fc01420        0x8
 *(.vector_17)
 .vector_17     0x9fc01420        0x8 c:/program files (x86)/microchip/xc32/v1.40/bin/bin/../../lib/gcc/pic32mx/4.8.3/../../../../pic32mx/lib\libpic32.a(vector17.o)
                0x9fc01420                __vector_dispatch_17
                0x00000001                ASSERT (((_vector_spacing == 0x0) || (SIZEOF (.vector_17) <= (_vector_spacing << 0x5))), function at exception vector 17 too large)

.vector_18      0x9fc01440        0x8
 *(.vector_18)
 .vector_18     0x9fc01440        0x8 c:/program files (x86)/microchip/xc32/v1.40/bin/bin/../../lib/gcc/pic32mx/4.8.3/../../../../pic32mx/lib\libpic32.a(vector18.o)
                0x9fc01440                __vector_dispatch_18
                0x00000001                ASSERT (((_vector_spacing == 0x0) || (SIZEOF (.vector_18) <= (_vector_spacing << 0x5))), function at exception vector 18 too large)

.vector_19      0x9fc01460        0x8
 *(.vector_19)
 .vector_19     0x9fc01460        0x8 c:/program files (x86)/microchip/xc32/v1.40/bin/bin/../../lib/gcc/pic32mx/4.8.3/../../../../pic32mx/lib\libpic32.a(vector19.o)
                0x9fc01460                __vector_dispatch_19
                0x00000001                ASSERT (((_vector_spacing == 0x0) || (SIZEOF (.vector_19) <= (_vector_spacing << 0x5))), function at exception vector 19 too large)

.vector_20      0x9fc01480        0x8
 *(.vector_20)
 .vector_20     0x9fc01480        0x8 build/Catalyst_revA_PIC32MX350f128L/debug/INTERRUPTS.o
                0x9fc01480                __vector_dispatch_20
                0x00000001                ASSERT (((_vector_spacing == 0x0) || (SIZEOF (.vector_20) <= (_vector_spacing << 0x5))), function at exception vector 20 too large)

.vector_21      0x9fc014a0        0x8
 *(.vector_21)
 .vector_21     0x9fc014a0        0x8 c:/program files (x86)/microchip/xc32/v1.40/bin/bin/../../lib/gcc/pic32mx/4.8.3/../../../../pic32mx/lib\libpic32.a(vector21.o)
                0x9fc014a0                __vector_dispatch_21
                0x00000001                ASSERT (((_vector_spacing == 0x0) || (SIZEOF (.vector_21) <= (_vector_spacing << 0x5))), function at exception vector 21 too large)

.vector_22      0x9fc014c0        0x8
 *(.vector_22)
 .vector_22     0x9fc014c0        0x8 c:/program files (x86)/microchip/xc32/v1.40/bin/bin/../../lib/gcc/pic32mx/4.8.3/../../../../pic32mx/lib\libpic32.a(vector22.o)
                0x9fc014c0                __vector_dispatch_22
                0x00000001                ASSERT (((_vector_spacing == 0x0) || (SIZEOF (.vector_22) <= (_vector_spacing << 0x5))), function at exception vector 22 too large)

.vector_23      0x9fc014e0        0x8
 *(.vector_23)
 .vector_23     0x9fc014e0        0x8 build/Catalyst_revA_PIC32MX350f128L/debug/INTERRUPTS.o
                0x9fc014e0                __vector_dispatch_23
                0x00000001                ASSERT (((_vector_spacing == 0x0) || (SIZEOF (.vector_23) <= (_vector_spacing << 0x5))), function at exception vector 23 too large)

.vector_24      0x9fc01500        0x8
 *(.vector_24)
 .vector_24     0x9fc01500        0x8 c:/program files (x86)/microchip/xc32/v1.40/bin/bin/../../lib/gcc/pic32mx/4.8.3/../../../../pic32mx/lib\libpic32.a(vector24.o)
                0x9fc01500                __vector_dispatch_24
                0x00000001                ASSERT (((_vector_spacing == 0x0) || (SIZEOF (.vector_24) <= (_vector_spacing << 0x5))), function at exception vector 24 too large)

.vector_25      0x9fc01520        0x8
 *(.vector_25)
 .vector_25     0x9fc01520        0x8 build/Catalyst_revA_PIC32MX350f128L/debug/INTERRUPTS.o
                0x9fc01520                __vector_dispatch_25
                0x00000001                ASSERT (((_vector_spacing == 0x0) || (SIZEOF (.vector_25) <= (_vector_spacing << 0x5))), function at exception vector 25 too large)

.vector_26      0x9fc01540        0x8
 *(.vector_26)
 .vector_26     0x9fc01540        0x8 c:/program files (x86)/microchip/xc32/v1.40/bin/bin/../../lib/gcc/pic32mx/4.8.3/../../../../pic32mx/lib\libpic32.a(vector26.o)
                0x9fc01540                __vector_dispatch_26
                0x00000001                ASSERT (((_vector_spacing == 0x0) || (SIZEOF (.vector_26) <= (_vector_spacing << 0x5))), function at exception vector 26 too large)

.vector_27      0x9fc01560        0x8
 *(.vector_27)
 .vector_27     0x9fc01560        0x8 c:/program files (x86)/microchip/xc32/v1.40/bin/bin/../../lib/gcc/pic32mx/4.8.3/../../../../pic32mx/lib\libpic32.a(vector27.o)
                0x9fc01560                __vector_dispatch_27
                0x00000001                ASSERT (((_vector_spacing == 0x0) || (SIZEOF (.vector_27) <= (_vector_spacing << 0x5))), function at exception vector 27 too large)

.vector_28      0x9fc01580        0x8
 *(.vector_28)
 .vector_28     0x9fc01580        0x8 c:/program files (x86)/microchip/xc32/v1.40/bin/bin/../../lib/gcc/pic32mx/4.8.3/../../../../pic32mx/lib\libpic32.a(vector28.o)
                0x9fc01580                __vector_dispatch_28
                0x00000001                ASSERT (((_vector_spacing == 0x0) || (SIZEOF (.vector_28) <= (_vector_spacing << 0x5))), function at exception vector 28 too large)

.vector_29      0x9fc015a0        0x8
 *(.vector_29)
 .vector_29     0x9fc015a0        0x8 c:/program files (x86)/microchip/xc32/v1.40/bin/bin/../../lib/gcc/pic32mx/4.8.3/../../../../pic32mx/lib\libpic32.a(vector29.o)
                0x9fc015a0                __vector_dispatch_29
                0x00000001                ASSERT (((_vector_spacing == 0x0) || (SIZEOF (.vector_29) <= (_vector_spacing << 0x5))), function at exception vector 29 too large)

.vector_30      0x9fc015c0        0x8
 *(.vector_30)
 .vector_30     0x9fc015c0        0x8 c:/program files (x86)/microchip/xc32/v1.40/bin/bin/../../lib/gcc/pic32mx/4.8.3/../../../../pic32mx/lib\libpic32.a(vector30.o)
                0x9fc015c0                __vector_dispatch_30
                0x00000001                ASSERT (((_vector_spacing == 0x0) || (SIZEOF (.vector_30) <= (_vector_spacing << 0x5))), function at exception vector 30 too large)

.vector_31      0x9fc015e0        0x8
 *(.vector_31)
 .vector_31     0x9fc015e0        0x8 build/Catalyst_revA_PIC32MX350f128L/debug/INTERRUPTS.o
                0x9fc015e0                __vector_dispatch_31
                0x00000001                ASSERT (((_vector_spacing == 0x0) || (SIZEOF (.vector_31) <= (_vector_spacing << 0x5))), function at exception vector 31 too large)

.vector_32      0x9fc01600        0x8
 *(.vector_32)
 .vector_32     0x9fc01600        0x8 build/Catalyst_revA_PIC32MX350f128L/debug/INTERRUPTS.o
                0x9fc01600                __vector_dispatch_32
                0x00000001                ASSERT (((_vector_spacing == 0x0) || (SIZEOF (.vector_32) <= (_vector_spacing << 0x5))), function at exception vector 32 too large)

.vector_33      0x9fc01620        0x8
 *(.vector_33)
 .vector_33     0x9fc01620        0x8 c:/program files (x86)/microchip/xc32/v1.40/bin/bin/../../lib/gcc/pic32mx/4.8.3/../../../../pic32mx/lib\libpic32.a(vector33.o)
                0x9fc01620                __vector_dispatch_33
                0x00000001                ASSERT (((_vector_spacing == 0x0) || (SIZEOF (.vector_33) <= (_vector_spacing << 0x5))), function at exception vector 33 too large)

.vector_34      0x9fc01640        0x8
 *(.vector_34)
 .vector_34     0x9fc01640        0x8 c:/program files (x86)/microchip/xc32/v1.40/bin/bin/../../lib/gcc/pic32mx/4.8.3/../../../../pic32mx/lib\libpic32.a(vector34.o)
                0x9fc01640                __vector_dispatch_34
                0x00000001                ASSERT (((_vector_spacing == 0x0) || (SIZEOF (.vector_34) <= (_vector_spacing << 0x5))), function at exception vector 34 too large)

.vector_35      0x9fc01660        0x8
 *(.vector_35)
 .vector_35     0x9fc01660        0x8 build/Catalyst_revA_PIC32MX350f128L/debug/INTERRUPTS.o
                0x9fc01660                __vector_dispatch_35
                0x00000001                ASSERT (((_vector_spacing == 0x0) || (SIZEOF (.vector_35) <= (_vector_spacing << 0x5))), function at exception vector 35 too large)

.vector_36      0x9fc01680        0x8
 *(.vector_36)
 .vector_36     0x9fc01680        0x8 build/Catalyst_revA_PIC32MX350f128L/debug/INTERRUPTS.o
                0x9fc01680                __vector_dispatch_36
                0x00000001                ASSERT (((_vector_spacing == 0x0) || (SIZEOF (.vector_36) <= (_vector_spacing << 0x5))), function at exception vector 36 too large)

.vector_37      0x9fc016a0        0x8
 *(.vector_37)
 .vector_37     0x9fc016a0        0x8 build/Catalyst_revA_PIC32MX350f128L/debug/INTERRUPTS.o
                0x9fc016a0                __vector_dispatch_37
                0x00000001                ASSERT (((_vector_spacing == 0x0) || (SIZEOF (.vector_37) <= (_vector_spacing << 0x5))), function at exception vector 37 too large)

.vector_38      0x9fc016c0        0x8
 *(.vector_38)
 .vector_38     0x9fc016c0        0x8 build/Catalyst_revA_PIC32MX350f128L/debug/INTERRUPTS.o
                0x9fc016c0                __vector_dispatch_38
                0x00000001                ASSERT (((_vector_spacing == 0x0) || (SIZEOF (.vector_38) <= (_vector_spacing << 0x5))), function at exception vector 38 too large)

.vector_39      0x9fc016e0        0x8
 *(.vector_39)
 .vector_39     0x9fc016e0        0x8 build/Catalyst_revA_PIC32MX350f128L/debug/INTERRUPTS.o
                0x9fc016e0                __vector_dispatch_39
                0x00000001                ASSERT (((_vector_spacing == 0x0) || (SIZEOF (.vector_39) <= (_vector_spacing << 0x5))), function at exception vector 39 too large)

.vector_40      0x9fc01700        0x8
 *(.vector_40)
 .vector_40     0x9fc01700        0x8 c:/program files (x86)/microchip/xc32/v1.40/bin/bin/../../lib/gcc/pic32mx/4.8.3/../../../../pic32mx/lib\libpic32.a(vector40.o)
                0x9fc01700                __vector_dispatch_40
                0x00000001                ASSERT (((_vector_spacing == 0x0) || (SIZEOF (.vector_40) <= (_vector_spacing << 0x5))), function at exception vector 40 too large)

.vector_41      0x9fc01720        0x8
 *(.vector_41)
 .vector_41     0x9fc01720        0x8 c:/program files (x86)/microchip/xc32/v1.40/bin/bin/../../lib/gcc/pic32mx/4.8.3/../../../../pic32mx/lib\libpic32.a(vector41.o)
                0x9fc01720                __vector_dispatch_41
                0x00000001                ASSERT (((_vector_spacing == 0x0) || (SIZEOF (.vector_41) <= (_vector_spacing << 0x5))), function at exception vector 41 too large)

.vector_42      0x9fc01740        0x8
 *(.vector_42)
 .vector_42     0x9fc01740        0x8 build/Catalyst_revA_PIC32MX350f128L/debug/INTERRUPTS.o
                0x9fc01740                __vector_dispatch_42
                0x00000001                ASSERT (((_vector_spacing == 0x0) || (SIZEOF (.vector_42) <= (_vector_spacing << 0x5))), function at exception vector 42 too large)

.vector_43      0x9fc01760        0x8
 *(.vector_43)
 .vector_43     0x9fc01760        0x8 build/Catalyst_revA_PIC32MX350f128L/debug/INTERRUPTS.o
                0x9fc01760                __vector_dispatch_43
                0x00000001                ASSERT (((_vector_spacing == 0x0) || (SIZEOF (.vector_43) <= (_vector_spacing << 0x5))), function at exception vector 43 too large)

.vector_44      0x9fc01780        0x8
 *(.vector_44)
 .vector_44     0x9fc01780        0x8 build/Catalyst_revA_PIC32MX350f128L/debug/INTERRUPTS.o
                0x9fc01780                __vector_dispatch_44
                0x00000001                ASSERT (((_vector_spacing == 0x0) || (SIZEOF (.vector_44) <= (_vector_spacing << 0x5))), function at exception vector 44 too large)

.vector_45      0x9fc017a0        0x8
 *(.vector_45)
 .vector_45     0x9fc017a0        0x8 build/Catalyst_revA_PIC32MX350f128L/debug/INTERRUPTS.o
                0x9fc017a0                __vector_dispatch_45
                0x00000001                ASSERT (((_vector_spacing == 0x0) || (SIZEOF (.vector_45) <= (_vector_spacing << 0x5))), function at exception vector 45 too large)

.vector_46      0x9fc017c0        0x0
 *(.vector_46)
                0x00000001                ASSERT (((_vector_spacing == 0x0) || (SIZEOF (.vector_46) <= (_vector_spacing << 0x5))), function at exception vector 46 too large)

.vector_47      0x9fc017e0        0x0
 *(.vector_47)
                0x00000001                ASSERT (((_vector_spacing == 0x0) || (SIZEOF (.vector_47) <= (_vector_spacing << 0x5))), function at exception vector 47 too large)

.vector_48      0x9fc01800        0x0
 *(.vector_48)
                0x00000001                ASSERT (((_vector_spacing == 0x0) || (SIZEOF (.vector_48) <= (_vector_spacing << 0x5))), function at exception vector 48 too large)

.vector_49      0x9fc01820        0x0
 *(.vector_49)
                0x00000001                ASSERT (((_vector_spacing == 0x0) || (SIZEOF (.vector_49) <= (_vector_spacing << 0x5))), function at exception vector 49 too large)

.vector_50      0x9fc01840        0x0
 *(.vector_50)
                0x00000001                ASSERT (((_vector_spacing == 0x0) || (SIZEOF (.vector_50) <= (_vector_spacing << 0x5))), function at exception vector 50 too large)

.vector_51      0x9fc01860        0x0
 *(.vector_51)
                0x00000001                ASSERT (((_vector_spacing == 0x0) || (SIZEOF (.vector_51) <= (_vector_spacing << 0x5))), function at exception vector 51 too large)

.vector_52      0x9fc01880        0x0
 *(.vector_52)
                0x00000001                ASSERT (((_vector_spacing == 0x0) || (SIZEOF (.vector_52) <= (_vector_spacing << 0x5))), function at exception vector 52 too large)

.vector_53      0x9fc018a0        0x0
 *(.vector_53)
                0x00000001                ASSERT (((_vector_spacing == 0x0) || (SIZEOF (.vector_53) <= (_vector_spacing << 0x5))), function at exception vector 53 too large)

.vector_54      0x9fc018c0        0x0
 *(.vector_54)
                0x00000001                ASSERT (((_vector_spacing == 0x0) || (SIZEOF (.vector_54) <= (_vector_spacing << 0x5))), function at exception vector 54 too large)

.vector_55      0x9fc018e0        0x0
 *(.vector_55)
                0x00000001                ASSERT (((_vector_spacing == 0x0) || (SIZEOF (.vector_55) <= (_vector_spacing << 0x5))), function at exception vector 55 too large)

.vector_56      0x9fc01900        0x0
 *(.vector_56)
                0x00000001                ASSERT (((_vector_spacing == 0x0) || (SIZEOF (.vector_56) <= (_vector_spacing << 0x5))), function at exception vector 56 too large)

.vector_57      0x9fc01920        0x0
 *(.vector_57)
                0x00000001                ASSERT (((_vector_spacing == 0x0) || (SIZEOF (.vector_57) <= (_vector_spacing << 0x5))), function at exception vector 57 too large)

.vector_58      0x9fc01940        0x0
 *(.vector_58)
                0x00000001                ASSERT (((_vector_spacing == 0x0) || (SIZEOF (.vector_58) <= (_vector_spacing << 0x5))), function at exception vector 58 too large)

.vector_59      0x9fc01960        0x0
 *(.vector_59)
                0x00000001                ASSERT (((_vector_spacing == 0x0) || (SIZEOF (.vector_59) <= (_vector_spacing << 0x5))), function at exception vector 59 too large)

.vector_60      0x9fc01980        0x0
 *(.vector_60)
                0x00000001                ASSERT (((_vector_spacing == 0x0) || (SIZEOF (.vector_60) <= (_vector_spacing << 0x5))), function at exception vector 60 too large)

.vector_61      0x9fc019a0        0x0
 *(.vector_61)
                0x00000001                ASSERT (((_vector_spacing == 0x0) || (SIZEOF (.vector_61) <= (_vector_spacing << 0x5))), function at exception vector 61 too large)

.vector_62      0x9fc019c0        0x0
 *(.vector_62)
                0x00000001                ASSERT (((_vector_spacing == 0x0) || (SIZEOF (.vector_62) <= (_vector_spacing << 0x5))), function at exception vector 62 too large)

.vector_63      0x9fc019e0        0x0
 *(.vector_63)
                0x00000001                ASSERT (((_vector_spacing == 0x0) || (SIZEOF (.vector_63) <= (_vector_spacing << 0x5))), function at exception vector 63 too large)

.startup
 *(.startup)

.text           0x9d000000        0x0
 *(.stub .gnu.linkonce.t.*)
 *(.text.*personality*)
 *(.mips16.fn.*)
 *(.mips16.call.*)
 *(.gnu.warning)
                0x9d000000                . = ALIGN (0x4)

.init           0x9d000000        0x0
 *crti.o(.init)
 *crtbegin.o(.init)
 *(EXCLUDE_FILE(*crtn.o *crtend?.o *crtend.o) .init)
 *crtend.o(.init)
 *crtn.o(.init)
                0x9d000000                . = ALIGN (0x4)

.fini           0x9d000000        0x0
 *(.fini)
                0x9d000000                . = ALIGN (0x4)

.preinit_array  0x9d000000        0x0
                0x9d000000                PROVIDE (__preinit_array_start, .)
 *(.preinit_array)
                0x9d000000                PROVIDE (__preinit_array_end, .)
                0x9d000000                . = ALIGN (0x4)

.init_array     0x9d000000        0x0
                0x9d000000                PROVIDE (__init_array_start, .)
 *(SORT(.init_array.*))
 *(.init_array)
                0x9d000000                PROVIDE (__init_array_end, .)
                0x9d000000                . = ALIGN (0x4)

.fini_array     0x9d000000        0x0
                0x9d000000                PROVIDE (__fini_array_start, .)
 *(SORT(.fini_array.*))
 *(.fini_array)
                0x9d000000                PROVIDE (__fini_array_end, .)
                0x9d000000                . = ALIGN (0x4)

.ctors          0x9d000000        0x0
 *crtbegin.o(.ctors)
 *crtbegin?.o(.ctors)
 *(EXCLUDE_FILE(*crtend?.o *crtend.o) .ctors)
 *(SORT(.ctors.*))
 *(.ctors)
                0x9d000000                . = ALIGN (0x4)

.dtors          0x9d000000        0x0
 *crtbegin.o(.dtors)
 *crtbegin?.o(.dtors)
 *(EXCLUDE_FILE(*crtend?.o *crtend.o) .dtors)
 *(SORT(.dtors.*))
 *(.dtors)
                0x9d000000                . = ALIGN (0x4)

.rodata         0x9d000000        0x0
 *(.gnu.linkonce.r.*)
 *(.rodata1)
                0x9d000000                . = ALIGN (0x4)

.sdata2         0x9fc00490        0x0
 *(.sdata2 .sdata2.* .gnu.linkonce.s2.*)
                0x9fc00490                . = ALIGN (0x4)

.sbss2          0x9fc00490        0x0
 *(.sbss2 .sbss2.* .gnu.linkonce.sb2.*)
                0x9fc00490                . = ALIGN (0x4)

.eh_frame_hdr
 *(.eh_frame_hdr)
                0x9fc00490                . = ALIGN (0x4)

.eh_frame
 *(.eh_frame)
                0x9fc00490                . = ALIGN (0x4)

.gcc_except_table
 *(.gcc_except_table .gcc_except_table.*)
                0x9fc00490                . = ALIGN (0x4)

.dbg_data       0xa0000000      0x200
                0xa0000000                . = (. + DEFINED (_DEBUGGER)?0x200:0x0)
 *fill*         0xa0000000      0x200 

.jcr            0xa0000200        0x0
 *(.jcr)
                0xa0000200                . = ALIGN (0x4)

.eh_frame
 *(.eh_frame)
                0xa0000200                . = ALIGN (0x4)

.gcc_except_table
 *(.gcc_except_table .gcc_except_table.*)
                0xa0000200                . = ALIGN (0x4)

.persist        0xa0000200        0x0
                0xa0000200                _persist_begin = .
 *(.persist .persist.*)
 *(.pbss .pbss.*)
                0xa0000200                . = ALIGN (0x4)
                0xa0000200                _persist_end = .

.data           0xa0000200        0x0
 *(.gnu.linkonce.d.*)
 *(.data1)
                0xa0000200                . = ALIGN (0x4)
                0xa0000200                . = .
                0xa00081f0                _gp = (ALIGN (0x10) + 0x7ff0)

.got            0xa0000200        0x0
 *(.got.plt)
 *(.got)
                0xa0000200                . = ALIGN (0x4)

.sdata          0xa0000200       0xa4
                0xa0000200                _sdata_begin = .
 *(.sdata .sdata.* .gnu.linkonce.s.*)
 .sdata         0xa0000200        0x1 build/Catalyst_revA_PIC32MX350f128L/debug/DMA.o
                0xa0000200                DMA_BufferCopierComplete
 .sdata         0xa0000201        0x1 build/Catalyst_revA_PIC32MX350f128L/debug/ADC.o
                0xa0000201                CurrentChannel
 .sdata         0xa0000202        0x1 build/Catalyst_revA_PIC32MX350f128L/debug/TIMERS.o
                0xa0000202                Timer1_Timeout
 .sdata         0xa0000203        0x1 build/Catalyst_revA_PIC32MX350f128L/debug/PWM.o
                0xa0000203                PWM_Action
 .sdata         0xa0000204        0x5 build/Catalyst_revA_PIC32MX350f128L/debug/EXPAND_RF.o
                0xa0000204                LivingroomFanLast
                0xa0000205                ChristmasTreeWhiteLast
                0xa0000206                BedroomFanLast
                0xa0000207                BedroomBedLast
                0xa0000208                JoesroomLightLast
 *fill*         0xa0000209        0x3 
 .sdata         0xa000020c       0x98 build/Catalyst_revA_PIC32MX350f128L/debug/EXPAND_IR.o
                0xa000020c                Sanyo_Power
                0xa0000210                Sanyo_Sleep
                0xa0000214                Sanyo_Menu
                0xa0000218                Sanyo_Volume_Up
                0xa000021c                Sanyo_Volume_Down
                0xa0000220                Sanyo_Channel_Up
                0xa0000224                Sanyo_Channel_Down
                0xa0000228                Sanyo_Mute
                0xa000022c                Sanyo_Back
                0xa0000230                Sanyo_1
                0xa0000234                Sanyo_2
                0xa0000238                Sanyo_3
                0xa000023c                Sanyo_4
                0xa0000240                Sanyo_5
                0xa0000244                Sanyo_6
                0xa0000248                Sanyo_7
                0xa000024c                Sanyo_8
                0xa0000250                Sanyo_9
                0xa0000254                Sanyo_0
                0xa0000258                Sanyo_Enter
                0xa000025c                Sanyo_Source
                0xa0000260                Sanyo_Rewind
                0xa0000264                Sanyo_Play
                0xa0000268                Sanyo_Forward
                0xa000026c                Sanyo_Record
                0xa0000270                Sanyo_Pause
                0xa0000274                Sanyo_Stop
                0xa0000278                Vizio_Power
                0xa000027c                Vizio_Sleep
                0xa0000280                Vizio_Menu
                0xa0000284                Vizio_Volume_Up
                0xa0000288                Vizio_Volume_Down
                0xa000028c                Idylis_Power
                0xa0000290                Idylis_FanSpeed
                0xa0000294                Idylis_Mode
                0xa0000298                Idylis_Plus
                0xa000029c                Idylis_Minus
                0xa00002a0                Idylis_Timer
                0xa00002a4                . = ALIGN (0x4)
                0xa00002a4                _sdata_end = .

.lit8
 *(.lit8)

.lit4
 *(.lit4)
                0xa00002a4                . = ALIGN (0x4)
                0xa00002a4                _data_end = .
                0xa00002a4                _bss_begin = .

.sbss           0xa00002a4       0x78
                0xa00002a4                _sbss_begin = .
 *(.dynsbss)
 *(.sbss .sbss.* .gnu.linkonce.sb.*)
 .sbss          0xa00002a4        0x4 build/Catalyst_revA_PIC32MX350f128L/debug/SYSTEM.o
 .sbss          0xa00002a8        0x4 build/Catalyst_revA_PIC32MX350f128L/debug/EXCEPTIONS.o
 .sbss          0xa00002ac        0x1 build/Catalyst_revA_PIC32MX350f128L/debug/INTERRUPTS.o
 *fill*         0xa00002ad        0x3 
 .sbss          0xa00002b0        0x4 build/Catalyst_revA_PIC32MX350f128L/debug/USER.o
 .sbss          0xa00002b4        0x4 build/Catalyst_revA_PIC32MX350f128L/debug/DMA.o
                0xa00002b4                DMA_TransferType
                0xa00002b6                DMA_TransferAmount
 .sbss          0xa00002b8       0x1e build/Catalyst_revA_PIC32MX350f128L/debug/UART.o
                0xa00002b8                RX1_Buffer_Place
                0xa00002ba                RX2_Buffer_Place
                0xa00002bc                RX3_Buffer_Place
                0xa00002be                RX4_Buffer_Place
                0xa00002c0                RX5_Buffer_Place
                0xa00002c2                TX1_Buffer_ADD_Place
                0xa00002c4                TX2_Buffer_ADD_Place
                0xa00002c6                TX3_Buffer_ADD_Place
                0xa00002c8                TX4_Buffer_ADD_Place
                0xa00002ca                TX5_Buffer_ADD_Place
                0xa00002cc                TX1_Buffer_REMOVE_Place
                0xa00002ce                TX2_Buffer_REMOVE_Place
                0xa00002d0                TX3_Buffer_REMOVE_Place
                0xa00002d2                TX4_Buffer_REMOVE_Place
                0xa00002d4                TX5_Buffer_REMOVE_Place
 .sbss          0xa00002d6        0x1 build/Catalyst_revA_PIC32MX350f128L/debug/ADC.o
                0xa00002d6                ADC_ReadRailStatus
 *fill*         0xa00002d7        0x1 
 .sbss          0xa00002d8       0x10 build/Catalyst_revA_PIC32MX350f128L/debug/PWM.o
                0xa00002d8                Red_Duty
                0xa00002dc                Green_Duty
                0xa00002e0                Blue_Duty
                0xa00002e4                RedAction
                0xa00002e5                GreenAction
                0xa00002e6                BlueAction
                0xa00002e7                PWM_Place
 .sbss          0xa00002e8        0x4 build/Catalyst_revA_PIC32MX350f128L/debug/FLASH.o
 .sbss          0xa00002ec        0xa build/Catalyst_revA_PIC32MX350f128L/debug/SPI.o
                0xa00002ec                SPI_TransmitBufferAmount
                0xa00002ee                SPI_ReceiveFull
                0xa00002f0                SPI_TransmitPlace
                0xa00002f2                SPI_ReceivePlace
                0xa00002f4                SPI_Transfering
 *fill*         0xa00002f6        0x2 
 .sbss          0xa00002f8        0x4 build/Catalyst_revA_PIC32MX350f128L/debug/RTCC.o
 .sbss          0xa00002fc        0x4 build/Catalyst_revA_PIC32MX350f128L/debug/I2C.o
 .sbss          0xa0000300        0x1 build/Catalyst_revA_PIC32MX350f128L/debug/EXPAND_IR.o
                0xa0000300                IR_state
 .sbss          0xa0000301        0x1 build/Catalyst_revA_PIC32MX350f128L/debug/CMD.o
                0xa0000301                CheckPhrase
 *(.scommon)
 *fill*         0xa0000302        0x2 
 .scommon       0xa0000304        0xa build/Catalyst_revA_PIC32MX350f128L/debug/UART.o
                0xa0000304                UART_RS232_MaleNewlineMode
                0xa0000305                UART_Debug_NewlineMode
                0xa0000306                UART_Rasp_NewlineMode
                0xa0000307                UART_RS232_FemaleNewlineMode
                0xa0000308                RX5_Buffer
                0xa000030c                TX5_Buffer
 *fill*         0xa000030e        0x2 
 .scommon       0xa0000310        0x3 build/Catalyst_revA_PIC32MX350f128L/debug/FLASH.o
                0xa0000310                FlashBuffer
 *fill*         0xa0000313        0x1 
 .scommon       0xa0000314        0x2 build/Catalyst_revA_PIC32MX350f128L/debug/EXPAND_IR.o
                0xa0000314                IR_PWM50
 *fill*         0xa0000316        0x2 
 .scommon       0xa0000318        0x4 build/Catalyst_revA_PIC32MX350f128L/debug/CMD.o
                0xa0000318                CommandDataPointer
                0xa000031c                _sbss_end = .
                0xa000031c                . = ALIGN (0x4)

.bss            0xa000031c     0x4684
 *(.dynbss)
 *(COMMON)
 COMMON         0xa000031c       0x1d build/Catalyst_revA_PIC32MX350f128L/debug/EXCEPTIONS.o
                0xa000031c                Fault
 *fill*         0xa0000339        0x3 
 COMMON         0xa000033c     0x1cb8 build/Catalyst_revA_PIC32MX350f128L/debug/UART.o
                0xa000033c                RX1_Buffer
                0xa0001aac                RX3_Buffer
                0xa0001b10                RX4_Buffer
                0xa0001b24                TX4_Buffer
                0xa0001b38                RX2_Buffer
                0xa0001b44                TX3_Buffer
                0xa0001ba8                TX1_Buffer
                0xa0001f90                TX2_Buffer
 COMMON         0xa0001ff4      0x17c build/Catalyst_revA_PIC32MX350f128L/debug/FLASH.o
                0xa0001ff4                FlashONFI
                0xa00020f4                BadBlocks
                0xa0002158                FlashID
 COMMON         0xa0002170       0x20 build/Catalyst_revA_PIC32MX350f128L/debug/POWER.o
                0xa0002170                RailStatus
 COMMON         0xa0002190     0x1000 build/Catalyst_revA_PIC32MX350f128L/debug/SPI.o
                0xa0002190                SPI_ReceiveBuffer
                0xa0002990                SPI_TransmitBuffer
 COMMON         0xa0003190       0x6c build/Catalyst_revA_PIC32MX350f128L/debug/RTCC.o
                0xa0003190                StartTime
                0xa000319c                EndTime
                0xa00031a8                SetAlarm
                0xa00031b4                SetTime
                0xa00031c0                CurrentAlarm
                0xa00031cc                CurrentTime
                0xa00031d8                DiffTime
 COMMON         0xa00031fc     0x17a2 build/Catalyst_revA_PIC32MX350f128L/debug/CMD.o
                0xa00031fc                SearchPhrase
                0xa000496c                PhraseIndex
                0xa0004994                PhraseSearchFind
                0xa00049a0                . = ALIGN ((. != 0x0)?0x4:0x1)
 *fill*         0xa000499e        0x2 
                0xa00049a0                . = ALIGN (0x4)
                0xa00049a0                _end = .
                0xa00049a0                _bss_end = .
                0x00008000                _bmxdudba_address = 0x8000
                0x00008000                _bmxdupba_address = 0x8000

/DISCARD/
 *(.pdr)
 *(.rel.dyn)
 *(.note.GNU-stack)
 *(.note.GNU-stack)
 *(.gnu_debuglink)
 *(.gnu.lto_*)
 *(.discard)

.gptab.sdata
 *(.gptab.data)
 *(.gptab.sdata)

.gptab.sbss
 *(.gptab.bss)
 *(.gptab.sbss)

.mdebug.abi32   0xa00049a0        0x0
 *(.mdebug.abi32)
 .mdebug.abi32  0xa00049a0        0x0 c:/program files (x86)/microchip/xc32/v1.40/bin/bin/../../lib/gcc/pic32mx/4.8.3/../../../../pic32mx/lib\software-debug-break.o
 .mdebug.abi32  0xa00049a0        0x0 build/Catalyst_revA_PIC32MX350f128L/debug/CONFIGURATION.o
 .mdebug.abi32  0xa00049a0        0x0 build/Catalyst_revA_PIC32MX350f128L/debug/main.o
 .mdebug.abi32  0xa00049a0        0x0 build/Catalyst_revA_PIC32MX350f128L/debug/SYSTEM.o
 .mdebug.abi32  0xa00049a0        0x0 build/Catalyst_revA_PIC32MX350f128L/debug/EXCEPTIONS.o
 .mdebug.abi32  0xa00049a0        0x0 build/Catalyst_revA_PIC32MX350f128L/debug/INTERRUPTS.o
 .mdebug.abi32  0xa00049a0        0x0 build/Catalyst_revA_PIC32MX350f128L/debug/USER.o
 .mdebug.abi32  0xa00049a0        0x0 build/Catalyst_revA_PIC32MX350f128L/debug/MISC.o
 .mdebug.abi32  0xa00049a0        0x0 build/Catalyst_revA_PIC32MX350f128L/debug/DMA.o
 .mdebug.abi32  0xa00049a0        0x0 build/Catalyst_revA_PIC32MX350f128L/debug/UART.o
 .mdebug.abi32  0xa00049a0        0x0 build/Catalyst_revA_PIC32MX350f128L/debug/ADC.o
 .mdebug.abi32  0xa00049a0        0x0 build/Catalyst_revA_PIC32MX350f128L/debug/TIMERS.o
 .mdebug.abi32  0xa00049a0        0x0 build/Catalyst_revA_PIC32MX350f128L/debug/PWM.o
 .mdebug.abi32  0xa00049a0        0x0 build/Catalyst_revA_PIC32MX350f128L/debug/FLASH.o
 .mdebug.abi32  0xa00049a0        0x0 build/Catalyst_revA_PIC32MX350f128L/debug/POWER.o
 .mdebug.abi32  0xa00049a0        0x0 build/Catalyst_revA_PIC32MX350f128L/debug/SPI.o
 .mdebug.abi32  0xa00049a0        0x0 build/Catalyst_revA_PIC32MX350f128L/debug/RTCC.o
 .mdebug.abi32  0xa00049a0        0x0 build/Catalyst_revA_PIC32MX350f128L/debug/I2C.o
 .mdebug.abi32  0xa00049a0        0x0 build/Catalyst_revA_PIC32MX350f128L/debug/EXPAND_RF.o
 .mdebug.abi32  0xa00049a0        0x0 build/Catalyst_revA_PIC32MX350f128L/debug/EXPAND_IR.o
 .mdebug.abi32  0xa00049a0        0x0 build/Catalyst_revA_PIC32MX350f128L/debug/CMD.o
 .mdebug.abi32  0xa00049a0        0x0 c:/program files (x86)/microchip/xc32/v1.40/bin/bin/../../lib/gcc/pic32mx/4.8.3\libgcc.a(floatunsisf.o)
 .mdebug.abi32  0xa00049a0        0x0 c:/program files (x86)/microchip/xc32/v1.40/bin/bin/../../lib/gcc/pic32mx/4.8.3/../../../../pic32mx/lib\libpic32.a(default-bootstrap-exception-handler.o)
 .mdebug.abi32  0xa00049a0        0x0 c:/program files (x86)/microchip/xc32/v1.40/bin/bin/../../lib/gcc/pic32mx/4.8.3/../../../../pic32mx/lib\libpic32.a(default-on-reset.o)
 .mdebug.abi32  0xa00049a0        0x0 c:/program files (x86)/microchip/xc32/v1.40/bin/bin/../../lib/gcc/pic32mx/4.8.3/../../../../pic32mx/lib\libpic32.a(default-on-bootstrap.o)
 .mdebug.abi32  0xa00049a0        0x0 c:/program files (x86)/microchip/xc32/v1.40/bin/bin/../../lib/gcc/pic32mx/4.8.3/../../../../pic32mx/lib\libpic32.a(default-general-exception-handler.o)
 .mdebug.abi32  0xa00049a0        0x0 c:/program files (x86)/microchip/xc32/v1.40/bin/bin/../../lib/gcc/pic32mx/4.8.3/../../../../pic32mx/lib\libpic32.a(defaultinterrupt.o)

.mdebug.abiN32
 *(.mdebug.abiN32)

.mdebug.abi64
 *(.mdebug.abi64)

.mdebug.abiO64
 *(.mdebug.abiO64)

.mdebug.eabi32
 *(.mdebug.eabi32)

.mdebug.eabi64
 *(.mdebug.eabi64)

.gcc_compiled_long32
 *(.gcc_compiled_long32)

.gcc_compiled_long64
 *(.gcc_compiled_long64)

.stab
 *(.stab)

.stabstr
 *(.stabstr)

.stab.excl
 *(.stab.excl)

.stab.exclstr
 *(.stab.exclstr)

.stab.index
 *(.stab.index)

.stab.indexstr
 *(.stab.indexstr)

.comment        0x00000000       0x3c
 *(.comment)
 .comment       0x00000000       0x3c c:/program files (x86)/microchip/xc32/v1.40/bin/bin/../../lib/gcc/pic32mx/4.8.3/../../../../pic32mx/lib\software-debug-break.o
                                 0x3d (size before relaxing)
 .comment       0x00000000       0x3d build/Catalyst_revA_PIC32MX350f128L/debug/CONFIGURATION.o
 .comment       0x00000000       0x3d build/Catalyst_revA_PIC32MX350f128L/debug/main.o
 .comment       0x00000000       0x3d build/Catalyst_revA_PIC32MX350f128L/debug/SYSTEM.o
 .comment       0x00000000       0x3d build/Catalyst_revA_PIC32MX350f128L/debug/EXCEPTIONS.o
 .comment       0x00000000       0x3d build/Catalyst_revA_PIC32MX350f128L/debug/INTERRUPTS.o
 .comment       0x00000000       0x3d build/Catalyst_revA_PIC32MX350f128L/debug/USER.o
 .comment       0x00000000       0x3d build/Catalyst_revA_PIC32MX350f128L/debug/MISC.o
 .comment       0x00000000       0x3d build/Catalyst_revA_PIC32MX350f128L/debug/DMA.o
 .comment       0x00000000       0x3d build/Catalyst_revA_PIC32MX350f128L/debug/UART.o
 .comment       0x00000000       0x3d build/Catalyst_revA_PIC32MX350f128L/debug/ADC.o
 .comment       0x00000000       0x3d build/Catalyst_revA_PIC32MX350f128L/debug/TIMERS.o
 .comment       0x00000000       0x3d build/Catalyst_revA_PIC32MX350f128L/debug/PWM.o
 .comment       0x00000000       0x3d build/Catalyst_revA_PIC32MX350f128L/debug/FLASH.o
 .comment       0x00000000       0x3d build/Catalyst_revA_PIC32MX350f128L/debug/POWER.o
 .comment       0x00000000       0x3d build/Catalyst_revA_PIC32MX350f128L/debug/SPI.o
 .comment       0x00000000       0x3d build/Catalyst_revA_PIC32MX350f128L/debug/RTCC.o
 .comment       0x00000000       0x3d build/Catalyst_revA_PIC32MX350f128L/debug/I2C.o
 .comment       0x00000000       0x3d build/Catalyst_revA_PIC32MX350f128L/debug/EXPAND_RF.o
 .comment       0x00000000       0x3d build/Catalyst_revA_PIC32MX350f128L/debug/EXPAND_IR.o
 .comment       0x00000000       0x3d build/Catalyst_revA_PIC32MX350f128L/debug/CMD.o
 .comment       0x00000000       0x3d c:/program files (x86)/microchip/xc32/v1.40/bin/bin/../../lib/gcc/pic32mx/4.8.3\libgcc.a(floatunsisf.o)
 .comment       0x00000000       0x3d c:/program files (x86)/microchip/xc32/v1.40/bin/bin/../../lib/gcc/pic32mx/4.8.3/../../../../pic32mx/lib\libpic32.a(default-bootstrap-exception-handler.o)
 .comment       0x00000000       0x3d c:/program files (x86)/microchip/xc32/v1.40/bin/bin/../../lib/gcc/pic32mx/4.8.3/../../../../pic32mx/lib\libpic32.a(default-on-reset.o)
 .comment       0x00000000       0x3d c:/program files (x86)/microchip/xc32/v1.40/bin/bin/../../lib/gcc/pic32mx/4.8.3/../../../../pic32mx/lib\libpic32.a(default-on-bootstrap.o)
 .comment       0x00000000       0x3d c:/program files (x86)/microchip/xc32/v1.40/bin/bin/../../lib/gcc/pic32mx/4.8.3/../../../../pic32mx/lib\libpic32.a(default-general-exception-handler.o)
 .comment       0x00000000       0x3d c:/program files (x86)/microchip/xc32/v1.40/bin/bin/../../lib/gcc/pic32mx/4.8.3/../../../../pic32mx/lib\libpic32.a(defaultinterrupt.o)

.debug
 *(.debug)

.line
 *(.line)

.debug_srcinfo
 *(.debug_srcinfo)

.debug_sfnames
 *(.debug_sfnames)

.debug_aranges  0x00000000      0x358
 *(.debug_aranges)
 .debug_aranges
                0x00000000       0x20 c:/program files (x86)/microchip/xc32/v1.40/bin/bin/../../lib/gcc/pic32mx/4.8.3/../../../../pic32mx/lib\software-debug-break.o
 .debug_aranges
                0x00000020       0x18 build/Catalyst_revA_PIC32MX350f128L/debug/CONFIGURATION.o
 .debug_aranges
                0x00000038       0x20 build/Catalyst_revA_PIC32MX350f128L/debug/main.o
 .debug_aranges
                0x00000058       0x20 build/Catalyst_revA_PIC32MX350f128L/debug/SYSTEM.o
 .debug_aranges
                0x00000078       0x20 build/Catalyst_revA_PIC32MX350f128L/debug/EXCEPTIONS.o
 .debug_aranges
                0x00000098       0x20 build/Catalyst_revA_PIC32MX350f128L/debug/INTERRUPTS.o
 .debug_aranges
                0x000000b8       0x20 build/Catalyst_revA_PIC32MX350f128L/debug/USER.o
 .debug_aranges
                0x000000d8       0x20 build/Catalyst_revA_PIC32MX350f128L/debug/MISC.o
 .debug_aranges
                0x000000f8       0x20 build/Catalyst_revA_PIC32MX350f128L/debug/DMA.o
 .debug_aranges
                0x00000118       0x20 build/Catalyst_revA_PIC32MX350f128L/debug/UART.o
 .debug_aranges
                0x00000138       0x20 build/Catalyst_revA_PIC32MX350f128L/debug/ADC.o
 .debug_aranges
                0x00000158       0x20 build/Catalyst_revA_PIC32MX350f128L/debug/TIMERS.o
 .debug_aranges
                0x00000178       0x20 build/Catalyst_revA_PIC32MX350f128L/debug/PWM.o
 .debug_aranges
                0x00000198       0x20 build/Catalyst_revA_PIC32MX350f128L/debug/FLASH.o
 .debug_aranges
                0x000001b8       0x20 build/Catalyst_revA_PIC32MX350f128L/debug/POWER.o
 .debug_aranges
                0x000001d8       0x20 build/Catalyst_revA_PIC32MX350f128L/debug/SPI.o
 .debug_aranges
                0x000001f8       0x20 build/Catalyst_revA_PIC32MX350f128L/debug/RTCC.o
 .debug_aranges
                0x00000218       0x20 build/Catalyst_revA_PIC32MX350f128L/debug/I2C.o
 .debug_aranges
                0x00000238       0x20 build/Catalyst_revA_PIC32MX350f128L/debug/EXPAND_RF.o
 .debug_aranges
                0x00000258       0x20 build/Catalyst_revA_PIC32MX350f128L/debug/EXPAND_IR.o
 .debug_aranges
                0x00000278       0x20 build/Catalyst_revA_PIC32MX350f128L/debug/CMD.o
 .debug_aranges
                0x00000298       0x20 c:/program files (x86)/microchip/xc32/v1.40/bin/bin/../../lib/gcc/pic32mx/4.8.3\libgcc.a(floatunsisf.o)
 .debug_aranges
                0x000002b8       0x20 c:/program files (x86)/microchip/xc32/v1.40/bin/bin/../../lib/gcc/pic32mx/4.8.3/../../../../pic32mx/lib\libpic32.a(default-bootstrap-exception-handler.o)
 .debug_aranges
                0x000002d8       0x20 c:/program files (x86)/microchip/xc32/v1.40/bin/bin/../../lib/gcc/pic32mx/4.8.3/../../../../pic32mx/lib\libpic32.a(default-on-reset.o)
 .debug_aranges
                0x000002f8       0x20 c:/program files (x86)/microchip/xc32/v1.40/bin/bin/../../lib/gcc/pic32mx/4.8.3/../../../../pic32mx/lib\libpic32.a(default-on-bootstrap.o)
 .debug_aranges
                0x00000318       0x20 c:/program files (x86)/microchip/xc32/v1.40/bin/bin/../../lib/gcc/pic32mx/4.8.3/../../../../pic32mx/lib\libpic32.a(default-general-exception-handler.o)
 .debug_aranges
                0x00000338       0x20 c:/program files (x86)/microchip/xc32/v1.40/bin/bin/../../lib/gcc/pic32mx/4.8.3/../../../../pic32mx/lib\libpic32.a(defaultinterrupt.o)

.debug_pubnames
 *(.debug_pubnames)

.debug_info     0x00000000    0x1bd8e
 *(.debug_info .gnu.linkonce.wi.*)
 .debug_info    0x00000000       0xd3 c:/program files (x86)/microchip/xc32/v1.40/bin/bin/../../lib/gcc/pic32mx/4.8.3/../../../../pic32mx/lib\software-debug-break.o
 .debug_info    0x000000d3      0x14f build/Catalyst_revA_PIC32MX350f128L/debug/CONFIGURATION.o
 .debug_info    0x00000222      0xbf3 build/Catalyst_revA_PIC32MX350f128L/debug/main.o
 .debug_info    0x00000e15      0xde0 build/Catalyst_revA_PIC32MX350f128L/debug/SYSTEM.o
 .debug_info    0x00001bf5      0x6a3 build/Catalyst_revA_PIC32MX350f128L/debug/EXCEPTIONS.o
 .debug_info    0x00002298     0x328b build/Catalyst_revA_PIC32MX350f128L/debug/INTERRUPTS.o
 .debug_info    0x00005523     0x1228 build/Catalyst_revA_PIC32MX350f128L/debug/USER.o
 .debug_info    0x0000674b      0xcf7 build/Catalyst_revA_PIC32MX350f128L/debug/MISC.o
 .debug_info    0x00007442     0x20a0 build/Catalyst_revA_PIC32MX350f128L/debug/DMA.o
 .debug_info    0x000094e2     0x4102 build/Catalyst_revA_PIC32MX350f128L/debug/UART.o
 .debug_info    0x0000d5e4      0xe3f build/Catalyst_revA_PIC32MX350f128L/debug/ADC.o
 .debug_info    0x0000e423     0x1aad build/Catalyst_revA_PIC32MX350f128L/debug/TIMERS.o
 .debug_info    0x0000fed0      0xb35 build/Catalyst_revA_PIC32MX350f128L/debug/PWM.o
 .debug_info    0x00010a05     0x1d1a build/Catalyst_revA_PIC32MX350f128L/debug/FLASH.o
 .debug_info    0x0001271f      0xdad build/Catalyst_revA_PIC32MX350f128L/debug/POWER.o
 .debug_info    0x000134cc     0x17b4 build/Catalyst_revA_PIC32MX350f128L/debug/SPI.o
 .debug_info    0x00014c80     0x1f75 build/Catalyst_revA_PIC32MX350f128L/debug/RTCC.o
 .debug_info    0x00016bf5     0x28f0 build/Catalyst_revA_PIC32MX350f128L/debug/I2C.o
 .debug_info    0x000194e5      0xc74 build/Catalyst_revA_PIC32MX350f128L/debug/EXPAND_RF.o
 .debug_info    0x0001a159      0xf3f build/Catalyst_revA_PIC32MX350f128L/debug/EXPAND_IR.o
 .debug_info    0x0001b098      0x7bc build/Catalyst_revA_PIC32MX350f128L/debug/CMD.o
 .debug_info    0x0001b854      0x11f c:/program files (x86)/microchip/xc32/v1.40/bin/bin/../../lib/gcc/pic32mx/4.8.3\libgcc.a(floatunsisf.o)
 .debug_info    0x0001b973       0xe3 c:/program files (x86)/microchip/xc32/v1.40/bin/bin/../../lib/gcc/pic32mx/4.8.3/../../../../pic32mx/lib\libpic32.a(default-bootstrap-exception-handler.o)
 .debug_info    0x0001ba56       0xbd c:/program files (x86)/microchip/xc32/v1.40/bin/bin/../../lib/gcc/pic32mx/4.8.3/../../../../pic32mx/lib\libpic32.a(default-on-reset.o)
 .debug_info    0x0001bb13       0xc5 c:/program files (x86)/microchip/xc32/v1.40/bin/bin/../../lib/gcc/pic32mx/4.8.3/../../../../pic32mx/lib\libpic32.a(default-on-bootstrap.o)
 .debug_info    0x0001bbd8       0xdf c:/program files (x86)/microchip/xc32/v1.40/bin/bin/../../lib/gcc/pic32mx/4.8.3/../../../../pic32mx/lib\libpic32.a(default-general-exception-handler.o)
 .debug_info    0x0001bcb7       0xd7 c:/program files (x86)/microchip/xc32/v1.40/bin/bin/../../lib/gcc/pic32mx/4.8.3/../../../../pic32mx/lib\libpic32.a(defaultinterrupt.o)

.debug_abbrev   0x00000000     0x2863
 *(.debug_abbrev)
 .debug_abbrev  0x00000000       0x28 c:/program files (x86)/microchip/xc32/v1.40/bin/bin/../../lib/gcc/pic32mx/4.8.3/../../../../pic32mx/lib\software-debug-break.o
 .debug_abbrev  0x00000028       0x1b build/Catalyst_revA_PIC32MX350f128L/debug/CONFIGURATION.o
 .debug_abbrev  0x00000043      0x1d8 build/Catalyst_revA_PIC32MX350f128L/debug/main.o
 .debug_abbrev  0x0000021b      0x258 build/Catalyst_revA_PIC32MX350f128L/debug/SYSTEM.o
 .debug_abbrev  0x00000473      0x14d build/Catalyst_revA_PIC32MX350f128L/debug/EXCEPTIONS.o
 .debug_abbrev  0x000005c0      0x253 build/Catalyst_revA_PIC32MX350f128L/debug/INTERRUPTS.o
 .debug_abbrev  0x00000813      0x1a0 build/Catalyst_revA_PIC32MX350f128L/debug/USER.o
 .debug_abbrev  0x000009b3      0x25a build/Catalyst_revA_PIC32MX350f128L/debug/MISC.o
 .debug_abbrev  0x00000c0d      0x24c build/Catalyst_revA_PIC32MX350f128L/debug/DMA.o
 .debug_abbrev  0x00000e59      0x234 build/Catalyst_revA_PIC32MX350f128L/debug/UART.o
 .debug_abbrev  0x0000108d      0x152 build/Catalyst_revA_PIC32MX350f128L/debug/ADC.o
 .debug_abbrev  0x000011df      0x260 build/Catalyst_revA_PIC32MX350f128L/debug/TIMERS.o
 .debug_abbrev  0x0000143f      0x1b7 build/Catalyst_revA_PIC32MX350f128L/debug/PWM.o
 .debug_abbrev  0x000015f6      0x245 build/Catalyst_revA_PIC32MX350f128L/debug/FLASH.o
 .debug_abbrev  0x0000183b      0x1c8 build/Catalyst_revA_PIC32MX350f128L/debug/POWER.o
 .debug_abbrev  0x00001a03      0x1df build/Catalyst_revA_PIC32MX350f128L/debug/SPI.o
 .debug_abbrev  0x00001be2      0x328 build/Catalyst_revA_PIC32MX350f128L/debug/RTCC.o
 .debug_abbrev  0x00001f0a      0x2be build/Catalyst_revA_PIC32MX350f128L/debug/I2C.o
 .debug_abbrev  0x000021c8      0x1ee build/Catalyst_revA_PIC32MX350f128L/debug/EXPAND_RF.o
 .debug_abbrev  0x000023b6      0x1e8 build/Catalyst_revA_PIC32MX350f128L/debug/EXPAND_IR.o
 .debug_abbrev  0x0000259e      0x19b build/Catalyst_revA_PIC32MX350f128L/debug/CMD.o
 .debug_abbrev  0x00002739       0x62 c:/program files (x86)/microchip/xc32/v1.40/bin/bin/../../lib/gcc/pic32mx/4.8.3\libgcc.a(floatunsisf.o)
 .debug_abbrev  0x0000279b       0x28 c:/program files (x86)/microchip/xc32/v1.40/bin/bin/../../lib/gcc/pic32mx/4.8.3/../../../../pic32mx/lib\libpic32.a(default-bootstrap-exception-handler.o)
 .debug_abbrev  0x000027c3       0x28 c:/program files (x86)/microchip/xc32/v1.40/bin/bin/../../lib/gcc/pic32mx/4.8.3/../../../../pic32mx/lib\libpic32.a(default-on-reset.o)
 .debug_abbrev  0x000027eb       0x28 c:/program files (x86)/microchip/xc32/v1.40/bin/bin/../../lib/gcc/pic32mx/4.8.3/../../../../pic32mx/lib\libpic32.a(default-on-bootstrap.o)
 .debug_abbrev  0x00002813       0x28 c:/program files (x86)/microchip/xc32/v1.40/bin/bin/../../lib/gcc/pic32mx/4.8.3/../../../../pic32mx/lib\libpic32.a(default-general-exception-handler.o)
 .debug_abbrev  0x0000283b       0x28 c:/program files (x86)/microchip/xc32/v1.40/bin/bin/../../lib/gcc/pic32mx/4.8.3/../../../../pic32mx/lib\libpic32.a(defaultinterrupt.o)

.debug_line     0x00000000     0x2e43
 *(.debug_line)
 .debug_line    0x00000000       0x8a c:/program files (x86)/microchip/xc32/v1.40/bin/bin/../../lib/gcc/pic32mx/4.8.3/../../../../pic32mx/lib\software-debug-break.o
 .debug_line    0x0000008a       0x1d build/Catalyst_revA_PIC32MX350f128L/debug/CONFIGURATION.o
 .debug_line    0x000000a7      0x162 build/Catalyst_revA_PIC32MX350f128L/debug/main.o
 .debug_line    0x00000209      0x17e build/Catalyst_revA_PIC32MX350f128L/debug/SYSTEM.o
 .debug_line    0x00000387       0xd0 build/Catalyst_revA_PIC32MX350f128L/debug/EXCEPTIONS.o
 .debug_line    0x00000457      0x3e9 build/Catalyst_revA_PIC32MX350f128L/debug/INTERRUPTS.o
 .debug_line    0x00000840      0x1f4 build/Catalyst_revA_PIC32MX350f128L/debug/USER.o
 .debug_line    0x00000a34      0x263 build/Catalyst_revA_PIC32MX350f128L/debug/MISC.o
 .debug_line    0x00000c97      0x2f1 build/Catalyst_revA_PIC32MX350f128L/debug/DMA.o
 .debug_line    0x00000f88      0x427 build/Catalyst_revA_PIC32MX350f128L/debug/UART.o
 .debug_line    0x000013af      0x117 build/Catalyst_revA_PIC32MX350f128L/debug/ADC.o
 .debug_line    0x000014c6      0x1fd build/Catalyst_revA_PIC32MX350f128L/debug/TIMERS.o
 .debug_line    0x000016c3      0x163 build/Catalyst_revA_PIC32MX350f128L/debug/PWM.o
 .debug_line    0x00001826      0x33f build/Catalyst_revA_PIC32MX350f128L/debug/FLASH.o
 .debug_line    0x00001b65      0x1bd build/Catalyst_revA_PIC32MX350f128L/debug/POWER.o
 .debug_line    0x00001d22      0x17a build/Catalyst_revA_PIC32MX350f128L/debug/SPI.o
 .debug_line    0x00001e9c      0x408 build/Catalyst_revA_PIC32MX350f128L/debug/RTCC.o
 .debug_line    0x000022a4      0x3b7 build/Catalyst_revA_PIC32MX350f128L/debug/I2C.o
 .debug_line    0x0000265b      0x1ee build/Catalyst_revA_PIC32MX350f128L/debug/EXPAND_RF.o
 .debug_line    0x00002849      0x16b build/Catalyst_revA_PIC32MX350f128L/debug/EXPAND_IR.o
 .debug_line    0x000029b4      0x137 build/Catalyst_revA_PIC32MX350f128L/debug/CMD.o
 .debug_line    0x00002aeb       0x8a c:/program files (x86)/microchip/xc32/v1.40/bin/bin/../../lib/gcc/pic32mx/4.8.3\libgcc.a(floatunsisf.o)
 .debug_line    0x00002b75       0x97 c:/program files (x86)/microchip/xc32/v1.40/bin/bin/../../lib/gcc/pic32mx/4.8.3/../../../../pic32mx/lib\libpic32.a(default-bootstrap-exception-handler.o)
 .debug_line    0x00002c0c       0x84 c:/program files (x86)/microchip/xc32/v1.40/bin/bin/../../lib/gcc/pic32mx/4.8.3/../../../../pic32mx/lib\libpic32.a(default-on-reset.o)
 .debug_line    0x00002c90       0x88 c:/program files (x86)/microchip/xc32/v1.40/bin/bin/../../lib/gcc/pic32mx/4.8.3/../../../../pic32mx/lib\libpic32.a(default-on-bootstrap.o)
 .debug_line    0x00002d18       0x95 c:/program files (x86)/microchip/xc32/v1.40/bin/bin/../../lib/gcc/pic32mx/4.8.3/../../../../pic32mx/lib\libpic32.a(default-general-exception-handler.o)
 .debug_line    0x00002dad       0x96 c:/program files (x86)/microchip/xc32/v1.40/bin/bin/../../lib/gcc/pic32mx/4.8.3/../../../../pic32mx/lib\libpic32.a(defaultinterrupt.o)

.debug_frame    0x00000000     0x2e7c
 *(.debug_frame)
 .debug_frame   0x00000000       0x20 c:/program files (x86)/microchip/xc32/v1.40/bin/bin/../../lib/gcc/pic32mx/4.8.3/../../../../pic32mx/lib\software-debug-break.o
 .debug_frame   0x00000020       0x2c build/Catalyst_revA_PIC32MX350f128L/debug/main.o
 .debug_frame   0x0000004c      0x1bc build/Catalyst_revA_PIC32MX350f128L/debug/SYSTEM.o
 .debug_frame   0x00000208       0x70 build/Catalyst_revA_PIC32MX350f128L/debug/EXCEPTIONS.o
 .debug_frame   0x00000278      0x634 build/Catalyst_revA_PIC32MX350f128L/debug/INTERRUPTS.o
 .debug_frame   0x000008ac       0x50 build/Catalyst_revA_PIC32MX350f128L/debug/USER.o
 .debug_frame   0x000008fc      0x2c4 build/Catalyst_revA_PIC32MX350f128L/debug/MISC.o
 .debug_frame   0x00000bc0      0x2c8 build/Catalyst_revA_PIC32MX350f128L/debug/DMA.o
 .debug_frame   0x00000e88      0x98c build/Catalyst_revA_PIC32MX350f128L/debug/UART.o
 .debug_frame   0x00001814       0xcc build/Catalyst_revA_PIC32MX350f128L/debug/ADC.o
 .debug_frame   0x000018e0      0x328 build/Catalyst_revA_PIC32MX350f128L/debug/TIMERS.o
 .debug_frame   0x00001c08      0x104 build/Catalyst_revA_PIC32MX350f128L/debug/PWM.o
 .debug_frame   0x00001d0c      0x324 build/Catalyst_revA_PIC32MX350f128L/debug/FLASH.o
 .debug_frame   0x00002030      0x190 build/Catalyst_revA_PIC32MX350f128L/debug/POWER.o
 .debug_frame   0x000021c0       0xf0 build/Catalyst_revA_PIC32MX350f128L/debug/SPI.o
 .debug_frame   0x000022b0      0x2ac build/Catalyst_revA_PIC32MX350f128L/debug/RTCC.o
 .debug_frame   0x0000255c      0x518 build/Catalyst_revA_PIC32MX350f128L/debug/I2C.o
 .debug_frame   0x00002a74      0x114 build/Catalyst_revA_PIC32MX350f128L/debug/EXPAND_RF.o
 .debug_frame   0x00002b88      0x10c build/Catalyst_revA_PIC32MX350f128L/debug/EXPAND_IR.o
 .debug_frame   0x00002c94      0x108 build/Catalyst_revA_PIC32MX350f128L/debug/CMD.o
 .debug_frame   0x00002d9c       0x28 c:/program files (x86)/microchip/xc32/v1.40/bin/bin/../../lib/gcc/pic32mx/4.8.3\libgcc.a(floatunsisf.o)
 .debug_frame   0x00002dc4       0x2c c:/program files (x86)/microchip/xc32/v1.40/bin/bin/../../lib/gcc/pic32mx/4.8.3/../../../../pic32mx/lib\libpic32.a(default-bootstrap-exception-handler.o)
 .debug_frame   0x00002df0       0x20 c:/program files (x86)/microchip/xc32/v1.40/bin/bin/../../lib/gcc/pic32mx/4.8.3/../../../../pic32mx/lib\libpic32.a(default-on-reset.o)
 .debug_frame   0x00002e10       0x20 c:/program files (x86)/microchip/xc32/v1.40/bin/bin/../../lib/gcc/pic32mx/4.8.3/../../../../pic32mx/lib\libpic32.a(default-on-bootstrap.o)
 .debug_frame   0x00002e30       0x2c c:/program files (x86)/microchip/xc32/v1.40/bin/bin/../../lib/gcc/pic32mx/4.8.3/../../../../pic32mx/lib\libpic32.a(default-general-exception-handler.o)
 .debug_frame   0x00002e5c       0x20 c:/program files (x86)/microchip/xc32/v1.40/bin/bin/../../lib/gcc/pic32mx/4.8.3/../../../../pic32mx/lib\libpic32.a(defaultinterrupt.o)

.debug_str      0x00000000      0x4aa
 *(.debug_str)
 .debug_str     0x00000000        0x0 c:/program files (x86)/microchip/xc32/v1.40/bin/bin/../../lib/gcc/pic32mx/4.8.3/../../../../pic32mx/lib\software-debug-break.o
 .debug_str     0x00000000        0x0 build/Catalyst_revA_PIC32MX350f128L/debug/CONFIGURATION.o
 .debug_str     0x00000000       0x1d build/Catalyst_revA_PIC32MX350f128L/debug/main.o
 .debug_str     0x0000001d        0xc build/Catalyst_revA_PIC32MX350f128L/debug/SYSTEM.o
 .debug_str     0x00000029        0x0 build/Catalyst_revA_PIC32MX350f128L/debug/EXCEPTIONS.o
 .debug_str     0x00000029       0xf9 build/Catalyst_revA_PIC32MX350f128L/debug/INTERRUPTS.o
 .debug_str     0x00000122        0xa build/Catalyst_revA_PIC32MX350f128L/debug/USER.o
 .debug_str     0x0000012c        0xb build/Catalyst_revA_PIC32MX350f128L/debug/MISC.o
 .debug_str     0x00000137       0xfc build/Catalyst_revA_PIC32MX350f128L/debug/DMA.o
 .debug_str     0x00000233       0xef build/Catalyst_revA_PIC32MX350f128L/debug/UART.o
 .debug_str     0x00000322       0x21 build/Catalyst_revA_PIC32MX350f128L/debug/ADC.o
 .debug_str     0x00000343       0x35 build/Catalyst_revA_PIC32MX350f128L/debug/TIMERS.o
 .debug_str     0x00000378        0xe build/Catalyst_revA_PIC32MX350f128L/debug/PWM.o
 .debug_str     0x00000386       0x44 build/Catalyst_revA_PIC32MX350f128L/debug/FLASH.o
 .debug_str     0x000003ca        0x7 build/Catalyst_revA_PIC32MX350f128L/debug/POWER.o
 .debug_str     0x000003d1       0x18 build/Catalyst_revA_PIC32MX350f128L/debug/SPI.o
 .debug_str     0x000003e9        0xa build/Catalyst_revA_PIC32MX350f128L/debug/RTCC.o
 .debug_str     0x000003f3       0x64 build/Catalyst_revA_PIC32MX350f128L/debug/I2C.o
 .debug_str     0x00000457        0x0 build/Catalyst_revA_PIC32MX350f128L/debug/EXPAND_RF.o
 .debug_str     0x00000457       0x1c build/Catalyst_revA_PIC32MX350f128L/debug/EXPAND_IR.o
 .debug_str     0x00000473       0x37 build/Catalyst_revA_PIC32MX350f128L/debug/CMD.o
 .debug_str     0x000004aa        0x0 c:/program files (x86)/microchip/xc32/v1.40/bin/bin/../../lib/gcc/pic32mx/4.8.3\libgcc.a(floatunsisf.o)
 .debug_str     0x000004aa        0x0 c:/program files (x86)/microchip/xc32/v1.40/bin/bin/../../lib/gcc/pic32mx/4.8.3/../../../../pic32mx/lib\libpic32.a(default-bootstrap-exception-handler.o)
 .debug_str     0x000004aa        0x0 c:/program files (x86)/microchip/xc32/v1.40/bin/bin/../../lib/gcc/pic32mx/4.8.3/../../../../pic32mx/lib\libpic32.a(default-on-reset.o)
 .debug_str     0x000004aa        0x0 c:/program files (x86)/microchip/xc32/v1.40/bin/bin/../../lib/gcc/pic32mx/4.8.3/../../../../pic32mx/lib\libpic32.a(default-on-bootstrap.o)
 .debug_str     0x000004aa        0x0 c:/program files (x86)/microchip/xc32/v1.40/bin/bin/../../lib/gcc/pic32mx/4.8.3/../../../../pic32mx/lib\libpic32.a(default-general-exception-handler.o)
 .debug_str     0x000004aa        0x0 c:/program files (x86)/microchip/xc32/v1.40/bin/bin/../../lib/gcc/pic32mx/4.8.3/../../../../pic32mx/lib\libpic32.a(defaultinterrupt.o)

.debug_loc      0x00000000     0xb233
 *(.debug_loc)
 .debug_loc     0x00000000       0xc2 build/Catalyst_revA_PIC32MX350f128L/debug/main.o
 .debug_loc     0x000000c2      0x3a1 build/Catalyst_revA_PIC32MX350f128L/debug/SYSTEM.o
 .debug_loc     0x00000463      0x164 build/Catalyst_revA_PIC32MX350f128L/debug/EXCEPTIONS.o
 .debug_loc     0x000005c7      0x72e build/Catalyst_revA_PIC32MX350f128L/debug/INTERRUPTS.o
 .debug_loc     0x00000cf5       0x70 build/Catalyst_revA_PIC32MX350f128L/debug/USER.o
 .debug_loc     0x00000d65     0x11ad build/Catalyst_revA_PIC32MX350f128L/debug/MISC.o
 .debug_loc     0x00001f12      0xe8d build/Catalyst_revA_PIC32MX350f128L/debug/DMA.o
 .debug_loc     0x00002d9f     0x2148 build/Catalyst_revA_PIC32MX350f128L/debug/UART.o
 .debug_loc     0x00004ee7      0x267 build/Catalyst_revA_PIC32MX350f128L/debug/ADC.o
 .debug_loc     0x0000514e      0xa10 build/Catalyst_revA_PIC32MX350f128L/debug/TIMERS.o
 .debug_loc     0x00005b5e      0x359 build/Catalyst_revA_PIC32MX350f128L/debug/PWM.o
 .debug_loc     0x00005eb7     0x1124 build/Catalyst_revA_PIC32MX350f128L/debug/FLASH.o
 .debug_loc     0x00006fdb      0x4d1 build/Catalyst_revA_PIC32MX350f128L/debug/POWER.o
 .debug_loc     0x000074ac      0x35f build/Catalyst_revA_PIC32MX350f128L/debug/SPI.o
 .debug_loc     0x0000780b     0x10aa build/Catalyst_revA_PIC32MX350f128L/debug/RTCC.o
 .debug_loc     0x000088b5     0x1a50 build/Catalyst_revA_PIC32MX350f128L/debug/I2C.o
 .debug_loc     0x0000a305      0x6bd build/Catalyst_revA_PIC32MX350f128L/debug/EXPAND_RF.o
 .debug_loc     0x0000a9c2      0x30d build/Catalyst_revA_PIC32MX350f128L/debug/EXPAND_IR.o
 .debug_loc     0x0000accf      0x4f0 build/Catalyst_revA_PIC32MX350f128L/debug/CMD.o
 .debug_loc     0x0000b1bf       0x74 c:/program files (x86)/microchip/xc32/v1.40/bin/bin/../../lib/gcc/pic32mx/4.8.3\libgcc.a(floatunsisf.o)

.debug_macinfo
 *(.debug_macinfo)

.debug_weaknames
 *(.debug_weaknames)

.debug_funcnames
 *(.debug_funcnames)

.debug_typenames
 *(.debug_typenames)

.debug_varnames
 *(.debug_varnames)

.debug_pubtypes
 *(.debug_pubtypes)

.debug_ranges   0x00000000       0x60
 *(.debug_ranges)
 .debug_ranges  0x00000000       0x10 c:/program files (x86)/microchip/xc32/v1.40/bin/bin/../../lib/gcc/pic32mx/4.8.3/../../../../pic32mx/lib\software-debug-break.o
 .debug_ranges  0x00000010       0x10 c:/program files (x86)/microchip/xc32/v1.40/bin/bin/../../lib/gcc/pic32mx/4.8.3/../../../../pic32mx/lib\libpic32.a(default-bootstrap-exception-handler.o)
 .debug_ranges  0x00000020       0x10 c:/program files (x86)/microchip/xc32/v1.40/bin/bin/../../lib/gcc/pic32mx/4.8.3/../../../../pic32mx/lib\libpic32.a(default-on-reset.o)
 .debug_ranges  0x00000030       0x10 c:/program files (x86)/microchip/xc32/v1.40/bin/bin/../../lib/gcc/pic32mx/4.8.3/../../../../pic32mx/lib\libpic32.a(default-on-bootstrap.o)
 .debug_ranges  0x00000040       0x10 c:/program files (x86)/microchip/xc32/v1.40/bin/bin/../../lib/gcc/pic32mx/4.8.3/../../../../pic32mx/lib\libpic32.a(default-general-exception-handler.o)
 .debug_ranges  0x00000050       0x10 c:/program files (x86)/microchip/xc32/v1.40/bin/bin/../../lib/gcc/pic32mx/4.8.3/../../../../pic32mx/lib\libpic32.a(defaultinterrupt.o)

.gnu.attributes
                0x00000000       0x10
 *(.gnu.attributes)
 .gnu.attributes
                0x00000000       0x10 c:/program files (x86)/microchip/xc32/v1.40/bin/bin/../../lib/gcc/pic32mx/4.8.3/../../../../pic32mx/lib\software-debug-break.o
 .gnu.attributes
                0x00000010       0x10 build/Catalyst_revA_PIC32MX350f128L/debug/CONFIGURATION.o
 .gnu.attributes
                0x00000020       0x10 build/Catalyst_revA_PIC32MX350f128L/debug/main.o
 .gnu.attributes
                0x00000030       0x10 build/Catalyst_revA_PIC32MX350f128L/debug/SYSTEM.o
 .gnu.attributes
                0x00000040       0x10 build/Catalyst_revA_PIC32MX350f128L/debug/EXCEPTIONS.o
 .gnu.attributes
                0x00000050       0x10 build/Catalyst_revA_PIC32MX350f128L/debug/INTERRUPTS.o
 .gnu.attributes
                0x00000060       0x10 build/Catalyst_revA_PIC32MX350f128L/debug/USER.o
 .gnu.attributes
                0x00000070       0x10 build/Catalyst_revA_PIC32MX350f128L/debug/MISC.o
 .gnu.attributes
                0x00000080       0x10 build/Catalyst_revA_PIC32MX350f128L/debug/DMA.o
 .gnu.attributes
                0x00000090       0x10 build/Catalyst_revA_PIC32MX350f128L/debug/UART.o
 .gnu.attributes
                0x000000a0       0x10 build/Catalyst_revA_PIC32MX350f128L/debug/ADC.o
 .gnu.attributes
                0x000000b0       0x10 build/Catalyst_revA_PIC32MX350f128L/debug/TIMERS.o
 .gnu.attributes
                0x000000c0       0x10 build/Catalyst_revA_PIC32MX350f128L/debug/PWM.o
 .gnu.attributes
                0x000000d0       0x10 build/Catalyst_revA_PIC32MX350f128L/debug/FLASH.o
 .gnu.attributes
                0x000000e0       0x10 build/Catalyst_revA_PIC32MX350f128L/debug/POWER.o
 .gnu.attributes
                0x000000f0       0x10 build/Catalyst_revA_PIC32MX350f128L/debug/SPI.o
 .gnu.attributes
                0x00000100       0x10 build/Catalyst_revA_PIC32MX350f128L/debug/RTCC.o
 .gnu.attributes
                0x00000110       0x10 build/Catalyst_revA_PIC32MX350f128L/debug/I2C.o
 .gnu.attributes
                0x00000120       0x10 build/Catalyst_revA_PIC32MX350f128L/debug/EXPAND_RF.o
 .gnu.attributes
                0x00000130       0x10 build/Catalyst_revA_PIC32MX350f128L/debug/EXPAND_IR.o
 .gnu.attributes
                0x00000140       0x10 build/Catalyst_revA_PIC32MX350f128L/debug/CMD.o
 .gnu.attributes
                0x00000150       0x10 c:/program files (x86)/microchip/xc32/v1.40/bin/bin/../../lib/gcc/pic32mx/4.8.3\libgcc.a(floatunsisf.o)
 .gnu.attributes
                0x00000160       0x10 c:/program files (x86)/microchip/xc32/v1.40/bin/bin/../../lib/gcc/pic32mx/4.8.3/../../../../pic32mx/lib\libpic32.a(default-bootstrap-exception-handler.o)
 .gnu.attributes
                0x00000170       0x10 c:/program files (x86)/microchip/xc32/v1.40/bin/bin/../../lib/gcc/pic32mx/4.8.3/../../../../pic32mx/lib\libpic32.a(default-on-reset.o)
 .gnu.attributes
                0x00000180       0x10 c:/program files (x86)/microchip/xc32/v1.40/bin/bin/../../lib/gcc/pic32mx/4.8.3/../../../../pic32mx/lib\libpic32.a(default-on-bootstrap.o)
 .gnu.attributes
                0x00000190       0x10 c:/program files (x86)/microchip/xc32/v1.40/bin/bin/../../lib/gcc/pic32mx/4.8.3/../../../../pic32mx/lib\libpic32.a(default-general-exception-handler.o)
 .gnu.attributes
                0x000001a0       0x10 c:/program files (x86)/microchip/xc32/v1.40/bin/bin/../../lib/gcc/pic32mx/4.8.3/../../../../pic32mx/lib\libpic32.a(defaultinterrupt.o)
LOAD c:/program files (x86)/microchip/xc32/v1.40/bin/bin/../../lib/gcc/pic32mx/4.8.3\libgcc.a
START GROUP
LOAD c:/program files (x86)/microchip/xc32/v1.40/bin/bin/../../lib/gcc/pic32mx/4.8.3/../../../../pic32mx/lib\libpic32.a
LOAD c:/program files (x86)/microchip/xc32/v1.40/bin/bin/../../lib/gcc/pic32mx/4.8.3/../../../../pic32mx/lib\libdebug.a
LOAD c:/program files (x86)/microchip/xc32/v1.40/bin/bin/../../lib/gcc/pic32mx/4.8.3/../../../../pic32mx/lib\libpic32.a
LOAD c:/program files (x86)/microchip/xc32/v1.40/bin/bin/../../lib/gcc/pic32mx/4.8.3/../../../../pic32mx/lib\libm.a
LOAD c:/program files (x86)/microchip/xc32/v1.40/bin/bin/../../lib/gcc/pic32mx/4.8.3/../../../../pic32mx/lib\libe.a
LOAD c:/program files (x86)/microchip/xc32/v1.40/bin/bin/../../lib/gcc/pic32mx/4.8.3/../../../../pic32mx/lib\libdsp.a
LOAD c:/program files (x86)/microchip/xc32/v1.40/bin/bin/../../lib/gcc/pic32mx/4.8.3\libgcc.a
LOAD c:/program files (x86)/microchip/xc32/v1.40/bin/bin/../../lib/gcc/pic32mx/4.8.3/../../../../pic32mx/lib\libc.a
LOAD c:/program files (x86)/microchip/xc32/v1.40/bin/bin/../../lib/gcc/pic32mx/4.8.3/../../../../pic32mx/lib\libpic32.a
END GROUP
LOAD c:/program files (x86)/microchip/xc32/v1.40/bin/bin/../../lib/gcc/pic32mx/4.8.3\libgcc.a
OUTPUT(dist/Catalyst_revA_PIC32MX350f128L/debug/PIC_Catalyst_RPI_daughter_Speech_Recognition.debug.elf elf32-tradlittlemips)
LOAD stack
LOAD data_init

.reginfo        0x00000000       0x18
 .reginfo       0x00000000       0x18 c:/program files (x86)/microchip/xc32/v1.40/bin/bin/../../lib/gcc/pic32mx/4.8.3/../../../../pic32mx/lib/./proc/32MX350F128L/crt0_mips32r2.o

.stack          0xa0006158      0x400
 .stack         0xa0006158      0x400 stack

.data           0xa00049a0     0x178c
 .data          0xa00049a0     0x1450 build/Catalyst_revA_PIC32MX350f128L/debug/EXPAND_RF.o
                0xa00049a0                LivingroomLight
                0xa0004b30                LivingroomFanOn
                0xa0004cc0                LivingroomFanOff
                0xa0004e50                ChristmasTreeWhiteOn
                0xa0004fe0                ChristmasTreeWhiteOff
                0xa0005170                ChristmasTreeColor
                0xa0005300                BedroomLight
                0xa0005490                BedroomFanOn
                0xa0005620                BedroomFanOff
                0xa00057b0                BedroomBedOn
                0xa0005940                BedroomBedOff
                0xa0005ad0                JoesroomLightOn
                0xa0005c60                JoesroomLightOff
 .data          0xa0005df0      0x33c build/Catalyst_revA_PIC32MX350f128L/debug/CMD.o
                0xa0005df0                COMMANDS

.bss%z1         0x00000000        0x0
 .bss           0x00000000        0x0 c:/program files (x86)/microchip/xc32/v1.40/bin/bin/../../lib/gcc/pic32mx/4.8.3/../../../../pic32mx/lib\libm.a(sitofp.o)

.data%z2        0x00000000        0x0
 .data          0x00000000        0x0 c:/program files (x86)/microchip/xc32/v1.40/bin/bin/../../lib/gcc/pic32mx/4.8.3/../../../../pic32mx/lib\libm.a(sitofp.o)

.bss%z3         0x00000000        0x0
 .bss           0x00000000        0x0 c:/program files (x86)/microchip/xc32/v1.40/bin/bin/../../lib/gcc/pic32mx/4.8.3/../../../../pic32mx/lib\libm.a(fptoul.o)

.data%z4        0x00000000        0x0
 .data          0x00000000        0x0 c:/program files (x86)/microchip/xc32/v1.40/bin/bin/../../lib/gcc/pic32mx/4.8.3/../../../../pic32mx/lib\libm.a(fptoul.o)

.bss%z5         0x00000000        0x0
 .bss           0x00000000        0x0 c:/program files (x86)/microchip/xc32/v1.40/bin/bin/../../lib/gcc/pic32mx/4.8.3/../../../../pic32mx/lib\libm.a(fptoli.o)

.data%z6        0x00000000        0x0
 .data          0x00000000        0x0 c:/program files (x86)/microchip/xc32/v1.40/bin/bin/../../lib/gcc/pic32mx/4.8.3/../../../../pic32mx/lib\libm.a(fptoli.o)

.bss%z7         0x00000000        0x0
 .bss           0x00000000        0x0 c:/program files (x86)/microchip/xc32/v1.40/bin/bin/../../lib/gcc/pic32mx/4.8.3/../../../../pic32mx/lib\libm.a(fpcmp.o)

.data%z8        0x00000000        0x0
 .data          0x00000000        0x0 c:/program files (x86)/microchip/xc32/v1.40/bin/bin/../../lib/gcc/pic32mx/4.8.3/../../../../pic32mx/lib\libm.a(fpcmp.o)

.bss%z9         0x00000000        0x0
 .bss           0x00000000        0x0 c:/program files (x86)/microchip/xc32/v1.40/bin/bin/../../lib/gcc/pic32mx/4.8.3/../../../../pic32mx/lib\libm.a(fp32subadd.o)

.data%z10       0x00000000        0x0
 .data          0x00000000        0x0 c:/program files (x86)/microchip/xc32/v1.40/bin/bin/../../lib/gcc/pic32mx/4.8.3/../../../../pic32mx/lib\libm.a(fp32subadd.o)

.bss%z11        0x00000000        0x0
 .bss           0x00000000        0x0 c:/program files (x86)/microchip/xc32/v1.40/bin/bin/../../lib/gcc/pic32mx/4.8.3/../../../../pic32mx/lib\libm.a(fp32mul.o)

.data%z12       0x00000000        0x0
 .data          0x00000000        0x0 c:/program files (x86)/microchip/xc32/v1.40/bin/bin/../../lib/gcc/pic32mx/4.8.3/../../../../pic32mx/lib\libm.a(fp32mul.o)

.bss%z13        0x00000000        0x0
 .bss           0x00000000        0x0 c:/program files (x86)/microchip/xc32/v1.40/bin/bin/../../lib/gcc/pic32mx/4.8.3/../../../../pic32mx/lib\libm.a(fp32div.o)

.data%z14       0x00000000        0x0
 .data          0x00000000        0x0 c:/program files (x86)/microchip/xc32/v1.40/bin/bin/../../lib/gcc/pic32mx/4.8.3/../../../../pic32mx/lib\libm.a(fp32div.o)

.bss%z15        0x00000000        0x0
 .bss           0x00000000        0x0 c:/program files (x86)/microchip/xc32/v1.40/bin/bin/../../lib/gcc/pic32mx/4.8.3/../../../../pic32mx/lib\libpic32.a(defaultinterrupt.o)

.data%z16       0x00000000        0x0
 .data          0x00000000        0x0 c:/program files (x86)/microchip/xc32/v1.40/bin/bin/../../lib/gcc/pic32mx/4.8.3/../../../../pic32mx/lib\libpic32.a(defaultinterrupt.o)

.bss%z17        0x00000000        0x0
 .bss           0x00000000        0x0 c:/program files (x86)/microchip/xc32/v1.40/bin/bin/../../lib/gcc/pic32mx/4.8.3/../../../../pic32mx/lib\libpic32.a(default-general-exception-handler.o)

.data%z18       0x00000000        0x0
 .data          0x00000000        0x0 c:/program files (x86)/microchip/xc32/v1.40/bin/bin/../../lib/gcc/pic32mx/4.8.3/../../../../pic32mx/lib\libpic32.a(default-general-exception-handler.o)

.bss%z19        0x00000000        0x0
 .bss           0x00000000        0x0 c:/program files (x86)/microchip/xc32/v1.40/bin/bin/../../lib/gcc/pic32mx/4.8.3/../../../../pic32mx/lib\libpic32.a(vector41.o)

.data%z20       0x00000000        0x0
 .data          0x00000000        0x0 c:/program files (x86)/microchip/xc32/v1.40/bin/bin/../../lib/gcc/pic32mx/4.8.3/../../../../pic32mx/lib\libpic32.a(vector41.o)

.bss%z21        0x00000000        0x0
 .bss           0x00000000        0x0 c:/program files (x86)/microchip/xc32/v1.40/bin/bin/../../lib/gcc/pic32mx/4.8.3/../../../../pic32mx/lib\libpic32.a(vector40.o)

.data%z22       0x00000000        0x0
 .data          0x00000000        0x0 c:/program files (x86)/microchip/xc32/v1.40/bin/bin/../../lib/gcc/pic32mx/4.8.3/../../../../pic32mx/lib\libpic32.a(vector40.o)

.bss%z23        0x00000000        0x0
 .bss           0x00000000        0x0 c:/program files (x86)/microchip/xc32/v1.40/bin/bin/../../lib/gcc/pic32mx/4.8.3/../../../../pic32mx/lib\libpic32.a(vector34.o)

.data%z24       0x00000000        0x0
 .data          0x00000000        0x0 c:/program files (x86)/microchip/xc32/v1.40/bin/bin/../../lib/gcc/pic32mx/4.8.3/../../../../pic32mx/lib\libpic32.a(vector34.o)

.bss%z25        0x00000000        0x0
 .bss           0x00000000        0x0 c:/program files (x86)/microchip/xc32/v1.40/bin/bin/../../lib/gcc/pic32mx/4.8.3/../../../../pic32mx/lib\libpic32.a(vector33.o)

.data%z26       0x00000000        0x0
 .data          0x00000000        0x0 c:/program files (x86)/microchip/xc32/v1.40/bin/bin/../../lib/gcc/pic32mx/4.8.3/../../../../pic32mx/lib\libpic32.a(vector33.o)

.bss%z27        0x00000000        0x0
 .bss           0x00000000        0x0 c:/program files (x86)/microchip/xc32/v1.40/bin/bin/../../lib/gcc/pic32mx/4.8.3/../../../../pic32mx/lib\libpic32.a(vector30.o)

.data%z28       0x00000000        0x0
 .data          0x00000000        0x0 c:/program files (x86)/microchip/xc32/v1.40/bin/bin/../../lib/gcc/pic32mx/4.8.3/../../../../pic32mx/lib\libpic32.a(vector30.o)

.bss%z29        0x00000000        0x0
 .bss           0x00000000        0x0 c:/program files (x86)/microchip/xc32/v1.40/bin/bin/../../lib/gcc/pic32mx/4.8.3/../../../../pic32mx/lib\libpic32.a(vector29.o)

.data%z30       0x00000000        0x0
 .data          0x00000000        0x0 c:/program files (x86)/microchip/xc32/v1.40/bin/bin/../../lib/gcc/pic32mx/4.8.3/../../../../pic32mx/lib\libpic32.a(vector29.o)

.bss%z31        0x00000000        0x0
 .bss           0x00000000        0x0 c:/program files (x86)/microchip/xc32/v1.40/bin/bin/../../lib/gcc/pic32mx/4.8.3/../../../../pic32mx/lib\libpic32.a(vector28.o)

.data%z32       0x00000000        0x0
 .data          0x00000000        0x0 c:/program files (x86)/microchip/xc32/v1.40/bin/bin/../../lib/gcc/pic32mx/4.8.3/../../../../pic32mx/lib\libpic32.a(vector28.o)

.bss%z33        0x00000000        0x0
 .bss           0x00000000        0x0 c:/program files (x86)/microchip/xc32/v1.40/bin/bin/../../lib/gcc/pic32mx/4.8.3/../../../../pic32mx/lib\libpic32.a(vector27.o)

.data%z34       0x00000000        0x0
 .data          0x00000000        0x0 c:/program files (x86)/microchip/xc32/v1.40/bin/bin/../../lib/gcc/pic32mx/4.8.3/../../../../pic32mx/lib\libpic32.a(vector27.o)

.bss%z35        0x00000000        0x0
 .bss           0x00000000        0x0 c:/program files (x86)/microchip/xc32/v1.40/bin/bin/../../lib/gcc/pic32mx/4.8.3/../../../../pic32mx/lib\libpic32.a(vector26.o)

.data%z36       0x00000000        0x0
 .data          0x00000000        0x0 c:/program files (x86)/microchip/xc32/v1.40/bin/bin/../../lib/gcc/pic32mx/4.8.3/../../../../pic32mx/lib\libpic32.a(vector26.o)

.bss%z37        0x00000000        0x0
 .bss           0x00000000        0x0 c:/program files (x86)/microchip/xc32/v1.40/bin/bin/../../lib/gcc/pic32mx/4.8.3/../../../../pic32mx/lib\libpic32.a(vector24.o)

.data%z38       0x00000000        0x0
 .data          0x00000000        0x0 c:/program files (x86)/microchip/xc32/v1.40/bin/bin/../../lib/gcc/pic32mx/4.8.3/../../../../pic32mx/lib\libpic32.a(vector24.o)

.bss%z39        0x00000000        0x0
 .bss           0x00000000        0x0 c:/program files (x86)/microchip/xc32/v1.40/bin/bin/../../lib/gcc/pic32mx/4.8.3/../../../../pic32mx/lib\libpic32.a(vector22.o)

.data%z40       0x00000000        0x0
 .data          0x00000000        0x0 c:/program files (x86)/microchip/xc32/v1.40/bin/bin/../../lib/gcc/pic32mx/4.8.3/../../../../pic32mx/lib\libpic32.a(vector22.o)

.bss%z41        0x00000000        0x0
 .bss           0x00000000        0x0 c:/program files (x86)/microchip/xc32/v1.40/bin/bin/../../lib/gcc/pic32mx/4.8.3/../../../../pic32mx/lib\libpic32.a(vector21.o)

.data%z42       0x00000000        0x0
 .data          0x00000000        0x0 c:/program files (x86)/microchip/xc32/v1.40/bin/bin/../../lib/gcc/pic32mx/4.8.3/../../../../pic32mx/lib\libpic32.a(vector21.o)

.bss%z43        0x00000000        0x0
 .bss           0x00000000        0x0 c:/program files (x86)/microchip/xc32/v1.40/bin/bin/../../lib/gcc/pic32mx/4.8.3/../../../../pic32mx/lib\libpic32.a(vector19.o)

.data%z44       0x00000000        0x0
 .data          0x00000000        0x0 c:/program files (x86)/microchip/xc32/v1.40/bin/bin/../../lib/gcc/pic32mx/4.8.3/../../../../pic32mx/lib\libpic32.a(vector19.o)

.bss%z45        0x00000000        0x0
 .bss           0x00000000        0x0 c:/program files (x86)/microchip/xc32/v1.40/bin/bin/../../lib/gcc/pic32mx/4.8.3/../../../../pic32mx/lib\libpic32.a(vector18.o)

.data%z46       0x00000000        0x0
 .data          0x00000000        0x0 c:/program files (x86)/microchip/xc32/v1.40/bin/bin/../../lib/gcc/pic32mx/4.8.3/../../../../pic32mx/lib\libpic32.a(vector18.o)

.bss%z47        0x00000000        0x0
 .bss           0x00000000        0x0 c:/program files (x86)/microchip/xc32/v1.40/bin/bin/../../lib/gcc/pic32mx/4.8.3/../../../../pic32mx/lib\libpic32.a(vector17.o)

.data%z48       0x00000000        0x0
 .data          0x00000000        0x0 c:/program files (x86)/microchip/xc32/v1.40/bin/bin/../../lib/gcc/pic32mx/4.8.3/../../../../pic32mx/lib\libpic32.a(vector17.o)

.bss%z49        0x00000000        0x0
 .bss           0x00000000        0x0 c:/program files (x86)/microchip/xc32/v1.40/bin/bin/../../lib/gcc/pic32mx/4.8.3/../../../../pic32mx/lib\libpic32.a(vector14.o)

.data%z50       0x00000000        0x0
 .data          0x00000000        0x0 c:/program files (x86)/microchip/xc32/v1.40/bin/bin/../../lib/gcc/pic32mx/4.8.3/../../../../pic32mx/lib\libpic32.a(vector14.o)

.bss%z51        0x00000000        0x0
 .bss           0x00000000        0x0 c:/program files (x86)/microchip/xc32/v1.40/bin/bin/../../lib/gcc/pic32mx/4.8.3/../../../../pic32mx/lib\libpic32.a(vector13.o)

.data%z52       0x00000000        0x0
 .data          0x00000000        0x0 c:/program files (x86)/microchip/xc32/v1.40/bin/bin/../../lib/gcc/pic32mx/4.8.3/../../../../pic32mx/lib\libpic32.a(vector13.o)

.bss%z53        0x00000000        0x0
 .bss           0x00000000        0x0 c:/program files (x86)/microchip/xc32/v1.40/bin/bin/../../lib/gcc/pic32mx/4.8.3/../../../../pic32mx/lib\libpic32.a(vector10.o)

.data%z54       0x00000000        0x0
 .data          0x00000000        0x0 c:/program files (x86)/microchip/xc32/v1.40/bin/bin/../../lib/gcc/pic32mx/4.8.3/../../../../pic32mx/lib\libpic32.a(vector10.o)

.bss%z55        0x00000000        0x0
 .bss           0x00000000        0x0 c:/program files (x86)/microchip/xc32/v1.40/bin/bin/../../lib/gcc/pic32mx/4.8.3/../../../../pic32mx/lib\libpic32.a(vector9.o)

.data%z56       0x00000000        0x0
 .data          0x00000000        0x0 c:/program files (x86)/microchip/xc32/v1.40/bin/bin/../../lib/gcc/pic32mx/4.8.3/../../../../pic32mx/lib\libpic32.a(vector9.o)

.bss%z57        0x00000000        0x0
 .bss           0x00000000        0x0 c:/program files (x86)/microchip/xc32/v1.40/bin/bin/../../lib/gcc/pic32mx/4.8.3/../../../../pic32mx/lib\libpic32.a(vector6.o)

.data%z58       0x00000000        0x0
 .data          0x00000000        0x0 c:/program files (x86)/microchip/xc32/v1.40/bin/bin/../../lib/gcc/pic32mx/4.8.3/../../../../pic32mx/lib\libpic32.a(vector6.o)

.bss%z59        0x00000000        0x0
 .bss           0x00000000        0x0 c:/program files (x86)/microchip/xc32/v1.40/bin/bin/../../lib/gcc/pic32mx/4.8.3/../../../../pic32mx/lib\libpic32.a(vector5.o)

.data%z60       0x00000000        0x0
 .data          0x00000000        0x0 c:/program files (x86)/microchip/xc32/v1.40/bin/bin/../../lib/gcc/pic32mx/4.8.3/../../../../pic32mx/lib\libpic32.a(vector5.o)

.bss%z61        0x00000000        0x0
 .bss           0x00000000        0x0 c:/program files (x86)/microchip/xc32/v1.40/bin/bin/../../lib/gcc/pic32mx/4.8.3/../../../../pic32mx/lib\libpic32.a(vector2.o)

.data%z62       0x00000000        0x0
 .data          0x00000000        0x0 c:/program files (x86)/microchip/xc32/v1.40/bin/bin/../../lib/gcc/pic32mx/4.8.3/../../../../pic32mx/lib\libpic32.a(vector2.o)

.bss%z63        0x00000000        0x0
 .bss           0x00000000        0x0 c:/program files (x86)/microchip/xc32/v1.40/bin/bin/../../lib/gcc/pic32mx/4.8.3/../../../../pic32mx/lib\libpic32.a(vector1.o)

.data%z64       0x00000000        0x0
 .data          0x00000000        0x0 c:/program files (x86)/microchip/xc32/v1.40/bin/bin/../../lib/gcc/pic32mx/4.8.3/../../../../pic32mx/lib\libpic32.a(vector1.o)

.bss%z65        0x00000000        0x0
 .bss           0x00000000        0x0 c:/program files (x86)/microchip/xc32/v1.40/bin/bin/../../lib/gcc/pic32mx/4.8.3/../../../../pic32mx/lib\libpic32.a(vector0.o)

.data%z66       0x00000000        0x0
 .data          0x00000000        0x0 c:/program files (x86)/microchip/xc32/v1.40/bin/bin/../../lib/gcc/pic32mx/4.8.3/../../../../pic32mx/lib\libpic32.a(vector0.o)

.bss%z67        0x00000000        0x0
 .bss           0x00000000        0x0 c:/program files (x86)/microchip/xc32/v1.40/bin/bin/../../lib/gcc/pic32mx/4.8.3/../../../../pic32mx/lib\libpic32.a(general-exception.o)

.data%z68       0x00000000        0x0
 .data          0x00000000        0x0 c:/program files (x86)/microchip/xc32/v1.40/bin/bin/../../lib/gcc/pic32mx/4.8.3/../../../../pic32mx/lib\libpic32.a(general-exception.o)

.bss%z69        0x00000000        0x0
 .bss           0x00000000        0x0 c:/program files (x86)/microchip/xc32/v1.40/bin/bin/../../lib/gcc/pic32mx/4.8.3/../../../../pic32mx/lib\libpic32.a(default-nmi-handler.o)

.data%z70       0x00000000        0x0
 .data          0x00000000        0x0 c:/program files (x86)/microchip/xc32/v1.40/bin/bin/../../lib/gcc/pic32mx/4.8.3/../../../../pic32mx/lib\libpic32.a(default-nmi-handler.o)

.bss%z71        0x00000000        0x0
 .bss           0x00000000        0x0 c:/program files (x86)/microchip/xc32/v1.40/bin/bin/../../lib/gcc/pic32mx/4.8.3/../../../../pic32mx/lib\libpic32.a(default-on-bootstrap.o)

.data%z72       0x00000000        0x0
 .data          0x00000000        0x0 c:/program files (x86)/microchip/xc32/v1.40/bin/bin/../../lib/gcc/pic32mx/4.8.3/../../../../pic32mx/lib\libpic32.a(default-on-bootstrap.o)

.bss%z73        0x00000000        0x0
 .bss           0x00000000        0x0 c:/program files (x86)/microchip/xc32/v1.40/bin/bin/../../lib/gcc/pic32mx/4.8.3/../../../../pic32mx/lib\libpic32.a(default-on-reset.o)

.data%z74       0x00000000        0x0
 .data          0x00000000        0x0 c:/program files (x86)/microchip/xc32/v1.40/bin/bin/../../lib/gcc/pic32mx/4.8.3/../../../../pic32mx/lib\libpic32.a(default-on-reset.o)

.bss%z75        0x00000000        0x0
 .bss           0x00000000        0x0 c:/program files (x86)/microchip/xc32/v1.40/bin/bin/../../lib/gcc/pic32mx/4.8.3/../../../../pic32mx/lib\libpic32.a(default-bootstrap-exception-handler.o)

.data%z76       0x00000000        0x0